[2021-04-17T15:35:40.555-0900][gc] Using G1
[2021-04-17T15:35:40.560-0900][gc,init] Version: 15.0.2+7-27 (release)
[2021-04-17T15:35:40.560-0900][gc,init] CPUs: 8 total, 8 available
[2021-04-17T15:35:40.560-0900][gc,init] Memory: 8192M
[2021-04-17T15:35:40.560-0900][gc,init] Large Page Support: Disabled
[2021-04-17T15:35:40.560-0900][gc,init] NUMA Support: Disabled
[2021-04-17T15:35:40.560-0900][gc,init] Compressed Oops: Enabled (Zero based)
[2021-04-17T15:35:40.560-0900][gc,init] Heap Region Size: 1M
[2021-04-17T15:35:40.560-0900][gc,init] Heap Min Capacity: 1G
[2021-04-17T15:35:40.560-0900][gc,init] Heap Initial Capacity: 1G
[2021-04-17T15:35:40.560-0900][gc,init] Heap Max Capacity: 1G
[2021-04-17T15:35:40.560-0900][gc,init] Pre-touch: Disabled
[2021-04-17T15:35:40.560-0900][gc,init] Parallel Workers: 8
[2021-04-17T15:35:40.560-0900][gc,init] Concurrent Workers: 2
[2021-04-17T15:35:40.560-0900][gc,init] Concurrent Refinement Workers: 8
[2021-04-17T15:35:40.560-0900][gc,init] Periodic GC: Disabled
[2021-04-17T15:35:40.560-0900][gc,cds ] Mark closed archive regions in map: [0x00000007fff00000, 0x00000007fff78ff8]
[2021-04-17T15:35:40.560-0900][gc,cds ] Mark open archive regions in map: [0x00000007ffe00000, 0x00000007ffe50ff8]
[2021-04-17T15:35:40.560-0900][gc,metaspace] CDS archive(s) mapped at: [0x0000000800000000-0x0000000800b2d000-0x0000000800b2d000), size 11718656, SharedBaseAddress: 0x0000000800000000, ArchiveRelocationMode: 0.
[2021-04-17T15:35:40.560-0900][gc,metaspace] Compressed class space mapped at: 0x0000000800b30000-0x0000000840b30000, size: 1073741824
[2021-04-17T15:35:40.560-0900][gc,metaspace] Narrow klass base: 0x0000000800000000, Narrow klass shift: 3, Narrow klass range: 0x100000000
[2021-04-17T15:35:42.601-0900][gc,start    ] GC(0) Pause Young (Normal) (G1 Evacuation Pause)
[2021-04-17T15:35:42.601-0900][gc,task     ] GC(0) Using 8 workers of 8 for evacuation
[2021-04-17T15:35:42.612-0900][gc,phases   ] GC(0)   Pre Evacuate Collection Set: 0.1ms
[2021-04-17T15:35:42.612-0900][gc,phases   ] GC(0)   Merge Heap Roots: 0.0ms
[2021-04-17T15:35:42.612-0900][gc,phases   ] GC(0)   Evacuate Collection Set: 9.8ms
[2021-04-17T15:35:42.612-0900][gc,phases   ] GC(0)   Post Evacuate Collection Set: 0.3ms
[2021-04-17T15:35:42.612-0900][gc,phases   ] GC(0)   Other: 0.6ms
[2021-04-17T15:35:42.612-0900][gc,heap     ] GC(0) Eden regions: 51->0(44)
[2021-04-17T15:35:42.612-0900][gc,heap     ] GC(0) Survivor regions: 0->7(7)
[2021-04-17T15:35:42.612-0900][gc,heap     ] GC(0) Old regions: 0->0
[2021-04-17T15:35:42.612-0900][gc,heap     ] GC(0) Archive regions: 2->2
[2021-04-17T15:35:42.612-0900][gc,heap     ] GC(0) Humongous regions: 0->0
[2021-04-17T15:35:42.612-0900][gc,metaspace] GC(0) Metaspace: 19593K(20352K)->19593K(20352K) NonClass: 17026K(17664K)->17026K(17664K) Class: 2567K(2688K)->2567K(2688K)
[2021-04-17T15:35:42.612-0900][gc          ] GC(0) Pause Young (Normal) (G1 Evacuation Pause) 51M->7M(1024M) 11.033ms
[2021-04-17T15:35:42.612-0900][gc,cpu      ] GC(0) User=0.02s Sys=0.01s Real=0.01s
[2021-04-17T15:35:42.708-0900][gc,start    ] GC(1) Pause Young (Concurrent Start) (Metadata GC Threshold)
[2021-04-17T15:35:42.708-0900][gc,task     ] GC(1) Using 8 workers of 8 for evacuation
[2021-04-17T15:35:42.719-0900][gc,phases   ] GC(1)   Pre Evacuate Collection Set: 0.1ms
[2021-04-17T15:35:42.719-0900][gc,phases   ] GC(1)   Merge Heap Roots: 0.0ms
[2021-04-17T15:35:42.719-0900][gc,phases   ] GC(1)   Evacuate Collection Set: 10.1ms
[2021-04-17T15:35:42.719-0900][gc,phases   ] GC(1)   Post Evacuate Collection Set: 0.2ms
[2021-04-17T15:35:42.719-0900][gc,phases   ] GC(1)   Other: 0.4ms
[2021-04-17T15:35:42.719-0900][gc,heap     ] GC(1) Eden regions: 5->0(50)
[2021-04-17T15:35:42.719-0900][gc,heap     ] GC(1) Survivor regions: 7->1(7)
[2021-04-17T15:35:42.719-0900][gc,heap     ] GC(1) Old regions: 0->7
[2021-04-17T15:35:42.719-0900][gc,heap     ] GC(1) Archive regions: 2->2
[2021-04-17T15:35:42.719-0900][gc,heap     ] GC(1) Humongous regions: 0->0
[2021-04-17T15:35:42.719-0900][gc,metaspace] GC(1) Metaspace: 20766K(21248K)->20766K(21248K) NonClass: 18040K(18432K)->18040K(18432K) Class: 2726K(2816K)->2726K(2816K)
[2021-04-17T15:35:42.719-0900][gc          ] GC(1) Pause Young (Concurrent Start) (Metadata GC Threshold) 12M->8M(1024M) 10.910ms
[2021-04-17T15:35:42.719-0900][gc,cpu      ] GC(1) User=0.02s Sys=0.01s Real=0.01s
[2021-04-17T15:35:42.719-0900][gc          ] GC(2) Concurrent Cycle
[2021-04-17T15:35:42.720-0900][gc,marking  ] GC(2) Concurrent Clear Claimed Marks
[2021-04-17T15:35:42.720-0900][gc,marking  ] GC(2) Concurrent Clear Claimed Marks 0.265ms
[2021-04-17T15:35:42.720-0900][gc,marking  ] GC(2) Concurrent Scan Root Regions
[2021-04-17T15:35:42.722-0900][gc,marking  ] GC(2) Concurrent Scan Root Regions 2.510ms
[2021-04-17T15:35:42.722-0900][gc,marking  ] GC(2) Concurrent Mark (2.177s)
[2021-04-17T15:35:42.722-0900][gc,marking  ] GC(2) Concurrent Mark From Roots
[2021-04-17T15:35:42.722-0900][gc,task     ] GC(2) Using 2 workers of 2 for marking
[2021-04-17T15:35:42.723-0900][gc,marking  ] GC(2) Concurrent Mark From Roots 0.627ms
[2021-04-17T15:35:42.723-0900][gc,marking  ] GC(2) Concurrent Preclean
[2021-04-17T15:35:42.723-0900][gc,marking  ] GC(2) Concurrent Preclean 0.026ms
[2021-04-17T15:35:42.723-0900][gc,marking  ] GC(2) Concurrent Mark (2.177s, 2.178s) 0.680ms
[2021-04-17T15:35:42.723-0900][gc,start    ] GC(2) Pause Remark
[2021-04-17T15:35:42.728-0900][gc          ] GC(2) Pause Remark 8M->8M(1024M) 5.055ms
[2021-04-17T15:35:42.728-0900][gc,cpu      ] GC(2) User=0.00s Sys=0.00s Real=0.00s
[2021-04-17T15:35:42.729-0900][gc,marking  ] GC(2) Concurrent Rebuild Remembered Sets
[2021-04-17T15:35:42.731-0900][gc,marking  ] GC(2) Concurrent Rebuild Remembered Sets 1.493ms
[2021-04-17T15:35:42.734-0900][gc,start    ] GC(2) Pause Cleanup
[2021-04-17T15:35:42.734-0900][gc          ] GC(2) Pause Cleanup 8M->8M(1024M) 0.103ms
[2021-04-17T15:35:42.734-0900][gc,cpu      ] GC(2) User=0.00s Sys=0.00s Real=0.00s
[2021-04-17T15:35:42.734-0900][gc,marking  ] GC(2) Concurrent Cleanup for Next Mark
[2021-04-17T15:35:42.740-0900][gc,marking  ] GC(2) Concurrent Cleanup for Next Mark 5.713ms
[2021-04-17T15:35:42.740-0900][gc          ] GC(2) Concurrent Cycle 20.560ms
[2021-04-17T15:35:44.098-0900][gc,start    ] GC(3) Pause Young (Normal) (G1 Evacuation Pause)
[2021-04-17T15:35:44.098-0900][gc,task     ] GC(3) Using 8 workers of 8 for evacuation
[2021-04-17T15:35:44.101-0900][gc,phases   ] GC(3)   Pre Evacuate Collection Set: 0.2ms
[2021-04-17T15:35:44.101-0900][gc,phases   ] GC(3)   Merge Heap Roots: 0.1ms
[2021-04-17T15:35:44.101-0900][gc,phases   ] GC(3)   Evacuate Collection Set: 2.4ms
[2021-04-17T15:35:44.101-0900][gc,phases   ] GC(3)   Post Evacuate Collection Set: 0.4ms
[2021-04-17T15:35:44.101-0900][gc,phases   ] GC(3)   Other: 0.1ms
[2021-04-17T15:35:44.101-0900][gc,heap     ] GC(3) Eden regions: 50->0(46)
[2021-04-17T15:35:44.101-0900][gc,heap     ] GC(3) Survivor regions: 1->5(7)
[2021-04-17T15:35:44.101-0900][gc,heap     ] GC(3) Old regions: 7->7
[2021-04-17T15:35:44.101-0900][gc,heap     ] GC(3) Archive regions: 2->2
[2021-04-17T15:35:44.101-0900][gc,heap     ] GC(3) Humongous regions: 129->129
[2021-04-17T15:35:44.101-0900][gc,metaspace] GC(3) Metaspace: 32702K(33408K)->32702K(33408K) NonClass: 28863K(29440K)->28863K(29440K) Class: 3838K(3968K)->3838K(3968K)
[2021-04-17T15:35:44.101-0900][gc          ] GC(3) Pause Young (Normal) (G1 Evacuation Pause) 187M->141M(1024M) 3.166ms
[2021-04-17T15:35:44.101-0900][gc,cpu      ] GC(3) User=0.01s Sys=0.01s Real=0.01s
[2021-04-17T15:37:16.776-0900][gc,start    ] GC(4) Pause Young (Concurrent Start) (Metadata GC Threshold)
[2021-04-17T15:37:16.777-0900][gc,task     ] GC(4) Using 8 workers of 8 for evacuation
[2021-04-17T15:37:16.780-0900][gc,phases   ] GC(4)   Pre Evacuate Collection Set: 0.2ms
[2021-04-17T15:37:16.780-0900][gc,phases   ] GC(4)   Merge Heap Roots: 0.0ms
[2021-04-17T15:37:16.780-0900][gc,phases   ] GC(4)   Evacuate Collection Set: 3.3ms
[2021-04-17T15:37:16.780-0900][gc,phases   ] GC(4)   Post Evacuate Collection Set: 0.2ms
[2021-04-17T15:37:16.780-0900][gc,phases   ] GC(4)   Other: 1.0ms
[2021-04-17T15:37:16.781-0900][gc,heap     ] GC(4) Eden regions: 13->0(50)
[2021-04-17T15:37:16.781-0900][gc,heap     ] GC(4) Survivor regions: 5->1(7)
[2021-04-17T15:37:16.781-0900][gc,heap     ] GC(4) Old regions: 7->12
[2021-04-17T15:37:16.781-0900][gc,heap     ] GC(4) Archive regions: 2->2
[2021-04-17T15:37:16.781-0900][gc,heap     ] GC(4) Humongous regions: 129->129
[2021-04-17T15:37:16.781-0900][gc,metaspace] GC(4) Metaspace: 35047K(35840K)->35047K(35840K) NonClass: 30874K(31488K)->30874K(31488K) Class: 4172K(4352K)->4172K(4352K)
[2021-04-17T15:37:16.781-0900][gc          ] GC(4) Pause Young (Concurrent Start) (Metadata GC Threshold) 153M->142M(1024M) 4.800ms
[2021-04-17T15:37:16.781-0900][gc,cpu      ] GC(4) User=0.02s Sys=0.00s Real=0.01s
[2021-04-17T15:37:16.781-0900][gc          ] GC(5) Concurrent Cycle
[2021-04-17T15:37:16.781-0900][gc,marking  ] GC(5) Concurrent Clear Claimed Marks
[2021-04-17T15:37:16.781-0900][gc,marking  ] GC(5) Concurrent Clear Claimed Marks 0.018ms
[2021-04-17T15:37:16.781-0900][gc,marking  ] GC(5) Concurrent Scan Root Regions
[2021-04-17T15:37:16.782-0900][gc,marking  ] GC(5) Concurrent Scan Root Regions 1.854ms
[2021-04-17T15:37:16.782-0900][gc,marking  ] GC(5) Concurrent Mark (96.240s)
[2021-04-17T15:37:16.783-0900][gc,marking  ] GC(5) Concurrent Mark From Roots
[2021-04-17T15:37:16.783-0900][gc,task     ] GC(5) Using 2 workers of 2 for marking
[2021-04-17T15:37:16.786-0900][gc,marking  ] GC(5) Concurrent Mark From Roots 3.374ms
[2021-04-17T15:37:16.786-0900][gc,marking  ] GC(5) Concurrent Preclean
[2021-04-17T15:37:16.786-0900][gc,marking  ] GC(5) Concurrent Preclean 0.048ms
[2021-04-17T15:37:16.786-0900][gc,marking  ] GC(5) Concurrent Mark (96.240s, 96.244s) 3.468ms
[2021-04-17T15:37:16.786-0900][gc,start    ] GC(5) Pause Remark
[2021-04-17T15:37:16.798-0900][gc          ] GC(5) Pause Remark 142M->142M(1024M) 11.694ms
[2021-04-17T15:37:16.798-0900][gc,cpu      ] GC(5) User=0.01s Sys=0.01s Real=0.01s
[2021-04-17T15:37:16.798-0900][gc,marking  ] GC(5) Concurrent Rebuild Remembered Sets
[2021-04-17T15:37:16.802-0900][gc,marking  ] GC(5) Concurrent Rebuild Remembered Sets 3.277ms
[2021-04-17T15:37:16.802-0900][gc,start    ] GC(5) Pause Cleanup
[2021-04-17T15:37:16.802-0900][gc          ] GC(5) Pause Cleanup 142M->142M(1024M) 0.078ms
[2021-04-17T15:37:16.802-0900][gc,cpu      ] GC(5) User=0.00s Sys=0.00s Real=0.00s
[2021-04-17T15:37:16.802-0900][gc,marking  ] GC(5) Concurrent Cleanup for Next Mark
[2021-04-17T15:37:16.808-0900][gc,marking  ] GC(5) Concurrent Cleanup for Next Mark 6.208ms
[2021-04-17T15:37:16.808-0900][gc          ] GC(5) Concurrent Cycle 27.846ms
[2021-04-17T15:37:27.862-0900][gc,start    ] GC(6) Pause Young (Normal) (G1 Evacuation Pause)
[2021-04-17T15:37:27.863-0900][gc,task     ] GC(6) Using 8 workers of 8 for evacuation
[2021-04-17T15:37:27.879-0900][gc,phases   ] GC(6)   Pre Evacuate Collection Set: 0.2ms
[2021-04-17T15:37:27.879-0900][gc,phases   ] GC(6)   Merge Heap Roots: 0.1ms
[2021-04-17T15:37:27.879-0900][gc,phases   ] GC(6)   Evacuate Collection Set: 14.2ms
[2021-04-17T15:37:27.879-0900][gc,phases   ] GC(6)   Post Evacuate Collection Set: 1.5ms
[2021-04-17T15:37:27.879-0900][gc,phases   ] GC(6)   Other: 0.6ms
[2021-04-17T15:37:27.879-0900][gc,heap     ] GC(6) Eden regions: 50->0(47)
[2021-04-17T15:37:27.879-0900][gc,heap     ] GC(6) Survivor regions: 1->4(7)
[2021-04-17T15:37:27.879-0900][gc,heap     ] GC(6) Old regions: 12->12
[2021-04-17T15:37:27.879-0900][gc,heap     ] GC(6) Archive regions: 2->2
[2021-04-17T15:37:27.879-0900][gc,heap     ] GC(6) Humongous regions: 129->129
[2021-04-17T15:37:27.879-0900][gc,metaspace] GC(6) Metaspace: 39907K(40704K)->39907K(40704K) NonClass: 35081K(35584K)->35081K(35584K) Class: 4826K(5120K)->4826K(5120K)
[2021-04-17T15:37:27.879-0900][gc          ] GC(6) Pause Young (Normal) (G1 Evacuation Pause) 192M->145M(1024M) 17.084ms
[2021-04-17T15:37:27.879-0900][gc,cpu      ] GC(6) User=0.04s Sys=0.00s Real=0.01s
[2021-04-17T15:40:57.832-0900][gc,start    ] GC(7) Pause Young (Normal) (G1 Evacuation Pause)
[2021-04-17T15:40:57.833-0900][gc,task     ] GC(7) Using 8 workers of 8 for evacuation
[2021-04-17T15:40:57.857-0900][gc,mmu      ] GC(7) MMU target violated: 21.0ms (20.0ms/21.0ms)
[2021-04-17T15:40:57.857-0900][gc,phases   ] GC(7)   Pre Evacuate Collection Set: 0.9ms
[2021-04-17T15:40:57.857-0900][gc,phases   ] GC(7)   Merge Heap Roots: 0.1ms
[2021-04-17T15:40:57.858-0900][gc,phases   ] GC(7)   Evacuate Collection Set: 22.4ms
[2021-04-17T15:40:57.858-0900][gc,phases   ] GC(7)   Post Evacuate Collection Set: 0.9ms
[2021-04-17T15:40:57.858-0900][gc,phases   ] GC(7)   Other: 1.0ms
[2021-04-17T15:40:57.858-0900][gc,heap     ] GC(7) Eden regions: 47->0(45)
[2021-04-17T15:40:57.858-0900][gc,heap     ] GC(7) Survivor regions: 4->6(7)
[2021-04-17T15:40:57.858-0900][gc,heap     ] GC(7) Old regions: 12->13
[2021-04-17T15:40:57.858-0900][gc,heap     ] GC(7) Archive regions: 2->2
[2021-04-17T15:40:57.858-0900][gc,heap     ] GC(7) Humongous regions: 129->129
[2021-04-17T15:40:57.858-0900][gc,metaspace] GC(7) Metaspace: 40759K(41728K)->40759K(41728K) NonClass: 35903K(36608K)->35903K(36608K) Class: 4856K(5120K)->4856K(5120K)
[2021-04-17T15:40:57.858-0900][gc          ] GC(7) Pause Young (Normal) (G1 Evacuation Pause) 192M->147M(1024M) 25.512ms
[2021-04-17T15:40:57.858-0900][gc,cpu      ] GC(7) User=0.05s Sys=0.03s Real=0.02s
[2021-04-17T15:44:38.987-0900][gc,start    ] GC(8) Pause Young (Normal) (G1 Evacuation Pause)
[2021-04-17T15:44:38.988-0900][gc,task     ] GC(8) Using 8 workers of 8 for evacuation
[2021-04-17T15:44:39.002-0900][gc,phases   ] GC(8)   Pre Evacuate Collection Set: 0.3ms
[2021-04-17T15:44:39.002-0900][gc,phases   ] GC(8)   Merge Heap Roots: 0.1ms
[2021-04-17T15:44:39.002-0900][gc,phases   ] GC(8)   Evacuate Collection Set: 13.4ms
[2021-04-17T15:44:39.003-0900][gc,phases   ] GC(8)   Post Evacuate Collection Set: 0.4ms
[2021-04-17T15:44:39.003-0900][gc,phases   ] GC(8)   Other: 1.0ms
[2021-04-17T15:44:39.003-0900][gc,heap     ] GC(8) Eden regions: 45->0(50)
[2021-04-17T15:44:39.003-0900][gc,heap     ] GC(8) Survivor regions: 6->4(7)
[2021-04-17T15:44:39.003-0900][gc,heap     ] GC(8) Old regions: 13->16
[2021-04-17T15:44:39.003-0900][gc,heap     ] GC(8) Archive regions: 2->2
[2021-04-17T15:44:39.003-0900][gc,heap     ] GC(8) Humongous regions: 129->129
[2021-04-17T15:44:39.003-0900][gc,metaspace] GC(8) Metaspace: 40797K(41728K)->40797K(41728K) NonClass: 35941K(36608K)->35941K(36608K) Class: 4856K(5120K)->4856K(5120K)
[2021-04-17T15:44:39.003-0900][gc          ] GC(8) Pause Young (Normal) (G1 Evacuation Pause) 192M->148M(1024M) 15.302ms
[2021-04-17T15:44:39.003-0900][gc,cpu      ] GC(8) User=0.04s Sys=0.01s Real=0.02s
[2021-04-17T15:48:50.309-0900][gc,start    ] GC(9) Pause Young (Normal) (G1 Evacuation Pause)
[2021-04-17T15:48:50.310-0900][gc,task     ] GC(9) Using 8 workers of 8 for evacuation
[2021-04-17T15:48:50.319-0900][gc,phases   ] GC(9)   Pre Evacuate Collection Set: 1.0ms
[2021-04-17T15:48:50.319-0900][gc,phases   ] GC(9)   Merge Heap Roots: 0.2ms
[2021-04-17T15:48:50.319-0900][gc,phases   ] GC(9)   Evacuate Collection Set: 6.3ms
[2021-04-17T15:48:50.319-0900][gc,phases   ] GC(9)   Post Evacuate Collection Set: 1.0ms
[2021-04-17T15:48:50.319-0900][gc,phases   ] GC(9)   Other: 1.5ms
[2021-04-17T15:48:50.319-0900][gc,heap     ] GC(9) Eden regions: 50->0(85)
[2021-04-17T15:48:50.319-0900][gc,heap     ] GC(9) Survivor regions: 4->3(7)
[2021-04-17T15:48:50.319-0900][gc,heap     ] GC(9) Old regions: 16->16
[2021-04-17T15:48:50.319-0900][gc,heap     ] GC(9) Archive regions: 2->2
[2021-04-17T15:48:50.319-0900][gc,heap     ] GC(9) Humongous regions: 129->129
[2021-04-17T15:48:50.319-0900][gc,metaspace] GC(9) Metaspace: 40866K(41728K)->40866K(41728K) NonClass: 36001K(36608K)->36001K(36608K) Class: 4865K(5120K)->4865K(5120K)
[2021-04-17T15:48:50.319-0900][gc          ] GC(9) Pause Young (Normal) (G1 Evacuation Pause) 198M->147M(1024M) 10.193ms
[2021-04-17T15:48:50.319-0900][gc,cpu      ] GC(9) User=0.02s Sys=0.02s Real=0.01s
[2021-04-17T15:55:17.567-0900][gc,start    ] GC(10) Pause Young (Normal) (G1 Evacuation Pause)
[2021-04-17T15:55:17.568-0900][gc,task     ] GC(10) Using 8 workers of 8 for evacuation
[2021-04-17T15:55:17.586-0900][gc,phases   ] GC(10)   Pre Evacuate Collection Set: 0.9ms
[2021-04-17T15:55:17.586-0900][gc,phases   ] GC(10)   Merge Heap Roots: 0.1ms
[2021-04-17T15:55:17.586-0900][gc,phases   ] GC(10)   Evacuate Collection Set: 15.5ms
[2021-04-17T15:55:17.586-0900][gc,phases   ] GC(10)   Post Evacuate Collection Set: 0.8ms
[2021-04-17T15:55:17.586-0900][gc,phases   ] GC(10)   Other: 1.8ms
[2021-04-17T15:55:17.586-0900][gc,heap     ] GC(10) Eden regions: 85->0(75)
[2021-04-17T15:55:17.586-0900][gc,heap     ] GC(10) Survivor regions: 3->5(11)
[2021-04-17T15:55:17.586-0900][gc,heap     ] GC(10) Old regions: 16->16
[2021-04-17T15:55:17.586-0900][gc,heap     ] GC(10) Archive regions: 2->2
[2021-04-17T15:55:17.586-0900][gc,heap     ] GC(10) Humongous regions: 129->129
[2021-04-17T15:55:17.586-0900][gc,metaspace] GC(10) Metaspace: 41192K(41984K)->41192K(41984K) NonClass: 36288K(36864K)->36288K(36864K) Class: 4903K(5120K)->4903K(5120K)
[2021-04-17T15:55:17.586-0900][gc          ] GC(10) Pause Young (Normal) (G1 Evacuation Pause) 232M->149M(1024M) 19.231ms
[2021-04-17T15:55:17.586-0900][gc,cpu      ] GC(10) User=0.03s Sys=0.04s Real=0.02s
[2021-04-17T16:01:12.400-0900][gc,start    ] GC(11) Pause Young (Normal) (G1 Evacuation Pause)
[2021-04-17T16:01:12.401-0900][gc,task     ] GC(11) Using 8 workers of 8 for evacuation
[2021-04-17T16:01:12.415-0900][gc,phases   ] GC(11)   Pre Evacuate Collection Set: 1.0ms
[2021-04-17T16:01:12.415-0900][gc,phases   ] GC(11)   Merge Heap Roots: 0.1ms
[2021-04-17T16:01:12.415-0900][gc,phases   ] GC(11)   Evacuate Collection Set: 11.3ms
[2021-04-17T16:01:12.415-0900][gc,phases   ] GC(11)   Post Evacuate Collection Set: 1.0ms
[2021-04-17T16:01:12.415-0900][gc,phases   ] GC(11)   Other: 1.5ms
[2021-04-17T16:01:12.415-0900][gc,heap     ] GC(11) Eden regions: 75->0(78)
[2021-04-17T16:01:12.415-0900][gc,heap     ] GC(11) Survivor regions: 5->7(10)
[2021-04-17T16:01:12.415-0900][gc,heap     ] GC(11) Old regions: 16->16
[2021-04-17T16:01:12.415-0900][gc,heap     ] GC(11) Archive regions: 2->2
[2021-04-17T16:01:12.415-0900][gc,heap     ] GC(11) Humongous regions: 129->129
[2021-04-17T16:01:12.415-0900][gc,metaspace] GC(11) Metaspace: 41312K(42112K)->41312K(42112K) NonClass: 36397K(36864K)->36397K(36864K) Class: 4915K(5248K)->4915K(5248K)
[2021-04-17T16:01:12.415-0900][gc          ] GC(11) Pause Young (Normal) (G1 Evacuation Pause) 224M->150M(1024M) 15.187ms
[2021-04-17T16:01:12.415-0900][gc,cpu      ] GC(11) User=0.04s Sys=0.03s Real=0.01s
[2021-04-17T16:06:57.950-0900][gc,start    ] GC(12) Pause Young (Normal) (G1 Evacuation Pause)
[2021-04-17T16:06:57.951-0900][gc,task     ] GC(12) Using 8 workers of 8 for evacuation
[2021-04-17T16:06:57.977-0900][gc,mmu      ] GC(12) MMU target violated: 21.0ms (20.0ms/21.0ms)
[2021-04-17T16:06:57.977-0900][gc,phases   ] GC(12)   Pre Evacuate Collection Set: 1.1ms
[2021-04-17T16:06:57.977-0900][gc,phases   ] GC(12)   Merge Heap Roots: 0.2ms
[2021-04-17T16:06:57.977-0900][gc,phases   ] GC(12)   Evacuate Collection Set: 23.3ms
[2021-04-17T16:06:57.977-0900][gc,phases   ] GC(12)   Post Evacuate Collection Set: 1.1ms
[2021-04-17T16:06:57.977-0900][gc,phases   ] GC(12)   Other: 1.7ms
[2021-04-17T16:06:57.977-0900][gc,heap     ] GC(12) Eden regions: 78->0(48)
[2021-04-17T16:06:57.977-0900][gc,heap     ] GC(12) Survivor regions: 7->7(11)
[2021-04-17T16:06:57.977-0900][gc,heap     ] GC(12) Old regions: 16->16
[2021-04-17T16:06:57.977-0900][gc,heap     ] GC(12) Archive regions: 2->2
[2021-04-17T16:06:57.977-0900][gc,heap     ] GC(12) Humongous regions: 129->129
[2021-04-17T16:06:57.977-0900][gc,metaspace] GC(12) Metaspace: 41964K(42624K)->41964K(42624K) NonClass: 36917K(37376K)->36917K(37376K) Class: 5047K(5248K)->5047K(5248K)
[2021-04-17T16:06:57.977-0900][gc          ] GC(12) Pause Young (Normal) (G1 Evacuation Pause) 228M->152M(1024M) 27.460ms
[2021-04-17T16:06:57.977-0900][gc,cpu      ] GC(12) User=0.05s Sys=0.06s Real=0.02s
[2021-04-17T16:10:48.770-0900][gc,start    ] GC(13) Pause Young (Normal) (G1 Evacuation Pause)
[2021-04-17T16:10:48.771-0900][gc,task     ] GC(13) Using 8 workers of 8 for evacuation
[2021-04-17T16:10:48.788-0900][gc,phases   ] GC(13)   Pre Evacuate Collection Set: 0.4ms
[2021-04-17T16:10:48.788-0900][gc,phases   ] GC(13)   Merge Heap Roots: 0.1ms
[2021-04-17T16:10:48.788-0900][gc,phases   ] GC(13)   Evacuate Collection Set: 15.0ms
[2021-04-17T16:10:48.788-0900][gc,phases   ] GC(13)   Post Evacuate Collection Set: 0.7ms
[2021-04-17T16:10:48.788-0900][gc,phases   ] GC(13)   Other: 1.9ms
[2021-04-17T16:10:48.788-0900][gc,heap     ] GC(13) Eden regions: 48->0(257)
[2021-04-17T16:10:48.788-0900][gc,heap     ] GC(13) Survivor regions: 7->3(7)
[2021-04-17T16:10:48.788-0900][gc,heap     ] GC(13) Old regions: 16->20
[2021-04-17T16:10:48.788-0900][gc,heap     ] GC(13) Archive regions: 2->2
[2021-04-17T16:10:48.788-0900][gc,heap     ] GC(13) Humongous regions: 129->129
[2021-04-17T16:10:48.788-0900][gc,metaspace] GC(13) Metaspace: 41977K(42624K)->41977K(42624K) NonClass: 36930K(37376K)->36930K(37376K) Class: 5047K(5248K)->5047K(5248K)
[2021-04-17T16:10:48.788-0900][gc          ] GC(13) Pause Young (Normal) (G1 Evacuation Pause) 200M->151M(1024M) 18.428ms
[2021-04-17T16:10:48.788-0900][gc,cpu      ] GC(13) User=0.04s Sys=0.01s Real=0.01s
[2021-04-17T16:12:10.331-0900][gc,heap,exit] Heap
[2021-04-17T16:12:10.331-0900][gc,heap,exit]  garbage-first heap   total 1048576K, used 184883K [0x00000007c0000000, 0x0000000800000000)
[2021-04-17T16:12:10.331-0900][gc,heap,exit]   region size 1024K, 33 young (33792K), 3 survivors (3072K)
[2021-04-17T16:12:10.331-0900][gc,heap,exit]  Metaspace       used 42571K, capacity 43126K, committed 43264K, reserved 1087488K
[2021-04-17T16:12:10.331-0900][gc,heap,exit]   class space    used 5176K, capacity 5371K, committed 5376K, reserved 1048576K
