[2021-04-16T11:49:44.044-0900][gc] Using G1
[2021-04-16T11:49:44.048-0900][gc,init] Version: 15.0.2+7-27 (release)
[2021-04-16T11:49:44.048-0900][gc,init] CPUs: 8 total, 8 available
[2021-04-16T11:49:44.048-0900][gc,init] Memory: 8192M
[2021-04-16T11:49:44.048-0900][gc,init] Large Page Support: Disabled
[2021-04-16T11:49:44.048-0900][gc,init] NUMA Support: Disabled
[2021-04-16T11:49:44.048-0900][gc,init] Compressed Oops: Enabled (Zero based)
[2021-04-16T11:49:44.048-0900][gc,init] Heap Region Size: 1M
[2021-04-16T11:49:44.048-0900][gc,init] Heap Min Capacity: 1G
[2021-04-16T11:49:44.048-0900][gc,init] Heap Initial Capacity: 1G
[2021-04-16T11:49:44.048-0900][gc,init] Heap Max Capacity: 1G
[2021-04-16T11:49:44.048-0900][gc,init] Pre-touch: Disabled
[2021-04-16T11:49:44.048-0900][gc,init] Parallel Workers: 8
[2021-04-16T11:49:44.048-0900][gc,init] Concurrent Workers: 2
[2021-04-16T11:49:44.048-0900][gc,init] Concurrent Refinement Workers: 8
[2021-04-16T11:49:44.048-0900][gc,init] Periodic GC: Disabled
[2021-04-16T11:49:44.049-0900][gc,cds ] Mark closed archive regions in map: [0x00000007fff00000, 0x00000007fff78ff8]
[2021-04-16T11:49:44.049-0900][gc,cds ] Mark open archive regions in map: [0x00000007ffe00000, 0x00000007ffe50ff8]
[2021-04-16T11:49:44.049-0900][gc,metaspace] CDS archive(s) mapped at: [0x0000000800000000-0x0000000800b2d000-0x0000000800b2d000), size 11718656, SharedBaseAddress: 0x0000000800000000, ArchiveRelocationMode: 0.
[2021-04-16T11:49:44.049-0900][gc,metaspace] Compressed class space mapped at: 0x0000000800b30000-0x0000000840b30000, size: 1073741824
[2021-04-16T11:49:44.049-0900][gc,metaspace] Narrow klass base: 0x0000000800000000, Narrow klass shift: 3, Narrow klass range: 0x100000000
[2021-04-16T11:49:45.684-0900][gc,start    ] GC(0) Pause Young (Normal) (G1 Evacuation Pause)
[2021-04-16T11:49:45.684-0900][gc,task     ] GC(0) Using 8 workers of 8 for evacuation
[2021-04-16T11:49:45.695-0900][gc,phases   ] GC(0)   Pre Evacuate Collection Set: 0.2ms
[2021-04-16T11:49:45.695-0900][gc,phases   ] GC(0)   Merge Heap Roots: 0.0ms
[2021-04-16T11:49:45.695-0900][gc,phases   ] GC(0)   Evacuate Collection Set: 9.6ms
[2021-04-16T11:49:45.695-0900][gc,phases   ] GC(0)   Post Evacuate Collection Set: 0.4ms
[2021-04-16T11:49:45.695-0900][gc,phases   ] GC(0)   Other: 0.6ms
[2021-04-16T11:49:45.695-0900][gc,heap     ] GC(0) Eden regions: 51->0(44)
[2021-04-16T11:49:45.695-0900][gc,heap     ] GC(0) Survivor regions: 0->7(7)
[2021-04-16T11:49:45.695-0900][gc,heap     ] GC(0) Old regions: 0->0
[2021-04-16T11:49:45.695-0900][gc,heap     ] GC(0) Archive regions: 2->2
[2021-04-16T11:49:45.695-0900][gc,heap     ] GC(0) Humongous regions: 0->0
[2021-04-16T11:49:45.695-0900][gc,metaspace] GC(0) Metaspace: 19797K(20352K)->19797K(20352K) NonClass: 17175K(17664K)->17175K(17664K) Class: 2621K(2688K)->2621K(2688K)
[2021-04-16T11:49:45.695-0900][gc          ] GC(0) Pause Young (Normal) (G1 Evacuation Pause) 51M->7M(1024M) 10.947ms
[2021-04-16T11:49:45.695-0900][gc,cpu      ] GC(0) User=0.02s Sys=0.01s Real=0.01s
[2021-04-16T11:49:45.838-0900][gc,start    ] GC(1) Pause Young (Concurrent Start) (Metadata GC Threshold)
[2021-04-16T11:49:45.838-0900][gc,task     ] GC(1) Using 8 workers of 8 for evacuation
[2021-04-16T11:49:45.846-0900][gc,phases   ] GC(1)   Pre Evacuate Collection Set: 0.1ms
[2021-04-16T11:49:45.846-0900][gc,phases   ] GC(1)   Merge Heap Roots: 0.0ms
[2021-04-16T11:49:45.846-0900][gc,phases   ] GC(1)   Evacuate Collection Set: 6.6ms
[2021-04-16T11:49:45.846-0900][gc,phases   ] GC(1)   Post Evacuate Collection Set: 0.2ms
[2021-04-16T11:49:45.846-0900][gc,phases   ] GC(1)   Other: 0.4ms
[2021-04-16T11:49:45.846-0900][gc,heap     ] GC(1) Eden regions: 5->0(50)
[2021-04-16T11:49:45.846-0900][gc,heap     ] GC(1) Survivor regions: 7->1(7)
[2021-04-16T11:49:45.846-0900][gc,heap     ] GC(1) Old regions: 0->7
[2021-04-16T11:49:45.846-0900][gc,heap     ] GC(1) Archive regions: 2->2
[2021-04-16T11:49:45.846-0900][gc,heap     ] GC(1) Humongous regions: 0->0
[2021-04-16T11:49:45.846-0900][gc,metaspace] GC(1) Metaspace: 20760K(21296K)->20760K(21296K) NonClass: 18004K(18352K)->18004K(18352K) Class: 2755K(2944K)->2755K(2944K)
[2021-04-16T11:49:45.846-0900][gc          ] GC(1) Pause Young (Concurrent Start) (Metadata GC Threshold) 12M->8M(1024M) 7.447ms
[2021-04-16T11:49:45.846-0900][gc,cpu      ] GC(1) User=0.02s Sys=0.01s Real=0.01s
[2021-04-16T11:49:45.846-0900][gc          ] GC(2) Concurrent Cycle
[2021-04-16T11:49:45.846-0900][gc,marking  ] GC(2) Concurrent Clear Claimed Marks
[2021-04-16T11:49:45.846-0900][gc,marking  ] GC(2) Concurrent Clear Claimed Marks 0.248ms
[2021-04-16T11:49:45.846-0900][gc,marking  ] GC(2) Concurrent Scan Root Regions
[2021-04-16T11:49:45.849-0900][gc,marking  ] GC(2) Concurrent Scan Root Regions 2.970ms
[2021-04-16T11:49:45.849-0900][gc,marking  ] GC(2) Concurrent Mark (1.816s)
[2021-04-16T11:49:45.849-0900][gc,marking  ] GC(2) Concurrent Mark From Roots
[2021-04-16T11:49:45.849-0900][gc,task     ] GC(2) Using 2 workers of 2 for marking
[2021-04-16T11:49:45.850-0900][gc,marking  ] GC(2) Concurrent Mark From Roots 0.604ms
[2021-04-16T11:49:45.850-0900][gc,marking  ] GC(2) Concurrent Preclean
[2021-04-16T11:49:45.850-0900][gc,marking  ] GC(2) Concurrent Preclean 0.025ms
[2021-04-16T11:49:45.850-0900][gc,marking  ] GC(2) Concurrent Mark (1.816s, 1.817s) 0.650ms
[2021-04-16T11:49:45.850-0900][gc,start    ] GC(2) Pause Remark
[2021-04-16T11:49:45.855-0900][gc          ] GC(2) Pause Remark 8M->8M(1024M) 4.481ms
[2021-04-16T11:49:45.855-0900][gc,cpu      ] GC(2) User=0.00s Sys=0.01s Real=0.00s
[2021-04-16T11:49:45.855-0900][gc,marking  ] GC(2) Concurrent Rebuild Remembered Sets
[2021-04-16T11:49:45.857-0900][gc,marking  ] GC(2) Concurrent Rebuild Remembered Sets 1.543ms
[2021-04-16T11:49:45.857-0900][gc,start    ] GC(2) Pause Cleanup
[2021-04-16T11:49:45.858-0900][gc          ] GC(2) Pause Cleanup 8M->8M(1024M) 0.101ms
[2021-04-16T11:49:45.858-0900][gc,cpu      ] GC(2) User=0.00s Sys=0.00s Real=0.00s
[2021-04-16T11:49:45.858-0900][gc,marking  ] GC(2) Concurrent Cleanup for Next Mark
[2021-04-16T11:49:45.861-0900][gc,marking  ] GC(2) Concurrent Cleanup for Next Mark 3.527ms
[2021-04-16T11:49:45.861-0900][gc          ] GC(2) Concurrent Cycle 15.202ms
[2021-04-16T11:49:47.137-0900][gc,start    ] GC(3) Pause Young (Normal) (G1 Evacuation Pause)
[2021-04-16T11:49:47.137-0900][gc,task     ] GC(3) Using 8 workers of 8 for evacuation
[2021-04-16T11:49:47.140-0900][gc,phases   ] GC(3)   Pre Evacuate Collection Set: 0.1ms
[2021-04-16T11:49:47.140-0900][gc,phases   ] GC(3)   Merge Heap Roots: 0.0ms
[2021-04-16T11:49:47.140-0900][gc,phases   ] GC(3)   Evacuate Collection Set: 2.5ms
[2021-04-16T11:49:47.140-0900][gc,phases   ] GC(3)   Post Evacuate Collection Set: 0.2ms
[2021-04-16T11:49:47.140-0900][gc,phases   ] GC(3)   Other: 0.1ms
[2021-04-16T11:49:47.140-0900][gc,heap     ] GC(3) Eden regions: 50->0(46)
[2021-04-16T11:49:47.140-0900][gc,heap     ] GC(3) Survivor regions: 1->5(7)
[2021-04-16T11:49:47.140-0900][gc,heap     ] GC(3) Old regions: 7->7
[2021-04-16T11:49:47.140-0900][gc,heap     ] GC(3) Archive regions: 2->2
[2021-04-16T11:49:47.140-0900][gc,heap     ] GC(3) Humongous regions: 129->129
[2021-04-16T11:49:47.140-0900][gc,metaspace] GC(3) Metaspace: 30023K(30896K)->30023K(30896K) NonClass: 26393K(27056K)->26393K(27056K) Class: 3629K(3840K)->3629K(3840K)
[2021-04-16T11:49:47.140-0900][gc          ] GC(3) Pause Young (Normal) (G1 Evacuation Pause) 187M->140M(1024M) 3.054ms
[2021-04-16T11:49:47.140-0900][gc,cpu      ] GC(3) User=0.01s Sys=0.00s Real=0.01s
[2021-04-16T11:49:47.671-0900][gc,start    ] GC(4) Pause Young (Concurrent Start) (Metadata GC Threshold)
[2021-04-16T11:49:47.671-0900][gc,task     ] GC(4) Using 8 workers of 8 for evacuation
[2021-04-16T11:49:47.675-0900][gc,phases   ] GC(4)   Pre Evacuate Collection Set: 0.2ms
[2021-04-16T11:49:47.675-0900][gc,phases   ] GC(4)   Merge Heap Roots: 0.0ms
[2021-04-16T11:49:47.675-0900][gc,phases   ] GC(4)   Evacuate Collection Set: 3.8ms
[2021-04-16T11:49:47.675-0900][gc,phases   ] GC(4)   Post Evacuate Collection Set: 0.4ms
[2021-04-16T11:49:47.675-0900][gc,phases   ] GC(4)   Other: 0.2ms
[2021-04-16T11:49:47.675-0900][gc,heap     ] GC(4) Eden regions: 21->0(49)
[2021-04-16T11:49:47.675-0900][gc,heap     ] GC(4) Survivor regions: 5->2(7)
[2021-04-16T11:49:47.675-0900][gc,heap     ] GC(4) Old regions: 7->12
[2021-04-16T11:49:47.675-0900][gc,heap     ] GC(4) Archive regions: 2->2
[2021-04-16T11:49:47.675-0900][gc,heap     ] GC(4) Humongous regions: 129->129
[2021-04-16T11:49:47.675-0900][gc,metaspace] GC(4) Metaspace: 35148K(35888K)->35148K(35888K) NonClass: 31035K(31664K)->31035K(31664K) Class: 4112K(4224K)->4112K(4224K)
[2021-04-16T11:49:47.676-0900][gc          ] GC(4) Pause Young (Concurrent Start) (Metadata GC Threshold) 161M->142M(1024M) 4.630ms
[2021-04-16T11:49:47.676-0900][gc,cpu      ] GC(4) User=0.02s Sys=0.00s Real=0.00s
[2021-04-16T11:49:47.676-0900][gc          ] GC(5) Concurrent Cycle
[2021-04-16T11:49:47.676-0900][gc,marking  ] GC(5) Concurrent Clear Claimed Marks
[2021-04-16T11:49:47.676-0900][gc,marking  ] GC(5) Concurrent Clear Claimed Marks 0.016ms
[2021-04-16T11:49:47.676-0900][gc,marking  ] GC(5) Concurrent Scan Root Regions
[2021-04-16T11:49:47.677-0900][gc,marking  ] GC(5) Concurrent Scan Root Regions 1.666ms
[2021-04-16T11:49:47.677-0900][gc,marking  ] GC(5) Concurrent Mark (3.644s)
[2021-04-16T11:49:47.677-0900][gc,marking  ] GC(5) Concurrent Mark From Roots
[2021-04-16T11:49:47.677-0900][gc,task     ] GC(5) Using 2 workers of 2 for marking
[2021-04-16T11:49:47.682-0900][gc,marking  ] GC(5) Concurrent Mark From Roots 4.631ms
[2021-04-16T11:49:47.682-0900][gc,marking  ] GC(5) Concurrent Preclean
[2021-04-16T11:49:47.682-0900][gc,marking  ] GC(5) Concurrent Preclean 0.042ms
[2021-04-16T11:49:47.682-0900][gc,marking  ] GC(5) Concurrent Mark (3.644s, 3.649s) 4.720ms
[2021-04-16T11:49:47.682-0900][gc,start    ] GC(5) Pause Remark
[2021-04-16T11:49:47.694-0900][gc          ] GC(5) Pause Remark 143M->143M(1024M) 11.913ms
[2021-04-16T11:49:47.694-0900][gc,cpu      ] GC(5) User=0.01s Sys=0.01s Real=0.01s
[2021-04-16T11:49:47.694-0900][gc,marking  ] GC(5) Concurrent Rebuild Remembered Sets
[2021-04-16T11:49:47.698-0900][gc,marking  ] GC(5) Concurrent Rebuild Remembered Sets 3.142ms
[2021-04-16T11:49:47.698-0900][gc,start    ] GC(5) Pause Cleanup
[2021-04-16T11:49:47.698-0900][gc          ] GC(5) Pause Cleanup 143M->143M(1024M) 0.087ms
[2021-04-16T11:49:47.698-0900][gc,cpu      ] GC(5) User=0.00s Sys=0.00s Real=0.00s
[2021-04-16T11:49:47.698-0900][gc,marking  ] GC(5) Concurrent Cleanup for Next Mark
[2021-04-16T11:49:47.709-0900][gc,marking  ] GC(5) Concurrent Cleanup for Next Mark 10.467ms
[2021-04-16T11:49:47.709-0900][gc          ] GC(5) Concurrent Cycle 33.348ms
[2021-04-16T11:51:01.935-0900][gc,start    ] GC(6) Pause Young (Normal) (G1 Evacuation Pause)
[2021-04-16T11:51:01.937-0900][gc,task     ] GC(6) Using 8 workers of 8 for evacuation
[2021-04-16T11:51:01.974-0900][gc,mmu      ] GC(6) MMU target violated: 21.0ms (20.0ms/21.0ms)
[2021-04-16T11:51:01.974-0900][gc,phases   ] GC(6)   Pre Evacuate Collection Set: 1.1ms
[2021-04-16T11:51:01.974-0900][gc,phases   ] GC(6)   Merge Heap Roots: 0.2ms
[2021-04-16T11:51:01.974-0900][gc,phases   ] GC(6)   Evacuate Collection Set: 35.0ms
[2021-04-16T11:51:01.974-0900][gc,phases   ] GC(6)   Post Evacuate Collection Set: 1.0ms
[2021-04-16T11:51:01.974-0900][gc,phases   ] GC(6)   Other: 2.2ms
[2021-04-16T11:51:01.974-0900][gc,heap     ] GC(6) Eden regions: 49->0(45)
[2021-04-16T11:51:01.974-0900][gc,heap     ] GC(6) Survivor regions: 2->6(7)
[2021-04-16T11:51:01.975-0900][gc,heap     ] GC(6) Old regions: 12->12
[2021-04-16T11:51:01.975-0900][gc,heap     ] GC(6) Archive regions: 2->2
[2021-04-16T11:51:01.975-0900][gc,heap     ] GC(6) Humongous regions: 135->129
[2021-04-16T11:51:01.975-0900][gc,metaspace] GC(6) Metaspace: 40416K(41116K)->40416K(41116K) NonClass: 35565K(36016K)->35565K(36016K) Class: 4851K(5100K)->4851K(5100K)
[2021-04-16T11:51:01.975-0900][gc          ] GC(6) Pause Young (Normal) (G1 Evacuation Pause) 197M->146M(1024M) 39.538ms
[2021-04-16T11:51:01.975-0900][gc,cpu      ] GC(6) User=0.04s Sys=0.08s Real=0.04s
[2021-04-16T11:54:34.607-0900][gc,start    ] GC(7) Pause Young (Normal) (G1 Evacuation Pause)
[2021-04-16T11:54:34.609-0900][gc,task     ] GC(7) Using 8 workers of 8 for evacuation
[2021-04-16T11:54:34.630-0900][gc,mmu      ] GC(7) MMU target violated: 21.0ms (20.0ms/21.0ms)
[2021-04-16T11:54:34.630-0900][gc,phases   ] GC(7)   Pre Evacuate Collection Set: 0.4ms
[2021-04-16T11:54:34.630-0900][gc,phases   ] GC(7)   Merge Heap Roots: 0.2ms
[2021-04-16T11:54:34.630-0900][gc,phases   ] GC(7)   Evacuate Collection Set: 20.0ms
[2021-04-16T11:54:34.630-0900][gc,phases   ] GC(7)   Post Evacuate Collection Set: 0.4ms
[2021-04-16T11:54:34.630-0900][gc,phases   ] GC(7)   Other: 1.9ms
[2021-04-16T11:54:34.630-0900][gc,heap     ] GC(7) Eden regions: 45->0(45)
[2021-04-16T11:54:34.630-0900][gc,heap     ] GC(7) Survivor regions: 6->6(7)
[2021-04-16T11:54:34.630-0900][gc,heap     ] GC(7) Old regions: 12->13
[2021-04-16T11:54:34.630-0900][gc,heap     ] GC(7) Archive regions: 2->2
[2021-04-16T11:54:34.630-0900][gc,heap     ] GC(7) Humongous regions: 129->129
[2021-04-16T11:54:34.630-0900][gc,metaspace] GC(7) Metaspace: 40720K(41372K)->40720K(41372K) NonClass: 35866K(36272K)->35866K(36272K) Class: 4853K(5100K)->4853K(5100K)
[2021-04-16T11:54:34.630-0900][gc          ] GC(7) Pause Young (Normal) (G1 Evacuation Pause) 191M->147M(1024M) 22.858ms
[2021-04-16T11:54:34.630-0900][gc,cpu      ] GC(7) User=0.07s Sys=0.01s Real=0.03s
[2021-04-16T11:58:16.717-0900][gc,start    ] GC(8) Pause Young (Normal) (G1 Evacuation Pause)
[2021-04-16T11:58:16.717-0900][gc,task     ] GC(8) Using 8 workers of 8 for evacuation
[2021-04-16T11:58:16.729-0900][gc,phases   ] GC(8)   Pre Evacuate Collection Set: 0.3ms
[2021-04-16T11:58:16.729-0900][gc,phases   ] GC(8)   Merge Heap Roots: 0.1ms
[2021-04-16T11:58:16.729-0900][gc,phases   ] GC(8)   Evacuate Collection Set: 10.5ms
[2021-04-16T11:58:16.729-0900][gc,phases   ] GC(8)   Post Evacuate Collection Set: 0.4ms
[2021-04-16T11:58:16.729-0900][gc,phases   ] GC(8)   Other: 0.8ms
[2021-04-16T11:58:16.729-0900][gc,heap     ] GC(8) Eden regions: 45->0(46)
[2021-04-16T11:58:16.729-0900][gc,heap     ] GC(8) Survivor regions: 6->5(7)
[2021-04-16T11:58:16.729-0900][gc,heap     ] GC(8) Old regions: 13->15
[2021-04-16T11:58:16.729-0900][gc,heap     ] GC(8) Archive regions: 2->2
[2021-04-16T11:58:16.729-0900][gc,heap     ] GC(8) Humongous regions: 129->129
[2021-04-16T11:58:16.729-0900][gc,metaspace] GC(8) Metaspace: 40782K(41628K)->40782K(41628K) NonClass: 35929K(36528K)->35929K(36528K) Class: 4853K(5100K)->4853K(5100K)
[2021-04-16T11:58:16.729-0900][gc          ] GC(8) Pause Young (Normal) (G1 Evacuation Pause) 192M->148M(1024M) 12.270ms
[2021-04-16T11:58:16.729-0900][gc,cpu      ] GC(8) User=0.04s Sys=0.02s Real=0.01s
[2021-04-16T12:02:08.338-0900][gc,start    ] GC(9) Pause Young (Normal) (G1 Evacuation Pause)
[2021-04-16T12:02:08.340-0900][gc,task     ] GC(9) Using 8 workers of 8 for evacuation
[2021-04-16T12:02:08.351-0900][gc,phases   ] GC(9)   Pre Evacuate Collection Set: 0.4ms
[2021-04-16T12:02:08.351-0900][gc,phases   ] GC(9)   Merge Heap Roots: 0.2ms
[2021-04-16T12:02:08.351-0900][gc,phases   ] GC(9)   Evacuate Collection Set: 9.9ms
[2021-04-16T12:02:08.351-0900][gc,phases   ] GC(9)   Post Evacuate Collection Set: 0.5ms
[2021-04-16T12:02:08.351-0900][gc,phases   ] GC(9)   Other: 1.8ms
[2021-04-16T12:02:08.351-0900][gc,heap     ] GC(9) Eden regions: 46->0(54)
[2021-04-16T12:02:08.351-0900][gc,heap     ] GC(9) Survivor regions: 5->3(7)
[2021-04-16T12:02:08.351-0900][gc,heap     ] GC(9) Old regions: 15->16
[2021-04-16T12:02:08.351-0900][gc,heap     ] GC(9) Archive regions: 2->2
[2021-04-16T12:02:08.351-0900][gc,heap     ] GC(9) Humongous regions: 129->129
[2021-04-16T12:02:08.351-0900][gc,metaspace] GC(9) Metaspace: 40859K(41628K)->40859K(41628K) NonClass: 35996K(36528K)->35996K(36528K) Class: 4863K(5100K)->4863K(5100K)
[2021-04-16T12:02:08.351-0900][gc          ] GC(9) Pause Young (Normal) (G1 Evacuation Pause) 194M->148M(1024M) 12.914ms
[2021-04-16T12:02:08.351-0900][gc,cpu      ] GC(9) User=0.04s Sys=0.00s Real=0.02s
[2021-04-16T12:06:50.136-0900][gc,start    ] GC(10) Pause Young (Normal) (G1 Evacuation Pause)
[2021-04-16T12:06:50.137-0900][gc,task     ] GC(10) Using 8 workers of 8 for evacuation
[2021-04-16T12:06:50.155-0900][gc,phases   ] GC(10)   Pre Evacuate Collection Set: 1.6ms
[2021-04-16T12:06:50.155-0900][gc,phases   ] GC(10)   Merge Heap Roots: 0.2ms
[2021-04-16T12:06:50.156-0900][gc,phases   ] GC(10)   Evacuate Collection Set: 15.3ms
[2021-04-16T12:06:50.156-0900][gc,phases   ] GC(10)   Post Evacuate Collection Set: 1.0ms
[2021-04-16T12:06:50.156-0900][gc,phases   ] GC(10)   Other: 1.9ms
[2021-04-16T12:06:50.156-0900][gc,heap     ] GC(10) Eden regions: 54->0(44)
[2021-04-16T12:06:50.156-0900][gc,heap     ] GC(10) Survivor regions: 3->7(8)
[2021-04-16T12:06:50.156-0900][gc,heap     ] GC(10) Old regions: 16->16
[2021-04-16T12:06:50.156-0900][gc,heap     ] GC(10) Archive regions: 2->2
[2021-04-16T12:06:50.156-0900][gc,heap     ] GC(10) Humongous regions: 129->129
[2021-04-16T12:06:50.156-0900][gc,metaspace] GC(10) Metaspace: 40922K(41628K)->40922K(41628K) NonClass: 36057K(36528K)->36057K(36528K) Class: 4864K(5100K)->4864K(5100K)
[2021-04-16T12:06:50.156-0900][gc          ] GC(10) Pause Young (Normal) (G1 Evacuation Pause) 202M->152M(1024M) 20.190ms
[2021-04-16T12:06:50.156-0900][gc,cpu      ] GC(10) User=0.05s Sys=0.01s Real=0.02s
[2021-04-16T12:10:40.046-0900][gc,start    ] GC(11) Pause Young (Normal) (G1 Evacuation Pause)
[2021-04-16T12:10:40.047-0900][gc,task     ] GC(11) Using 8 workers of 8 for evacuation
[2021-04-16T12:10:40.063-0900][gc,phases   ] GC(11)   Pre Evacuate Collection Set: 0.4ms
[2021-04-16T12:10:40.063-0900][gc,phases   ] GC(11)   Merge Heap Roots: 0.1ms
[2021-04-16T12:10:40.063-0900][gc,phases   ] GC(11)   Evacuate Collection Set: 14.7ms
[2021-04-16T12:10:40.063-0900][gc,phases   ] GC(11)   Post Evacuate Collection Set: 0.4ms
[2021-04-16T12:10:40.063-0900][gc,phases   ] GC(11)   Other: 1.6ms
[2021-04-16T12:10:40.063-0900][gc,heap     ] GC(11) Eden regions: 44->0(65)
[2021-04-16T12:10:40.063-0900][gc,heap     ] GC(11) Survivor regions: 7->4(7)
[2021-04-16T12:10:40.063-0900][gc,heap     ] GC(11) Old regions: 16->20
[2021-04-16T12:10:40.063-0900][gc,heap     ] GC(11) Archive regions: 2->2
[2021-04-16T12:10:40.063-0900][gc,heap     ] GC(11) Humongous regions: 129->129
[2021-04-16T12:10:40.063-0900][gc,metaspace] GC(11) Metaspace: 40965K(41628K)->40965K(41628K) NonClass: 36100K(36528K)->36100K(36528K) Class: 4864K(5100K)->4864K(5100K)
[2021-04-16T12:10:40.063-0900][gc          ] GC(11) Pause Young (Normal) (G1 Evacuation Pause) 196M->153M(1024M) 17.321ms
[2021-04-16T12:10:40.063-0900][gc,cpu      ] GC(11) User=0.05s Sys=0.01s Real=0.02s
[2021-04-16T12:16:23.857-0900][gc,start    ] GC(12) Pause Young (Normal) (G1 Evacuation Pause)
[2021-04-16T12:16:23.859-0900][gc,task     ] GC(12) Using 8 workers of 8 for evacuation
[2021-04-16T12:16:23.878-0900][gc,phases   ] GC(12)   Pre Evacuate Collection Set: 0.4ms
[2021-04-16T12:16:23.878-0900][gc,phases   ] GC(12)   Merge Heap Roots: 0.2ms
[2021-04-16T12:16:23.878-0900][gc,phases   ] GC(12)   Evacuate Collection Set: 17.1ms
[2021-04-16T12:16:23.878-0900][gc,phases   ] GC(12)   Post Evacuate Collection Set: 0.9ms
[2021-04-16T12:16:23.878-0900][gc,phases   ] GC(12)   Other: 2.1ms
[2021-04-16T12:16:23.878-0900][gc,heap     ] GC(12) Eden regions: 65->0(44)
[2021-04-16T12:16:23.878-0900][gc,heap     ] GC(12) Survivor regions: 4->7(9)
[2021-04-16T12:16:23.878-0900][gc,heap     ] GC(12) Old regions: 20->20
[2021-04-16T12:16:23.878-0900][gc,heap     ] GC(12) Archive regions: 2->2
[2021-04-16T12:16:23.878-0900][gc,heap     ] GC(12) Humongous regions: 129->129
[2021-04-16T12:16:23.878-0900][gc,metaspace] GC(12) Metaspace: 41007K(41628K)->41007K(41628K) NonClass: 36142K(36528K)->36142K(36528K) Class: 4864K(5100K)->4864K(5100K)
[2021-04-16T12:16:23.878-0900][gc          ] GC(12) Pause Young (Normal) (G1 Evacuation Pause) 218M->156M(1024M) 20.795ms
[2021-04-16T12:16:23.878-0900][gc,cpu      ] GC(12) User=0.06s Sys=0.01s Real=0.02s
[2021-04-16T12:20:15.755-0900][gc,start    ] GC(13) Pause Young (Normal) (G1 Evacuation Pause)
[2021-04-16T12:20:15.756-0900][gc,task     ] GC(13) Using 8 workers of 8 for evacuation
[2021-04-16T12:20:15.774-0900][gc,phases   ] GC(13)   Pre Evacuate Collection Set: 0.3ms
[2021-04-16T12:20:15.774-0900][gc,phases   ] GC(13)   Merge Heap Roots: 0.1ms
[2021-04-16T12:20:15.774-0900][gc,phases   ] GC(13)   Evacuate Collection Set: 17.1ms
[2021-04-16T12:20:15.774-0900][gc,phases   ] GC(13)   Post Evacuate Collection Set: 0.4ms
[2021-04-16T12:20:15.774-0900][gc,phases   ] GC(13)   Other: 1.5ms
[2021-04-16T12:20:15.774-0900][gc,heap     ] GC(13) Eden regions: 44->0(64)
[2021-04-16T12:20:15.774-0900][gc,heap     ] GC(13) Survivor regions: 7->5(7)
[2021-04-16T12:20:15.774-0900][gc,heap     ] GC(13) Old regions: 20->25
[2021-04-16T12:20:15.774-0900][gc,heap     ] GC(13) Archive regions: 2->2
[2021-04-16T12:20:15.774-0900][gc,heap     ] GC(13) Humongous regions: 129->129
[2021-04-16T12:20:15.774-0900][gc,metaspace] GC(13) Metaspace: 41015K(41628K)->41015K(41628K) NonClass: 36151K(36528K)->36151K(36528K) Class: 4864K(5100K)->4864K(5100K)
[2021-04-16T12:20:15.774-0900][gc          ] GC(13) Pause Young (Normal) (G1 Evacuation Pause) 200M->159M(1024M) 19.393ms
[2021-04-16T12:20:15.774-0900][gc,cpu      ] GC(13) User=0.07s Sys=0.01s Real=0.02s
[2021-04-16T12:25:51.655-0900][gc,start    ] GC(14) Pause Young (Normal) (G1 Evacuation Pause)
[2021-04-16T12:25:51.657-0900][gc,task     ] GC(14) Using 8 workers of 8 for evacuation
[2021-04-16T12:25:51.674-0900][gc,phases   ] GC(14)   Pre Evacuate Collection Set: 0.4ms
[2021-04-16T12:25:51.674-0900][gc,phases   ] GC(14)   Merge Heap Roots: 0.2ms
[2021-04-16T12:25:51.674-0900][gc,phases   ] GC(14)   Evacuate Collection Set: 15.8ms
[2021-04-16T12:25:51.674-0900][gc,phases   ] GC(14)   Post Evacuate Collection Set: 0.3ms
[2021-04-16T12:25:51.674-0900][gc,phases   ] GC(14)   Other: 1.8ms
[2021-04-16T12:25:51.674-0900][gc,heap     ] GC(14) Eden regions: 64->0(65)
[2021-04-16T12:25:51.674-0900][gc,heap     ] GC(14) Survivor regions: 5->8(9)
[2021-04-16T12:25:51.674-0900][gc,heap     ] GC(14) Old regions: 25->25
[2021-04-16T12:25:51.674-0900][gc,heap     ] GC(14) Archive regions: 2->2
[2021-04-16T12:25:51.674-0900][gc,heap     ] GC(14) Humongous regions: 129->129
[2021-04-16T12:25:51.674-0900][gc,metaspace] GC(14) Metaspace: 41037K(41628K)->41037K(41628K) NonClass: 36172K(36528K)->36172K(36528K) Class: 4864K(5100K)->4864K(5100K)
[2021-04-16T12:25:51.674-0900][gc          ] GC(14) Pause Young (Normal) (G1 Evacuation Pause) 223M->162M(1024M) 18.506ms
[2021-04-16T12:25:51.674-0900][gc,cpu      ] GC(14) User=0.06s Sys=0.00s Real=0.02s
[2021-04-16T12:31:33.800-0900][gc,start    ] GC(15) Pause Young (Normal) (G1 Evacuation Pause)
[2021-04-16T12:31:33.801-0900][gc,task     ] GC(15) Using 8 workers of 8 for evacuation
[2021-04-16T12:31:33.818-0900][gc,phases   ] GC(15)   Pre Evacuate Collection Set: 0.4ms
[2021-04-16T12:31:33.818-0900][gc,phases   ] GC(15)   Merge Heap Roots: 0.1ms
[2021-04-16T12:31:33.818-0900][gc,phases   ] GC(15)   Evacuate Collection Set: 16.3ms
[2021-04-16T12:31:33.818-0900][gc,phases   ] GC(15)   Post Evacuate Collection Set: 0.3ms
[2021-04-16T12:31:33.818-0900][gc,phases   ] GC(15)   Other: 1.7ms
[2021-04-16T12:31:33.818-0900][gc,heap     ] GC(15) Eden regions: 65->0(66)
[2021-04-16T12:31:33.818-0900][gc,heap     ] GC(15) Survivor regions: 8->9(10)
[2021-04-16T12:31:33.818-0900][gc,heap     ] GC(15) Old regions: 25->28
[2021-04-16T12:31:33.819-0900][gc,heap     ] GC(15) Archive regions: 2->2
[2021-04-16T12:31:33.819-0900][gc,heap     ] GC(15) Humongous regions: 129->129
[2021-04-16T12:31:33.819-0900][gc,metaspace] GC(15) Metaspace: 41061K(41884K)->41061K(41884K) NonClass: 36196K(36784K)->36196K(36784K) Class: 4864K(5100K)->4864K(5100K)
[2021-04-16T12:31:33.819-0900][gc          ] GC(15) Pause Young (Normal) (G1 Evacuation Pause) 227M->165M(1024M) 18.961ms
[2021-04-16T12:31:33.819-0900][gc,cpu      ] GC(15) User=0.07s Sys=0.01s Real=0.01s
[2021-04-16T12:37:15.397-0900][gc,start    ] GC(16) Pause Young (Normal) (G1 Evacuation Pause)
[2021-04-16T12:37:15.399-0900][gc,task     ] GC(16) Using 8 workers of 8 for evacuation
[2021-04-16T12:37:15.419-0900][gc,phases   ] GC(16)   Pre Evacuate Collection Set: 0.8ms
[2021-04-16T12:37:15.419-0900][gc,phases   ] GC(16)   Merge Heap Roots: 0.1ms
[2021-04-16T12:37:15.419-0900][gc,phases   ] GC(16)   Evacuate Collection Set: 17.9ms
[2021-04-16T12:37:15.419-0900][gc,phases   ] GC(16)   Post Evacuate Collection Set: 0.5ms
[2021-04-16T12:37:15.419-0900][gc,phases   ] GC(16)   Other: 1.9ms
[2021-04-16T12:37:15.419-0900][gc,heap     ] GC(16) Eden regions: 65->0(102)
[2021-04-16T12:37:15.419-0900][gc,heap     ] GC(16) Survivor regions: 9->6(10)
[2021-04-16T12:37:15.419-0900][gc,heap     ] GC(16) Old regions: 28->34
[2021-04-16T12:37:15.419-0900][gc,heap     ] GC(16) Archive regions: 2->2
[2021-04-16T12:37:15.419-0900][gc,heap     ] GC(16) Humongous regions: 129->129
[2021-04-16T12:37:15.419-0900][gc,metaspace] GC(16) Metaspace: 41079K(41884K)->41079K(41884K) NonClass: 36215K(36784K)->36215K(36784K) Class: 4864K(5100K)->4864K(5100K)
[2021-04-16T12:37:15.419-0900][gc          ] GC(16) Pause Young (Normal) (G1 Evacuation Pause) 230M->168M(1024M) 21.482ms
[2021-04-16T12:37:15.419-0900][gc,cpu      ] GC(16) User=0.08s Sys=0.02s Real=0.02s
[2021-04-16T12:46:13.633-0900][gc,start    ] GC(17) Pause Young (Normal) (G1 Evacuation Pause)
[2021-04-16T12:46:13.635-0900][gc,task     ] GC(17) Using 8 workers of 8 for evacuation
[2021-04-16T12:46:13.659-0900][gc,mmu      ] GC(17) MMU target violated: 21.0ms (20.0ms/21.0ms)
[2021-04-16T12:46:13.659-0900][gc,phases   ] GC(17)   Pre Evacuate Collection Set: 0.5ms
[2021-04-16T12:46:13.659-0900][gc,phases   ] GC(17)   Merge Heap Roots: 0.2ms
[2021-04-16T12:46:13.659-0900][gc,phases   ] GC(17)   Evacuate Collection Set: 22.4ms
[2021-04-16T12:46:13.659-0900][gc,phases   ] GC(17)   Post Evacuate Collection Set: 0.5ms
[2021-04-16T12:46:13.659-0900][gc,phases   ] GC(17)   Other: 2.4ms
[2021-04-16T12:46:13.659-0900][gc,heap     ] GC(17) Eden regions: 102->0(47)
[2021-04-16T12:46:13.659-0900][gc,heap     ] GC(17) Survivor regions: 6->11(14)
[2021-04-16T12:46:13.659-0900][gc,heap     ] GC(17) Old regions: 34->34
[2021-04-16T12:46:13.659-0900][gc,heap     ] GC(17) Archive regions: 2->2
[2021-04-16T12:46:13.659-0900][gc,heap     ] GC(17) Humongous regions: 129->129
[2021-04-16T12:46:13.659-0900][gc,metaspace] GC(17) Metaspace: 41089K(41884K)->41089K(41884K) NonClass: 36225K(36784K)->36225K(36784K) Class: 4864K(5100K)->4864K(5100K)
[2021-04-16T12:46:13.659-0900][gc          ] GC(17) Pause Young (Normal) (G1 Evacuation Pause) 270M->173M(1024M) 25.875ms
[2021-04-16T12:46:13.659-0900][gc,cpu      ] GC(17) User=0.08s Sys=0.02s Real=0.02s
[2021-04-16T12:50:02.637-0900][gc,start    ] GC(18) Pause Young (Normal) (G1 Evacuation Pause)
[2021-04-16T12:50:02.639-0900][gc,task     ] GC(18) Using 8 workers of 8 for evacuation
[2021-04-16T12:50:02.665-0900][gc,mmu      ] GC(18) MMU target violated: 21.0ms (20.0ms/21.0ms)
[2021-04-16T12:50:02.665-0900][gc,phases   ] GC(18)   Pre Evacuate Collection Set: 0.5ms
[2021-04-16T12:50:02.665-0900][gc,phases   ] GC(18)   Merge Heap Roots: 0.2ms
[2021-04-16T12:50:02.665-0900][gc,phases   ] GC(18)   Evacuate Collection Set: 24.5ms
[2021-04-16T12:50:02.665-0900][gc,phases   ] GC(18)   Post Evacuate Collection Set: 0.4ms
[2021-04-16T12:50:02.665-0900][gc,phases   ] GC(18)   Other: 2.3ms
[2021-04-16T12:50:02.665-0900][gc,heap     ] GC(18) Eden regions: 47->0(84)
[2021-04-16T12:50:02.665-0900][gc,heap     ] GC(18) Survivor regions: 11->6(8)
[2021-04-16T12:50:02.665-0900][gc,heap     ] GC(18) Old regions: 34->42
[2021-04-16T12:50:02.665-0900][gc,heap     ] GC(18) Archive regions: 2->2
[2021-04-16T12:50:02.665-0900][gc,heap     ] GC(18) Humongous regions: 129->129
[2021-04-16T12:50:02.665-0900][gc,metaspace] GC(18) Metaspace: 41131K(41884K)->41131K(41884K) NonClass: 36257K(36784K)->36257K(36784K) Class: 4874K(5100K)->4874K(5100K)
[2021-04-16T12:50:02.665-0900][gc          ] GC(18) Pause Young (Normal) (G1 Evacuation Pause) 220M->176M(1024M) 27.910ms
[2021-04-16T12:50:02.665-0900][gc,cpu      ] GC(18) User=0.07s Sys=0.01s Real=0.03s
[2021-04-16T12:57:06.138-0900][gc,start    ] GC(19) Pause Young (Normal) (G1 Evacuation Pause)
[2021-04-16T12:57:06.140-0900][gc,task     ] GC(19) Using 8 workers of 8 for evacuation
[2021-04-16T12:57:06.157-0900][gc,phases   ] GC(19)   Pre Evacuate Collection Set: 0.5ms
[2021-04-16T12:57:06.157-0900][gc,phases   ] GC(19)   Merge Heap Roots: 0.2ms
[2021-04-16T12:57:06.157-0900][gc,phases   ] GC(19)   Evacuate Collection Set: 15.2ms
[2021-04-16T12:57:06.157-0900][gc,phases   ] GC(19)   Post Evacuate Collection Set: 0.5ms
[2021-04-16T12:57:06.157-0900][gc,phases   ] GC(19)   Other: 2.3ms
[2021-04-16T12:57:06.157-0900][gc,heap     ] GC(19) Eden regions: 84->0(104)
[2021-04-16T12:57:06.157-0900][gc,heap     ] GC(19) Survivor regions: 6->7(12)
[2021-04-16T12:57:06.157-0900][gc,heap     ] GC(19) Old regions: 42->42
[2021-04-16T12:57:06.157-0900][gc,heap     ] GC(19) Archive regions: 2->2
[2021-04-16T12:57:06.157-0900][gc,heap     ] GC(19) Humongous regions: 129->129
[2021-04-16T12:57:06.157-0900][gc,metaspace] GC(19) Metaspace: 41168K(41884K)->41168K(41884K) NonClass: 36293K(36784K)->36293K(36784K) Class: 4874K(5100K)->4874K(5100K)
[2021-04-16T12:57:06.157-0900][gc          ] GC(19) Pause Young (Normal) (G1 Evacuation Pause) 260M->177M(1024M) 19.014ms
[2021-04-16T12:57:06.157-0900][gc,cpu      ] GC(19) User=0.06s Sys=0.01s Real=0.02s
[2021-04-16T13:05:55.561-0900][gc,start    ] GC(20) Pause Young (Normal) (G1 Evacuation Pause)
[2021-04-16T13:05:55.563-0900][gc,task     ] GC(20) Using 8 workers of 8 for evacuation
[2021-04-16T13:05:55.580-0900][gc,phases   ] GC(20)   Pre Evacuate Collection Set: 1.6ms
[2021-04-16T13:05:55.580-0900][gc,phases   ] GC(20)   Merge Heap Roots: 0.3ms
[2021-04-16T13:05:55.580-0900][gc,phases   ] GC(20)   Evacuate Collection Set: 14.7ms
[2021-04-16T13:05:55.580-0900][gc,phases   ] GC(20)   Post Evacuate Collection Set: 0.7ms
[2021-04-16T13:05:55.580-0900][gc,phases   ] GC(20)   Other: 1.9ms
[2021-04-16T13:05:55.580-0900][gc,heap     ] GC(20) Eden regions: 104->0(576)
[2021-04-16T13:05:55.580-0900][gc,heap     ] GC(20) Survivor regions: 7->8(14)
[2021-04-16T13:05:55.580-0900][gc,heap     ] GC(20) Old regions: 42->42
[2021-04-16T13:05:55.580-0900][gc,heap     ] GC(20) Archive regions: 2->2
[2021-04-16T13:05:55.581-0900][gc,heap     ] GC(20) Humongous regions: 129->129
[2021-04-16T13:05:55.581-0900][gc,metaspace] GC(20) Metaspace: 41176K(41884K)->41176K(41884K) NonClass: 36302K(36784K)->36302K(36784K) Class: 4874K(5100K)->4874K(5100K)
[2021-04-16T13:05:55.581-0900][gc          ] GC(20) Pause Young (Normal) (G1 Evacuation Pause) 281M->178M(1024M) 19.299ms
[2021-04-16T13:05:55.581-0900][gc,cpu      ] GC(20) User=0.06s Sys=0.01s Real=0.02s
[2021-04-16T13:55:12.433-0900][gc,start    ] GC(21) Pause Young (Normal) (G1 Evacuation Pause)
[2021-04-16T13:55:12.435-0900][gc,task     ] GC(21) Using 8 workers of 8 for evacuation
[2021-04-16T13:55:12.459-0900][gc,mmu      ] GC(21) MMU target violated: 21.0ms (20.0ms/21.0ms)
[2021-04-16T13:55:12.459-0900][gc,phases   ] GC(21)   Pre Evacuate Collection Set: 0.7ms
[2021-04-16T13:55:12.459-0900][gc,phases   ] GC(21)   Merge Heap Roots: 0.2ms
[2021-04-16T13:55:12.459-0900][gc,phases   ] GC(21)   Evacuate Collection Set: 18.3ms
[2021-04-16T13:55:12.459-0900][gc,phases   ] GC(21)   Post Evacuate Collection Set: 4.2ms
[2021-04-16T13:55:12.459-0900][gc,phases   ] GC(21)   Other: 2.1ms
[2021-04-16T13:55:12.459-0900][gc,heap     ] GC(21) Eden regions: 576->0(339)
[2021-04-16T13:55:12.459-0900][gc,heap     ] GC(21) Survivor regions: 8->7(73)
[2021-04-16T13:55:12.459-0900][gc,heap     ] GC(21) Old regions: 42->42
[2021-04-16T13:55:12.459-0900][gc,heap     ] GC(21) Archive regions: 2->2
[2021-04-16T13:55:12.459-0900][gc,heap     ] GC(21) Humongous regions: 129->129
[2021-04-16T13:55:12.459-0900][gc,metaspace] GC(21) Metaspace: 41255K(41884K)->41255K(41884K) NonClass: 36381K(36784K)->36381K(36784K) Class: 4874K(5100K)->4874K(5100K)
[2021-04-16T13:55:12.459-0900][gc          ] GC(21) Pause Young (Normal) (G1 Evacuation Pause) 754M->177M(1024M) 25.724ms
[2021-04-16T13:55:12.459-0900][gc,cpu      ] GC(21) User=0.04s Sys=0.04s Real=0.02s
[2021-04-16T14:24:14.996-0900][gc,start    ] GC(22) Pause Young (Normal) (G1 Evacuation Pause)
[2021-04-16T14:24:14.997-0900][gc,task     ] GC(22) Using 8 workers of 8 for evacuation
[2021-04-16T14:24:15.028-0900][gc,mmu      ] GC(22) MMU target violated: 21.0ms (20.0ms/21.0ms)
[2021-04-16T14:24:15.028-0900][gc,phases   ] GC(22)   Pre Evacuate Collection Set: 1.3ms
[2021-04-16T14:24:15.028-0900][gc,phases   ] GC(22)   Merge Heap Roots: 0.5ms
[2021-04-16T14:24:15.028-0900][gc,phases   ] GC(22)   Evacuate Collection Set: 27.0ms
[2021-04-16T14:24:15.028-0900][gc,phases   ] GC(22)   Post Evacuate Collection Set: 2.0ms
[2021-04-16T14:24:15.028-0900][gc,phases   ] GC(22)   Other: 2.2ms
[2021-04-16T14:24:15.028-0900][gc,heap     ] GC(22) Eden regions: 339->0(43)
[2021-04-16T14:24:15.029-0900][gc,heap     ] GC(22) Survivor regions: 7->8(44)
[2021-04-16T14:24:15.029-0900][gc,heap     ] GC(22) Old regions: 42->42
[2021-04-16T14:24:15.029-0900][gc,heap     ] GC(22) Archive regions: 2->2
[2021-04-16T14:24:15.029-0900][gc,heap     ] GC(22) Humongous regions: 129->129
[2021-04-16T14:24:15.029-0900][gc,metaspace] GC(22) Metaspace: 41308K(42140K)->41308K(42140K) NonClass: 36433K(37040K)->36433K(37040K) Class: 4875K(5100K)->4875K(5100K)
[2021-04-16T14:24:15.029-0900][gc          ] GC(22) Pause Young (Normal) (G1 Evacuation Pause) 516M->178M(1024M) 33.065ms
[2021-04-16T14:24:15.029-0900][gc,cpu      ] GC(22) User=0.06s Sys=0.05s Real=0.03s
[2021-04-16T14:27:51.707-0900][gc,start    ] GC(23) Pause Young (Normal) (G1 Evacuation Pause)
[2021-04-16T14:27:51.708-0900][gc,task     ] GC(23) Using 8 workers of 8 for evacuation
[2021-04-16T14:27:51.733-0900][gc,mmu      ] GC(23) MMU target violated: 21.0ms (20.0ms/21.0ms)
[2021-04-16T14:27:51.733-0900][gc,phases   ] GC(23)   Pre Evacuate Collection Set: 1.1ms
[2021-04-16T14:27:51.733-0900][gc,phases   ] GC(23)   Merge Heap Roots: 0.2ms
[2021-04-16T14:27:51.733-0900][gc,phases   ] GC(23)   Evacuate Collection Set: 21.1ms
[2021-04-16T14:27:51.733-0900][gc,phases   ] GC(23)   Post Evacuate Collection Set: 1.9ms
[2021-04-16T14:27:51.733-0900][gc,phases   ] GC(23)   Other: 1.9ms
[2021-04-16T14:27:51.733-0900][gc,heap     ] GC(23) Eden regions: 43->0(550)
[2021-04-16T14:27:51.733-0900][gc,heap     ] GC(23) Survivor regions: 8->3(7)
[2021-04-16T14:27:51.733-0900][gc,heap     ] GC(23) Old regions: 42->45
[2021-04-16T14:27:51.733-0900][gc,heap     ] GC(23) Archive regions: 2->2
[2021-04-16T14:27:51.733-0900][gc,heap     ] GC(23) Humongous regions: 129->129
[2021-04-16T14:27:51.733-0900][gc,metaspace] GC(23) Metaspace: 41309K(42140K)->41309K(42140K) NonClass: 36434K(37040K)->36434K(37040K) Class: 4875K(5100K)->4875K(5100K)
[2021-04-16T14:27:51.733-0900][gc          ] GC(23) Pause Young (Normal) (G1 Evacuation Pause) 221M->176M(1024M) 26.292ms
[2021-04-16T14:27:51.733-0900][gc,cpu      ] GC(23) User=0.04s Sys=0.05s Real=0.03s
[2021-04-16T15:14:42.630-0900][gc,start    ] GC(24) Pause Young (Normal) (G1 Evacuation Pause)
[2021-04-16T15:14:42.633-0900][gc,task     ] GC(24) Using 8 workers of 8 for evacuation
[2021-04-16T15:14:42.746-0900][gc,mmu      ] GC(24) MMU target violated: 21.0ms (20.0ms/21.0ms)
[2021-04-16T15:14:42.747-0900][gc,phases   ] GC(24)   Pre Evacuate Collection Set: 0.9ms
[2021-04-16T15:14:42.747-0900][gc,phases   ] GC(24)   Merge Heap Roots: 0.4ms
[2021-04-16T15:14:42.747-0900][gc,phases   ] GC(24)   Evacuate Collection Set: 104.2ms
[2021-04-16T15:14:42.747-0900][gc,phases   ] GC(24)   Post Evacuate Collection Set: 7.6ms
[2021-04-16T15:14:42.747-0900][gc,phases   ] GC(24)   Other: 3.2ms
[2021-04-16T15:14:42.747-0900][gc,heap     ] GC(24) Eden regions: 550->0(33)
[2021-04-16T15:14:42.747-0900][gc,heap     ] GC(24) Survivor regions: 3->18(70)
[2021-04-16T15:14:42.747-0900][gc,heap     ] GC(24) Old regions: 45->45
[2021-04-16T15:14:42.747-0900][gc,heap     ] GC(24) Archive regions: 2->2
[2021-04-16T15:14:42.747-0900][gc,heap     ] GC(24) Humongous regions: 129->129
[2021-04-16T15:14:42.747-0900][gc,metaspace] GC(24) Metaspace: 41355K(42140K)->41355K(42140K) NonClass: 36480K(37040K)->36480K(37040K) Class: 4875K(5100K)->4875K(5100K)
[2021-04-16T15:14:42.747-0900][gc          ] GC(24) Pause Young (Normal) (G1 Evacuation Pause) 726M->191M(1024M) 116.327ms
[2021-04-16T15:14:42.747-0900][gc,cpu      ] GC(24) User=0.14s Sys=0.18s Real=0.11s
[2021-04-16T15:17:28.386-0900][gc,start    ] GC(25) Pause Young (Normal) (G1 Evacuation Pause)
[2021-04-16T15:17:28.386-0900][gc,task     ] GC(25) Using 8 workers of 8 for evacuation
[2021-04-16T15:17:28.460-0900][gc,mmu      ] GC(25) MMU target violated: 21.0ms (20.0ms/21.0ms)
[2021-04-16T15:17:28.461-0900][gc,phases   ] GC(25)   Pre Evacuate Collection Set: 1.4ms
[2021-04-16T15:17:28.461-0900][gc,phases   ] GC(25)   Merge Heap Roots: 0.2ms
[2021-04-16T15:17:28.461-0900][gc,phases   ] GC(25)   Evacuate Collection Set: 69.1ms
[2021-04-16T15:17:28.461-0900][gc,phases   ] GC(25)   Post Evacuate Collection Set: 3.1ms
[2021-04-16T15:17:28.461-0900][gc,phases   ] GC(25)   Other: 1.9ms
[2021-04-16T15:17:28.461-0900][gc,heap     ] GC(25) Eden regions: 33->0(46)
[2021-04-16T15:17:28.461-0900][gc,heap     ] GC(25) Survivor regions: 18->5(7)
[2021-04-16T15:17:28.461-0900][gc,heap     ] GC(25) Old regions: 45->59
[2021-04-16T15:17:28.461-0900][gc,heap     ] GC(25) Archive regions: 2->2
[2021-04-16T15:17:28.461-0900][gc,heap     ] GC(25) Humongous regions: 129->129
[2021-04-16T15:17:28.461-0900][gc,metaspace] GC(25) Metaspace: 41355K(42140K)->41355K(42140K) NonClass: 36480K(37040K)->36480K(37040K) Class: 4875K(5100K)->4875K(5100K)
[2021-04-16T15:17:28.461-0900][gc          ] GC(25) Pause Young (Normal) (G1 Evacuation Pause) 224M->192M(1024M) 75.027ms
[2021-04-16T15:17:28.461-0900][gc,cpu      ] GC(25) User=0.10s Sys=0.08s Real=0.08s
[2021-04-16T15:21:22.336-0900][gc,start    ] GC(26) Pause Young (Normal) (G1 Evacuation Pause)
[2021-04-16T15:21:22.337-0900][gc,task     ] GC(26) Using 8 workers of 8 for evacuation
[2021-04-16T15:21:22.352-0900][gc,phases   ] GC(26)   Pre Evacuate Collection Set: 0.9ms
[2021-04-16T15:21:22.352-0900][gc,phases   ] GC(26)   Merge Heap Roots: 0.1ms
[2021-04-16T15:21:22.352-0900][gc,phases   ] GC(26)   Evacuate Collection Set: 11.9ms
[2021-04-16T15:21:22.352-0900][gc,phases   ] GC(26)   Post Evacuate Collection Set: 1.8ms
[2021-04-16T15:21:22.352-0900][gc,phases   ] GC(26)   Other: 1.4ms
[2021-04-16T15:21:22.352-0900][gc,heap     ] GC(26) Eden regions: 46->0(46)
[2021-04-16T15:21:22.352-0900][gc,heap     ] GC(26) Survivor regions: 5->5(7)
[2021-04-16T15:21:22.352-0900][gc,heap     ] GC(26) Old regions: 59->59
[2021-04-16T15:21:22.352-0900][gc,heap     ] GC(26) Archive regions: 2->2
[2021-04-16T15:21:22.352-0900][gc,heap     ] GC(26) Humongous regions: 129->129
[2021-04-16T15:21:22.352-0900][gc,metaspace] GC(26) Metaspace: 41355K(42140K)->41355K(42140K) NonClass: 36480K(37040K)->36480K(37040K) Class: 4875K(5100K)->4875K(5100K)
[2021-04-16T15:21:22.352-0900][gc          ] GC(26) Pause Young (Normal) (G1 Evacuation Pause) 238M->192M(1024M) 16.499ms
[2021-04-16T15:21:22.352-0900][gc,cpu      ] GC(26) User=0.03s Sys=0.02s Real=0.02s
[2021-04-16T15:25:16.761-0900][gc,start    ] GC(27) Pause Young (Normal) (G1 Evacuation Pause)
[2021-04-16T15:25:16.761-0900][gc,task     ] GC(27) Using 8 workers of 8 for evacuation
[2021-04-16T15:25:16.776-0900][gc,phases   ] GC(27)   Pre Evacuate Collection Set: 0.4ms
[2021-04-16T15:25:16.776-0900][gc,phases   ] GC(27)   Merge Heap Roots: 0.1ms
[2021-04-16T15:25:16.776-0900][gc,phases   ] GC(27)   Evacuate Collection Set: 13.3ms
[2021-04-16T15:25:16.776-0900][gc,phases   ] GC(27)   Post Evacuate Collection Set: 1.2ms
[2021-04-16T15:25:16.776-0900][gc,phases   ] GC(27)   Other: 0.6ms
[2021-04-16T15:25:16.776-0900][gc,heap     ] GC(27) Eden regions: 46->0(44)
[2021-04-16T15:25:16.776-0900][gc,heap     ] GC(27) Survivor regions: 5->7(7)
[2021-04-16T15:25:16.776-0900][gc,heap     ] GC(27) Old regions: 59->60
[2021-04-16T15:25:16.776-0900][gc,heap     ] GC(27) Archive regions: 2->2
[2021-04-16T15:25:16.776-0900][gc,heap     ] GC(27) Humongous regions: 129->129
[2021-04-16T15:25:16.776-0900][gc,metaspace] GC(27) Metaspace: 41357K(42140K)->41357K(42140K) NonClass: 36482K(37040K)->36482K(37040K) Class: 4875K(5100K)->4875K(5100K)
[2021-04-16T15:25:16.777-0900][gc          ] GC(27) Pause Young (Normal) (G1 Evacuation Pause) 238M->196M(1024M) 15.811ms
[2021-04-16T15:25:16.777-0900][gc,cpu      ] GC(27) User=0.04s Sys=0.00s Real=0.01s
[2021-04-16T15:29:01.199-0900][gc,start    ] GC(28) Pause Young (Normal) (G1 Evacuation Pause)
[2021-04-16T15:29:01.200-0900][gc,task     ] GC(28) Using 8 workers of 8 for evacuation
[2021-04-16T15:29:01.235-0900][gc,mmu      ] GC(28) MMU target violated: 21.0ms (20.0ms/21.0ms)
[2021-04-16T15:29:01.236-0900][gc,phases   ] GC(28)   Pre Evacuate Collection Set: 13.8ms
[2021-04-16T15:29:01.236-0900][gc,phases   ] GC(28)   Merge Heap Roots: 0.2ms
[2021-04-16T15:29:01.236-0900][gc,phases   ] GC(28)   Evacuate Collection Set: 19.7ms
[2021-04-16T15:29:01.236-0900][gc,phases   ] GC(28)   Post Evacuate Collection Set: 1.5ms
[2021-04-16T15:29:01.236-0900][gc,phases   ] GC(28)   Other: 1.0ms
[2021-04-16T15:29:01.236-0900][gc,heap     ] GC(28) Eden regions: 44->0(48)
[2021-04-16T15:29:01.236-0900][gc,heap     ] GC(28) Survivor regions: 7->3(7)
[2021-04-16T15:29:01.236-0900][gc,heap     ] GC(28) Old regions: 60->65
[2021-04-16T15:29:01.236-0900][gc,heap     ] GC(28) Archive regions: 2->2
[2021-04-16T15:29:01.236-0900][gc,heap     ] GC(28) Humongous regions: 129->129
[2021-04-16T15:29:01.236-0900][gc,metaspace] GC(28) Metaspace: 41357K(42140K)->41357K(42140K) NonClass: 36482K(37040K)->36482K(37040K) Class: 4875K(5100K)->4875K(5100K)
[2021-04-16T15:29:01.236-0900][gc          ] GC(28) Pause Young (Normal) (G1 Evacuation Pause) 240M->196M(1024M) 36.399ms
[2021-04-16T15:29:01.236-0900][gc,cpu      ] GC(28) User=0.04s Sys=0.04s Real=0.04s
[2021-04-16T15:33:05.311-0900][gc,start    ] GC(29) Pause Young (Normal) (G1 Evacuation Pause)
[2021-04-16T15:33:05.312-0900][gc,task     ] GC(29) Using 8 workers of 8 for evacuation
[2021-04-16T15:33:05.334-0900][gc,mmu      ] GC(29) MMU target violated: 21.0ms (20.0ms/21.0ms)
[2021-04-16T15:33:05.334-0900][gc,phases   ] GC(29)   Pre Evacuate Collection Set: 0.9ms
[2021-04-16T15:33:05.334-0900][gc,phases   ] GC(29)   Merge Heap Roots: 0.1ms
[2021-04-16T15:33:05.334-0900][gc,phases   ] GC(29)   Evacuate Collection Set: 17.9ms
[2021-04-16T15:33:05.334-0900][gc,phases   ] GC(29)   Post Evacuate Collection Set: 2.3ms
[2021-04-16T15:33:05.334-0900][gc,phases   ] GC(29)   Other: 1.6ms
[2021-04-16T15:33:05.334-0900][gc,heap     ] GC(29) Eden regions: 48->0(45)
[2021-04-16T15:33:05.334-0900][gc,heap     ] GC(29) Survivor regions: 3->6(7)
[2021-04-16T15:33:05.334-0900][gc,heap     ] GC(29) Old regions: 65->65
[2021-04-16T15:33:05.334-0900][gc,heap     ] GC(29) Archive regions: 2->2
[2021-04-16T15:33:05.334-0900][gc,heap     ] GC(29) Humongous regions: 129->129
[2021-04-16T15:33:05.334-0900][gc,metaspace] GC(29) Metaspace: 41358K(42140K)->41358K(42140K) NonClass: 36483K(37040K)->36483K(37040K) Class: 4875K(5100K)->4875K(5100K)
[2021-04-16T15:33:05.334-0900][gc          ] GC(29) Pause Young (Normal) (G1 Evacuation Pause) 244M->199M(1024M) 22.892ms
[2021-04-16T15:33:05.334-0900][gc,cpu      ] GC(29) User=0.04s Sys=0.03s Real=0.02s
[2021-04-16T15:36:53.876-0900][gc,start    ] GC(30) Pause Young (Normal) (G1 Evacuation Pause)
[2021-04-16T15:36:53.876-0900][gc,task     ] GC(30) Using 8 workers of 8 for evacuation
[2021-04-16T15:36:53.903-0900][gc,mmu      ] GC(30) MMU target violated: 21.0ms (20.0ms/21.0ms)
[2021-04-16T15:36:53.904-0900][gc,phases   ] GC(30)   Pre Evacuate Collection Set: 0.8ms
[2021-04-16T15:36:53.904-0900][gc,phases   ] GC(30)   Merge Heap Roots: 0.2ms
[2021-04-16T15:36:53.904-0900][gc,phases   ] GC(30)   Evacuate Collection Set: 24.5ms
[2021-04-16T15:36:53.904-0900][gc,phases   ] GC(30)   Post Evacuate Collection Set: 1.5ms
[2021-04-16T15:36:53.904-0900][gc,phases   ] GC(30)   Other: 1.0ms
[2021-04-16T15:36:53.904-0900][gc,heap     ] GC(30) Eden regions: 45->0(44)
[2021-04-16T15:36:53.904-0900][gc,heap     ] GC(30) Survivor regions: 6->7(7)
[2021-04-16T15:36:53.904-0900][gc,heap     ] GC(30) Old regions: 65->67
[2021-04-16T15:36:53.904-0900][gc,heap     ] GC(30) Archive regions: 2->2
[2021-04-16T15:36:53.904-0900][gc,heap     ] GC(30) Humongous regions: 129->129
[2021-04-16T15:36:53.904-0900][gc,metaspace] GC(30) Metaspace: 41362K(42140K)->41362K(42140K) NonClass: 36487K(37040K)->36487K(37040K) Class: 4875K(5100K)->4875K(5100K)
[2021-04-16T15:36:53.904-0900][gc          ] GC(30) Pause Young (Normal) (G1 Evacuation Pause) 244M->202M(1024M) 28.417ms
[2021-04-16T15:36:53.904-0900][gc,cpu      ] GC(30) User=0.05s Sys=0.02s Real=0.03s
[2021-04-16T15:40:37.062-0900][gc,start    ] GC(31) Pause Young (Normal) (G1 Evacuation Pause)
[2021-04-16T15:40:37.064-0900][gc,task     ] GC(31) Using 8 workers of 8 for evacuation
[2021-04-16T15:40:37.087-0900][gc,mmu      ] GC(31) MMU target violated: 21.0ms (20.0ms/21.0ms)
[2021-04-16T15:40:37.087-0900][gc,phases   ] GC(31)   Pre Evacuate Collection Set: 1.0ms
[2021-04-16T15:40:37.087-0900][gc,phases   ] GC(31)   Merge Heap Roots: 0.3ms
[2021-04-16T15:40:37.087-0900][gc,phases   ] GC(31)   Evacuate Collection Set: 19.1ms
[2021-04-16T15:40:37.087-0900][gc,phases   ] GC(31)   Post Evacuate Collection Set: 2.2ms
[2021-04-16T15:40:37.087-0900][gc,phases   ] GC(31)   Other: 2.9ms
[2021-04-16T15:40:37.087-0900][gc,heap     ] GC(31) Eden regions: 44->0(48)
[2021-04-16T15:40:37.087-0900][gc,heap     ] GC(31) Survivor regions: 7->3(7)
[2021-04-16T15:40:37.087-0900][gc,heap     ] GC(31) Old regions: 67->71
[2021-04-16T15:40:37.087-0900][gc,heap     ] GC(31) Archive regions: 2->2
[2021-04-16T15:40:37.087-0900][gc,heap     ] GC(31) Humongous regions: 129->129
[2021-04-16T15:40:37.087-0900][gc,metaspace] GC(31) Metaspace: 41362K(42140K)->41362K(42140K) NonClass: 36487K(37040K)->36487K(37040K) Class: 4875K(5100K)->4875K(5100K)
[2021-04-16T15:40:37.088-0900][gc          ] GC(31) Pause Young (Normal) (G1 Evacuation Pause) 246M->203M(1024M) 25.675ms
[2021-04-16T15:40:37.088-0900][gc,cpu      ] GC(31) User=0.05s Sys=0.03s Real=0.02s
[2021-04-16T15:44:41.110-0900][gc,start    ] GC(32) Pause Young (Normal) (G1 Evacuation Pause)
[2021-04-16T15:44:41.111-0900][gc,task     ] GC(32) Using 8 workers of 8 for evacuation
[2021-04-16T15:44:41.129-0900][gc,phases   ] GC(32)   Pre Evacuate Collection Set: 0.4ms
[2021-04-16T15:44:41.129-0900][gc,phases   ] GC(32)   Merge Heap Roots: 0.2ms
[2021-04-16T15:44:41.129-0900][gc,phases   ] GC(32)   Evacuate Collection Set: 15.5ms
[2021-04-16T15:44:41.129-0900][gc,phases   ] GC(32)   Post Evacuate Collection Set: 0.7ms
[2021-04-16T15:44:41.129-0900][gc,phases   ] GC(32)   Other: 2.2ms
[2021-04-16T15:44:41.129-0900][gc,heap     ] GC(32) Eden regions: 48->0(44)
[2021-04-16T15:44:41.129-0900][gc,heap     ] GC(32) Survivor regions: 3->7(7)
[2021-04-16T15:44:41.129-0900][gc,heap     ] GC(32) Old regions: 71->71
[2021-04-16T15:44:41.129-0900][gc,heap     ] GC(32) Archive regions: 2->2
[2021-04-16T15:44:41.129-0900][gc,heap     ] GC(32) Humongous regions: 129->129
[2021-04-16T15:44:41.129-0900][gc,metaspace] GC(32) Metaspace: 41364K(42140K)->41364K(42140K) NonClass: 36488K(37040K)->36488K(37040K) Class: 4875K(5100K)->4875K(5100K)
[2021-04-16T15:44:41.129-0900][gc          ] GC(32) Pause Young (Normal) (G1 Evacuation Pause) 251M->206M(1024M) 19.217ms
[2021-04-16T15:44:41.129-0900][gc,cpu      ] GC(32) User=0.04s Sys=0.02s Real=0.01s
[2021-04-16T15:48:25.484-0900][gc,start    ] GC(33) Pause Young (Normal) (G1 Evacuation Pause)
[2021-04-16T15:48:25.485-0900][gc,task     ] GC(33) Using 8 workers of 8 for evacuation
[2021-04-16T15:48:25.504-0900][gc,phases   ] GC(33)   Pre Evacuate Collection Set: 0.9ms
[2021-04-16T15:48:25.504-0900][gc,phases   ] GC(33)   Merge Heap Roots: 0.1ms
[2021-04-16T15:48:25.504-0900][gc,phases   ] GC(33)   Evacuate Collection Set: 16.2ms
[2021-04-16T15:48:25.504-0900][gc,phases   ] GC(33)   Post Evacuate Collection Set: 1.7ms
[2021-04-16T15:48:25.504-0900][gc,phases   ] GC(33)   Other: 1.1ms
[2021-04-16T15:48:25.504-0900][gc,heap     ] GC(33) Eden regions: 44->0(46)
[2021-04-16T15:48:25.504-0900][gc,heap     ] GC(33) Survivor regions: 7->5(7)
[2021-04-16T15:48:25.504-0900][gc,heap     ] GC(33) Old regions: 71->75
[2021-04-16T15:48:25.504-0900][gc,heap     ] GC(33) Archive regions: 2->2
[2021-04-16T15:48:25.504-0900][gc,heap     ] GC(33) Humongous regions: 129->129
[2021-04-16T15:48:25.504-0900][gc,metaspace] GC(33) Metaspace: 41364K(42140K)->41364K(42140K) NonClass: 36488K(37040K)->36488K(37040K) Class: 4875K(5100K)->4875K(5100K)
[2021-04-16T15:48:25.504-0900][gc          ] GC(33) Pause Young (Normal) (G1 Evacuation Pause) 250M->209M(1024M) 20.177ms
[2021-04-16T15:48:25.504-0900][gc,cpu      ] GC(33) User=0.05s Sys=0.02s Real=0.02s
[2021-04-16T15:52:02.268-0900][gc,start    ] GC(34) Pause Young (Normal) (G1 Evacuation Pause)
[2021-04-16T15:52:02.269-0900][gc,task     ] GC(34) Using 8 workers of 8 for evacuation
[2021-04-16T15:52:02.288-0900][gc,phases   ] GC(34)   Pre Evacuate Collection Set: 0.4ms
[2021-04-16T15:52:02.288-0900][gc,phases   ] GC(34)   Merge Heap Roots: 0.2ms
[2021-04-16T15:52:02.288-0900][gc,phases   ] GC(34)   Evacuate Collection Set: 16.3ms
[2021-04-16T15:52:02.288-0900][gc,phases   ] GC(34)   Post Evacuate Collection Set: 1.3ms
[2021-04-16T15:52:02.288-0900][gc,phases   ] GC(34)   Other: 1.9ms
[2021-04-16T15:52:02.288-0900][gc,heap     ] GC(34) Eden regions: 46->0(47)
[2021-04-16T15:52:02.288-0900][gc,heap     ] GC(34) Survivor regions: 5->5(7)
[2021-04-16T15:52:02.288-0900][gc,heap     ] GC(34) Old regions: 75->77
[2021-04-16T15:52:02.288-0900][gc,heap     ] GC(34) Archive regions: 2->2
[2021-04-16T15:52:02.288-0900][gc,heap     ] GC(34) Humongous regions: 129->129
[2021-04-16T15:52:02.288-0900][gc,metaspace] GC(34) Metaspace: 41367K(42140K)->41367K(42140K) NonClass: 36492K(37040K)->36492K(37040K) Class: 4875K(5100K)->4875K(5100K)
[2021-04-16T15:52:02.288-0900][gc          ] GC(34) Pause Young (Normal) (G1 Evacuation Pause) 255M->210M(1024M) 20.316ms
[2021-04-16T15:52:02.288-0900][gc,cpu      ] GC(34) User=0.05s Sys=0.01s Real=0.02s
[2021-04-16T15:55:55.886-0900][gc,start    ] GC(35) Pause Young (Normal) (G1 Evacuation Pause)
[2021-04-16T15:55:55.888-0900][gc,task     ] GC(35) Using 8 workers of 8 for evacuation
[2021-04-16T15:55:55.902-0900][gc,phases   ] GC(35)   Pre Evacuate Collection Set: 1.3ms
[2021-04-16T15:55:55.902-0900][gc,phases   ] GC(35)   Merge Heap Roots: 0.2ms
[2021-04-16T15:55:55.902-0900][gc,phases   ] GC(35)   Evacuate Collection Set: 12.3ms
[2021-04-16T15:55:55.902-0900][gc,phases   ] GC(35)   Post Evacuate Collection Set: 0.5ms
[2021-04-16T15:55:55.902-0900][gc,phases   ] GC(35)   Other: 2.3ms
[2021-04-16T15:55:55.902-0900][gc,heap     ] GC(35) Eden regions: 46->0(100)
[2021-04-16T15:55:55.902-0900][gc,heap     ] GC(35) Survivor regions: 5->4(7)
[2021-04-16T15:55:55.902-0900][gc,heap     ] GC(35) Old regions: 77->80
[2021-04-16T15:55:55.902-0900][gc,heap     ] GC(35) Archive regions: 2->2
[2021-04-16T15:55:55.902-0900][gc,heap     ] GC(35) Humongous regions: 129->129
[2021-04-16T15:55:55.902-0900][gc,metaspace] GC(35) Metaspace: 41368K(42140K)->41368K(42140K) NonClass: 36493K(37040K)->36493K(37040K) Class: 4875K(5100K)->4875K(5100K)
[2021-04-16T15:55:55.902-0900][gc          ] GC(35) Pause Young (Normal) (G1 Evacuation Pause) 256M->212M(1024M) 16.724ms
[2021-04-16T15:55:55.902-0900][gc,cpu      ] GC(35) User=0.04s Sys=0.01s Real=0.02s
[2021-04-16T16:04:22.503-0900][gc,start    ] GC(36) Pause Young (Normal) (G1 Evacuation Pause)
[2021-04-16T16:04:22.505-0900][gc,task     ] GC(36) Using 8 workers of 8 for evacuation
[2021-04-16T16:04:22.536-0900][gc,mmu      ] GC(36) MMU target violated: 21.0ms (20.0ms/21.0ms)
[2021-04-16T16:04:22.536-0900][gc,phases   ] GC(36)   Pre Evacuate Collection Set: 0.9ms
[2021-04-16T16:04:22.536-0900][gc,phases   ] GC(36)   Merge Heap Roots: 0.2ms
[2021-04-16T16:04:22.536-0900][gc,phases   ] GC(36)   Evacuate Collection Set: 26.9ms
[2021-04-16T16:04:22.536-0900][gc,phases   ] GC(36)   Post Evacuate Collection Set: 1.9ms
[2021-04-16T16:04:22.536-0900][gc,phases   ] GC(36)   Other: 2.9ms
[2021-04-16T16:04:22.536-0900][gc,heap     ] GC(36) Eden regions: 100->0(43)
[2021-04-16T16:04:22.536-0900][gc,heap     ] GC(36) Survivor regions: 4->8(13)
[2021-04-16T16:04:22.536-0900][gc,heap     ] GC(36) Old regions: 80->80
[2021-04-16T16:04:22.536-0900][gc,heap     ] GC(36) Archive regions: 2->2
[2021-04-16T16:04:22.536-0900][gc,heap     ] GC(36) Humongous regions: 129->129
[2021-04-16T16:04:22.536-0900][gc,metaspace] GC(36) Metaspace: 41377K(42140K)->41377K(42140K) NonClass: 36502K(37040K)->36502K(37040K) Class: 4875K(5100K)->4875K(5100K)
[2021-04-16T16:04:22.536-0900][gc          ] GC(36) Pause Young (Normal) (G1 Evacuation Pause) 312M->216M(1024M) 33.025ms
[2021-04-16T16:04:22.536-0900][gc,cpu      ] GC(36) User=0.05s Sys=0.03s Real=0.03s
[2021-04-16T16:08:00.293-0900][gc,start    ] GC(37) Pause Young (Normal) (G1 Evacuation Pause)
[2021-04-16T16:08:00.295-0900][gc,task     ] GC(37) Using 8 workers of 8 for evacuation
[2021-04-16T16:08:00.312-0900][gc,phases   ] GC(37)   Pre Evacuate Collection Set: 0.5ms
[2021-04-16T16:08:00.312-0900][gc,phases   ] GC(37)   Merge Heap Roots: 0.1ms
[2021-04-16T16:08:00.312-0900][gc,phases   ] GC(37)   Evacuate Collection Set: 15.6ms
[2021-04-16T16:08:00.312-0900][gc,phases   ] GC(37)   Post Evacuate Collection Set: 1.1ms
[2021-04-16T16:08:00.312-0900][gc,phases   ] GC(37)   Other: 1.8ms
[2021-04-16T16:08:00.312-0900][gc,heap     ] GC(37) Eden regions: 43->0(49)
[2021-04-16T16:08:00.312-0900][gc,heap     ] GC(37) Survivor regions: 8->5(7)
[2021-04-16T16:08:00.312-0900][gc,heap     ] GC(37) Old regions: 80->85
[2021-04-16T16:08:00.312-0900][gc,heap     ] GC(37) Archive regions: 2->2
[2021-04-16T16:08:00.312-0900][gc,heap     ] GC(37) Humongous regions: 129->129
[2021-04-16T16:08:00.313-0900][gc,metaspace] GC(37) Metaspace: 41388K(42140K)->41388K(42140K) NonClass: 36513K(37040K)->36513K(37040K) Class: 4875K(5100K)->4875K(5100K)
[2021-04-16T16:08:00.313-0900][gc          ] GC(37) Pause Young (Normal) (G1 Evacuation Pause) 259M->219M(1024M) 19.307ms
[2021-04-16T16:08:00.313-0900][gc,cpu      ] GC(37) User=0.06s Sys=0.02s Real=0.02s
[2021-04-16T16:12:07.293-0900][gc,start    ] GC(38) Pause Young (Normal) (G1 Evacuation Pause)
[2021-04-16T16:12:07.295-0900][gc,task     ] GC(38) Using 8 workers of 8 for evacuation
[2021-04-16T16:12:07.319-0900][gc,mmu      ] GC(38) MMU target violated: 21.0ms (20.0ms/21.0ms)
[2021-04-16T16:12:07.319-0900][gc,phases   ] GC(38)   Pre Evacuate Collection Set: 1.5ms
[2021-04-16T16:12:07.319-0900][gc,phases   ] GC(38)   Merge Heap Roots: 0.4ms
[2021-04-16T16:12:07.319-0900][gc,phases   ] GC(38)   Evacuate Collection Set: 16.0ms
[2021-04-16T16:12:07.319-0900][gc,phases   ] GC(38)   Post Evacuate Collection Set: 5.3ms
[2021-04-16T16:12:07.319-0900][gc,phases   ] GC(38)   Other: 3.0ms
[2021-04-16T16:12:07.319-0900][gc,heap     ] GC(38) Eden regions: 49->0(57)
[2021-04-16T16:12:07.319-0900][gc,heap     ] GC(38) Survivor regions: 5->4(7)
[2021-04-16T16:12:07.319-0900][gc,heap     ] GC(38) Old regions: 85->87
[2021-04-16T16:12:07.319-0900][gc,heap     ] GC(38) Archive regions: 2->2
[2021-04-16T16:12:07.319-0900][gc,heap     ] GC(38) Humongous regions: 129->129
[2021-04-16T16:12:07.319-0900][gc,metaspace] GC(38) Metaspace: 41388K(42140K)->41388K(42140K) NonClass: 36513K(37040K)->36513K(37040K) Class: 4875K(5100K)->4875K(5100K)
[2021-04-16T16:12:07.319-0900][gc          ] GC(38) Pause Young (Normal) (G1 Evacuation Pause) 268M->220M(1024M) 26.406ms
[2021-04-16T16:12:07.319-0900][gc,cpu      ] GC(38) User=0.04s Sys=0.03s Real=0.02s
[2021-04-16T16:16:45.096-0900][gc,start    ] GC(39) Pause Young (Normal) (G1 Evacuation Pause)
[2021-04-16T16:16:45.098-0900][gc,task     ] GC(39) Using 8 workers of 8 for evacuation
[2021-04-16T16:16:45.114-0900][gc,phases   ] GC(39)   Pre Evacuate Collection Set: 0.4ms
[2021-04-16T16:16:45.115-0900][gc,phases   ] GC(39)   Merge Heap Roots: 0.2ms
[2021-04-16T16:16:45.115-0900][gc,phases   ] GC(39)   Evacuate Collection Set: 15.0ms
[2021-04-16T16:16:45.115-0900][gc,phases   ] GC(39)   Post Evacuate Collection Set: 0.7ms
[2021-04-16T16:16:45.115-0900][gc,phases   ] GC(39)   Other: 2.0ms
[2021-04-16T16:16:45.115-0900][gc,heap     ] GC(39) Eden regions: 55->0(45)
[2021-04-16T16:16:45.115-0900][gc,heap     ] GC(39) Survivor regions: 4->6(8)
[2021-04-16T16:16:45.115-0900][gc,heap     ] GC(39) Old regions: 87->87
[2021-04-16T16:16:45.115-0900][gc,heap     ] GC(39) Archive regions: 2->2
[2021-04-16T16:16:45.115-0900][gc,heap     ] GC(39) Humongous regions: 129->129
[2021-04-16T16:16:45.115-0900][gc,metaspace] GC(39) Metaspace: 41390K(42140K)->41390K(42140K) NonClass: 36514K(37040K)->36514K(37040K) Class: 4875K(5100K)->4875K(5100K)
[2021-04-16T16:16:45.115-0900][gc          ] GC(39) Pause Young (Normal) (G1 Evacuation Pause) 275M->222M(1024M) 19.073ms
[2021-04-16T16:16:45.115-0900][gc,cpu      ] GC(39) User=0.05s Sys=0.01s Real=0.02s
[2021-04-16T16:20:32.815-0900][gc,start    ] GC(40) Pause Young (Normal) (G1 Evacuation Pause)
[2021-04-16T16:20:32.816-0900][gc,task     ] GC(40) Using 8 workers of 8 for evacuation
[2021-04-16T16:20:32.826-0900][gc,phases   ] GC(40)   Pre Evacuate Collection Set: 0.8ms
[2021-04-16T16:20:32.826-0900][gc,phases   ] GC(40)   Merge Heap Roots: 0.2ms
[2021-04-16T16:20:32.826-0900][gc,phases   ] GC(40)   Evacuate Collection Set: 7.6ms
[2021-04-16T16:20:32.826-0900][gc,phases   ] GC(40)   Post Evacuate Collection Set: 1.3ms
[2021-04-16T16:20:32.826-0900][gc,phases   ] GC(40)   Other: 1.4ms
[2021-04-16T16:20:32.826-0900][gc,heap     ] GC(40) Eden regions: 45->0(51)
[2021-04-16T16:20:32.826-0900][gc,heap     ] GC(40) Survivor regions: 6->6(7)
[2021-04-16T16:20:32.826-0900][gc,heap     ] GC(40) Old regions: 87->90
[2021-04-16T16:20:32.826-0900][gc,heap     ] GC(40) Archive regions: 2->2
[2021-04-16T16:20:32.826-0900][gc,heap     ] GC(40) Humongous regions: 129->129
[2021-04-16T16:20:32.826-0900][gc,metaspace] GC(40) Metaspace: 41390K(42140K)->41390K(42140K) NonClass: 36514K(37040K)->36514K(37040K) Class: 4875K(5100K)->4875K(5100K)
[2021-04-16T16:20:32.826-0900][gc          ] GC(40) Pause Young (Normal) (G1 Evacuation Pause) 267M->225M(1024M) 11.416ms
[2021-04-16T16:20:32.826-0900][gc,cpu      ] GC(40) User=0.04s Sys=0.02s Real=0.01s
[2021-04-16T16:24:27.479-0900][gc,start    ] GC(41) Pause Young (Normal) (G1 Evacuation Pause)
[2021-04-16T16:24:27.480-0900][gc,task     ] GC(41) Using 8 workers of 8 for evacuation
[2021-04-16T16:24:27.511-0900][gc,mmu      ] GC(41) MMU target violated: 21.0ms (20.0ms/21.0ms)
[2021-04-16T16:24:27.511-0900][gc,phases   ] GC(41)   Pre Evacuate Collection Set: 1.3ms
[2021-04-16T16:24:27.511-0900][gc,phases   ] GC(41)   Merge Heap Roots: 0.3ms
[2021-04-16T16:24:27.511-0900][gc,phases   ] GC(41)   Evacuate Collection Set: 27.9ms
[2021-04-16T16:24:27.511-0900][gc,phases   ] GC(41)   Post Evacuate Collection Set: 1.0ms
[2021-04-16T16:24:27.511-0900][gc,phases   ] GC(41)   Other: 2.4ms
[2021-04-16T16:24:27.511-0900][gc,heap     ] GC(41) Eden regions: 50->0(44)
[2021-04-16T16:24:27.511-0900][gc,heap     ] GC(41) Survivor regions: 6->7(7)
[2021-04-16T16:24:27.511-0900][gc,heap     ] GC(41) Old regions: 90->92
[2021-04-16T16:24:27.511-0900][gc,heap     ] GC(41) Archive regions: 2->2
[2021-04-16T16:24:27.511-0900][gc,heap     ] GC(41) Humongous regions: 129->129
[2021-04-16T16:24:27.511-0900][gc,metaspace] GC(41) Metaspace: 41644K(42524K)->41644K(42524K) NonClass: 36705K(37296K)->36705K(37296K) Class: 4939K(5228K)->4939K(5228K)
[2021-04-16T16:24:27.511-0900][gc          ] GC(41) Pause Young (Normal) (G1 Evacuation Pause) 275M->228M(1024M) 32.695ms
[2021-04-16T16:24:27.511-0900][gc,cpu      ] GC(41) User=0.06s Sys=0.06s Real=0.04s
[2021-04-16T16:28:02.249-0900][gc,start    ] GC(42) Pause Young (Normal) (G1 Evacuation Pause)
[2021-04-16T16:28:02.251-0900][gc,task     ] GC(42) Using 8 workers of 8 for evacuation
[2021-04-16T16:28:02.294-0900][gc,mmu      ] GC(42) MMU target violated: 21.0ms (20.0ms/21.0ms)
[2021-04-16T16:28:02.294-0900][gc,phases   ] GC(42)   Pre Evacuate Collection Set: 1.8ms
[2021-04-16T16:28:02.294-0900][gc,phases   ] GC(42)   Merge Heap Roots: 0.5ms
[2021-04-16T16:28:02.294-0900][gc,phases   ] GC(42)   Evacuate Collection Set: 39.2ms
[2021-04-16T16:28:02.295-0900][gc,phases   ] GC(42)   Post Evacuate Collection Set: 1.4ms
[2021-04-16T16:28:02.295-0900][gc,phases   ] GC(42)   Other: 3.1ms
[2021-04-16T16:28:02.295-0900][gc,heap     ] GC(42) Eden regions: 44->0(48)
[2021-04-16T16:28:02.295-0900][gc,heap     ] GC(42) Survivor regions: 7->3(7)
[2021-04-16T16:28:02.295-0900][gc,heap     ] GC(42) Old regions: 92->97
[2021-04-16T16:28:02.295-0900][gc,heap     ] GC(42) Archive regions: 2->2
[2021-04-16T16:28:02.295-0900][gc,heap     ] GC(42) Humongous regions: 129->129
[2021-04-16T16:28:02.295-0900][gc,metaspace] GC(42) Metaspace: 41714K(42524K)->41714K(42524K) NonClass: 36763K(37296K)->36763K(37296K) Class: 4950K(5228K)->4950K(5228K)
[2021-04-16T16:28:02.295-0900][gc          ] GC(42) Pause Young (Normal) (G1 Evacuation Pause) 272M->228M(1024M) 46.443ms
[2021-04-16T16:28:02.295-0900][gc,cpu      ] GC(42) User=0.06s Sys=0.04s Real=0.05s
[2021-04-16T16:32:00.417-0900][gc,start    ] GC(43) Pause Young (Normal) (G1 Evacuation Pause)
[2021-04-16T16:32:00.418-0900][gc,task     ] GC(43) Using 8 workers of 8 for evacuation
[2021-04-16T16:32:00.432-0900][gc,phases   ] GC(43)   Pre Evacuate Collection Set: 0.7ms
[2021-04-16T16:32:00.432-0900][gc,phases   ] GC(43)   Merge Heap Roots: 0.2ms
[2021-04-16T16:32:00.432-0900][gc,phases   ] GC(43)   Evacuate Collection Set: 11.9ms
[2021-04-16T16:32:00.432-0900][gc,phases   ] GC(43)   Post Evacuate Collection Set: 1.0ms
[2021-04-16T16:32:00.432-0900][gc,phases   ] GC(43)   Other: 1.2ms
[2021-04-16T16:32:00.432-0900][gc,heap     ] GC(43) Eden regions: 48->0(45)
[2021-04-16T16:32:00.432-0900][gc,heap     ] GC(43) Survivor regions: 3->6(7)
[2021-04-16T16:32:00.432-0900][gc,heap     ] GC(43) Old regions: 97->97
[2021-04-16T16:32:00.432-0900][gc,heap     ] GC(43) Archive regions: 2->2
[2021-04-16T16:32:00.432-0900][gc,heap     ] GC(43) Humongous regions: 129->129
[2021-04-16T16:32:00.432-0900][gc,metaspace] GC(43) Metaspace: 41800K(42524K)->41800K(42524K) NonClass: 36836K(37296K)->36836K(37296K) Class: 4964K(5228K)->4964K(5228K)
[2021-04-16T16:32:00.433-0900][gc          ] GC(43) Pause Young (Normal) (G1 Evacuation Pause) 276M->232M(1024M) 15.143ms
[2021-04-16T16:32:00.433-0900][gc,cpu      ] GC(43) User=0.05s Sys=0.03s Real=0.02s
[2021-04-16T16:35:38.527-0900][gc,start    ] GC(44) Pause Young (Normal) (G1 Evacuation Pause)
[2021-04-16T16:35:38.528-0900][gc,task     ] GC(44) Using 8 workers of 8 for evacuation
[2021-04-16T16:35:38.556-0900][gc,mmu      ] GC(44) MMU target violated: 21.0ms (20.0ms/21.0ms)
[2021-04-16T16:35:38.556-0900][gc,phases   ] GC(44)   Pre Evacuate Collection Set: 1.3ms
[2021-04-16T16:35:38.556-0900][gc,phases   ] GC(44)   Merge Heap Roots: 0.3ms
[2021-04-16T16:35:38.556-0900][gc,phases   ] GC(44)   Evacuate Collection Set: 24.4ms
[2021-04-16T16:35:38.556-0900][gc,phases   ] GC(44)   Post Evacuate Collection Set: 1.7ms
[2021-04-16T16:35:38.556-0900][gc,phases   ] GC(44)   Other: 1.8ms
[2021-04-16T16:35:38.556-0900][gc,heap     ] GC(44) Eden regions: 45->0(46)
[2021-04-16T16:35:38.556-0900][gc,heap     ] GC(44) Survivor regions: 6->5(7)
[2021-04-16T16:35:38.556-0900][gc,heap     ] GC(44) Old regions: 97->101
[2021-04-16T16:35:38.556-0900][gc,heap     ] GC(44) Archive regions: 2->2
[2021-04-16T16:35:38.556-0900][gc,heap     ] GC(44) Humongous regions: 129->129
[2021-04-16T16:35:38.556-0900][gc,metaspace] GC(44) Metaspace: 41853K(42524K)->41853K(42524K) NonClass: 36880K(37296K)->36880K(37296K) Class: 4973K(5228K)->4973K(5228K)
[2021-04-16T16:35:38.556-0900][gc          ] GC(44) Pause Young (Normal) (G1 Evacuation Pause) 277M->234M(1024M) 29.602ms
[2021-04-16T16:35:38.556-0900][gc,cpu      ] GC(44) User=0.06s Sys=0.04s Real=0.03s
[2021-04-16T16:38:58.233-0900][gc,start    ] GC(45) Pause Young (Normal) (G1 Evacuation Pause)
[2021-04-16T16:38:58.236-0900][gc,task     ] GC(45) Using 8 workers of 8 for evacuation
[2021-04-16T16:38:58.250-0900][gc,phases   ] GC(45)   Pre Evacuate Collection Set: 1.4ms
[2021-04-16T16:38:58.250-0900][gc,phases   ] GC(45)   Merge Heap Roots: 0.3ms
[2021-04-16T16:38:58.250-0900][gc,phases   ] GC(45)   Evacuate Collection Set: 11.0ms
[2021-04-16T16:38:58.250-0900][gc,phases   ] GC(45)   Post Evacuate Collection Set: 1.1ms
[2021-04-16T16:38:58.250-0900][gc,phases   ] GC(45)   Other: 2.9ms
[2021-04-16T16:38:58.250-0900][gc,heap     ] GC(45) Eden regions: 46->0(75)
[2021-04-16T16:38:58.250-0900][gc,heap     ] GC(45) Survivor regions: 5->3(7)
[2021-04-16T16:38:58.250-0900][gc,heap     ] GC(45) Old regions: 101->103
[2021-04-16T16:38:58.250-0900][gc,heap     ] GC(45) Archive regions: 2->2
[2021-04-16T16:38:58.250-0900][gc,heap     ] GC(45) Humongous regions: 129->129
[2021-04-16T16:38:58.250-0900][gc,metaspace] GC(45) Metaspace: 42418K(43164K)->42418K(43164K) NonClass: 37312K(37808K)->37312K(37808K) Class: 5106K(5356K)->5106K(5356K)
[2021-04-16T16:38:58.251-0900][gc          ] GC(45) Pause Young (Normal) (G1 Evacuation Pause) 280M->235M(1024M) 17.029ms
[2021-04-16T16:38:58.251-0900][gc,cpu      ] GC(45) User=0.03s Sys=0.03s Real=0.02s
[2021-04-16T16:44:35.141-0900][gc,start    ] GC(46) Pause Young (Normal) (G1 Evacuation Pause)
[2021-04-16T16:44:35.143-0900][gc,task     ] GC(46) Using 8 workers of 8 for evacuation
[2021-04-16T16:44:35.168-0900][gc,mmu      ] GC(46) MMU target violated: 21.0ms (20.0ms/21.0ms)
[2021-04-16T16:44:35.168-0900][gc,phases   ] GC(46)   Pre Evacuate Collection Set: 1.2ms
[2021-04-16T16:44:35.168-0900][gc,phases   ] GC(46)   Merge Heap Roots: 0.3ms
[2021-04-16T16:44:35.168-0900][gc,phases   ] GC(46)   Evacuate Collection Set: 22.3ms
[2021-04-16T16:44:35.168-0900][gc,phases   ] GC(46)   Post Evacuate Collection Set: 1.2ms
[2021-04-16T16:44:35.168-0900][gc,phases   ] GC(46)   Other: 2.4ms
[2021-04-16T16:44:35.168-0900][gc,heap     ] GC(46) Eden regions: 71->0(44)
[2021-04-16T16:44:35.168-0900][gc,heap     ] GC(46) Survivor regions: 3->7(10)
[2021-04-16T16:44:35.168-0900][gc,heap     ] GC(46) Old regions: 103->103
[2021-04-16T16:44:35.168-0900][gc,heap     ] GC(46) Archive regions: 2->2
[2021-04-16T16:44:35.168-0900][gc,heap     ] GC(46) Humongous regions: 129->129
[2021-04-16T16:44:35.168-0900][gc,metaspace] GC(46) Metaspace: 42425K(43164K)->42425K(43164K) NonClass: 37319K(37808K)->37319K(37808K) Class: 5106K(5356K)->5106K(5356K)
[2021-04-16T16:44:35.168-0900][gc          ] GC(46) Pause Young (Normal) (G1 Evacuation Pause) 306M->238M(1024M) 27.477ms
[2021-04-16T16:44:35.168-0900][gc,cpu      ] GC(46) User=0.05s Sys=0.05s Real=0.02s
[2021-04-16T16:47:48.417-0900][gc,start    ] GC(47) Pause Young (Normal) (G1 Evacuation Pause)
[2021-04-16T16:47:48.419-0900][gc,task     ] GC(47) Using 8 workers of 8 for evacuation
[2021-04-16T16:47:48.431-0900][gc,phases   ] GC(47)   Pre Evacuate Collection Set: 0.3ms
[2021-04-16T16:47:48.431-0900][gc,phases   ] GC(47)   Merge Heap Roots: 0.1ms
[2021-04-16T16:47:48.431-0900][gc,phases   ] GC(47)   Evacuate Collection Set: 10.7ms
[2021-04-16T16:47:48.431-0900][gc,phases   ] GC(47)   Post Evacuate Collection Set: 1.0ms
[2021-04-16T16:47:48.431-0900][gc,phases   ] GC(47)   Other: 2.5ms
[2021-04-16T16:47:48.431-0900][gc,heap     ] GC(47) Eden regions: 44->0(49)
[2021-04-16T16:47:48.431-0900][gc,heap     ] GC(47) Survivor regions: 7->5(7)
[2021-04-16T16:47:48.431-0900][gc,heap     ] GC(47) Old regions: 103->109
[2021-04-16T16:47:48.431-0900][gc,heap     ] GC(47) Archive regions: 2->2
[2021-04-16T16:47:48.431-0900][gc,heap     ] GC(47) Humongous regions: 129->129
[2021-04-16T16:47:48.432-0900][gc,metaspace] GC(47) Metaspace: 42427K(43164K)->42427K(43164K) NonClass: 37321K(37808K)->37321K(37808K) Class: 5106K(5356K)->5106K(5356K)
[2021-04-16T16:47:48.432-0900][gc          ] GC(47) Pause Young (Normal) (G1 Evacuation Pause) 282M->242M(1024M) 14.840ms
[2021-04-16T16:47:48.432-0900][gc,cpu      ] GC(47) User=0.06s Sys=0.01s Real=0.02s
[2021-04-16T16:51:03.406-0900][gc,start    ] GC(48) Pause Young (Normal) (G1 Evacuation Pause)
[2021-04-16T16:51:03.408-0900][gc,task     ] GC(48) Using 8 workers of 8 for evacuation
[2021-04-16T16:51:03.434-0900][gc,mmu      ] GC(48) MMU target violated: 21.0ms (20.0ms/21.0ms)
[2021-04-16T16:51:03.434-0900][gc,phases   ] GC(48)   Pre Evacuate Collection Set: 1.0ms
[2021-04-16T16:51:03.434-0900][gc,phases   ] GC(48)   Merge Heap Roots: 0.2ms
[2021-04-16T16:51:03.434-0900][gc,phases   ] GC(48)   Evacuate Collection Set: 23.1ms
[2021-04-16T16:51:03.434-0900][gc,phases   ] GC(48)   Post Evacuate Collection Set: 1.1ms
[2021-04-16T16:51:03.434-0900][gc,phases   ] GC(48)   Other: 2.8ms
[2021-04-16T16:51:03.434-0900][gc,heap     ] GC(48) Eden regions: 49->0(45)
[2021-04-16T16:51:03.434-0900][gc,heap     ] GC(48) Survivor regions: 5->6(7)
[2021-04-16T16:51:03.434-0900][gc,heap     ] GC(48) Old regions: 109->111
[2021-04-16T16:51:03.434-0900][gc,heap     ] GC(48) Archive regions: 2->2
[2021-04-16T16:51:03.434-0900][gc,heap     ] GC(48) Humongous regions: 129->129
[2021-04-16T16:51:03.434-0900][gc,metaspace] GC(48) Metaspace: 42463K(43164K)->42463K(43164K) NonClass: 37349K(37808K)->37349K(37808K) Class: 5114K(5356K)->5114K(5356K)
[2021-04-16T16:51:03.434-0900][gc          ] GC(48) Pause Young (Normal) (G1 Evacuation Pause) 291M->246M(1024M) 28.266ms
[2021-04-16T16:51:03.434-0900][gc,cpu      ] GC(48) User=0.05s Sys=0.02s Real=0.03s
[2021-04-16T16:54:16.482-0900][gc,start    ] GC(49) Pause Young (Normal) (G1 Evacuation Pause)
[2021-04-16T16:54:16.483-0900][gc,task     ] GC(49) Using 8 workers of 8 for evacuation
[2021-04-16T16:54:16.504-0900][gc,mmu      ] GC(49) MMU target violated: 20.2ms (20.0ms/21.0ms)
[2021-04-16T16:54:16.504-0900][gc,phases   ] GC(49)   Pre Evacuate Collection Set: 1.6ms
[2021-04-16T16:54:16.504-0900][gc,phases   ] GC(49)   Merge Heap Roots: 0.3ms
[2021-04-16T16:54:16.504-0900][gc,phases   ] GC(49)   Evacuate Collection Set: 17.3ms
[2021-04-16T16:54:16.504-0900][gc,phases   ] GC(49)   Post Evacuate Collection Set: 1.1ms
[2021-04-16T16:54:16.504-0900][gc,phases   ] GC(49)   Other: 2.3ms
[2021-04-16T16:54:16.504-0900][gc,heap     ] GC(49) Eden regions: 45->0(57)
[2021-04-16T16:54:16.504-0900][gc,heap     ] GC(49) Survivor regions: 6->4(7)
[2021-04-16T16:54:16.504-0900][gc,heap     ] GC(49) Old regions: 111->115
[2021-04-16T16:54:16.504-0900][gc,heap     ] GC(49) Archive regions: 2->2
[2021-04-16T16:54:16.504-0900][gc,heap     ] GC(49) Humongous regions: 129->129
[2021-04-16T16:54:16.504-0900][gc,metaspace] GC(49) Metaspace: 42464K(43164K)->42464K(43164K) NonClass: 37350K(37808K)->37350K(37808K) Class: 5114K(5356K)->5114K(5356K)
[2021-04-16T16:54:16.504-0900][gc          ] GC(49) Pause Young (Normal) (G1 Evacuation Pause) 291M->247M(1024M) 22.646ms
[2021-04-16T16:54:16.504-0900][gc,cpu      ] GC(49) User=0.05s Sys=0.07s Real=0.02s
[2021-04-16T16:58:24.749-0900][gc,start    ] GC(50) Pause Young (Normal) (G1 Evacuation Pause)
[2021-04-16T16:58:24.749-0900][gc,task     ] GC(50) Using 8 workers of 8 for evacuation
[2021-04-16T16:58:24.759-0900][gc,phases   ] GC(50)   Pre Evacuate Collection Set: 0.3ms
[2021-04-16T16:58:24.759-0900][gc,phases   ] GC(50)   Merge Heap Roots: 0.1ms
[2021-04-16T16:58:24.759-0900][gc,phases   ] GC(50)   Evacuate Collection Set: 8.7ms
[2021-04-16T16:58:24.759-0900][gc,phases   ] GC(50)   Post Evacuate Collection Set: 0.6ms
[2021-04-16T16:58:24.759-0900][gc,phases   ] GC(50)   Other: 0.8ms
[2021-04-16T16:58:24.759-0900][gc,heap     ] GC(50) Eden regions: 57->0(44)
[2021-04-16T16:58:24.759-0900][gc,heap     ] GC(50) Survivor regions: 4->7(8)
[2021-04-16T16:58:24.759-0900][gc,heap     ] GC(50) Old regions: 115->115
[2021-04-16T16:58:24.759-0900][gc,heap     ] GC(50) Archive regions: 2->2
[2021-04-16T16:58:24.759-0900][gc,heap     ] GC(50) Humongous regions: 129->129
[2021-04-16T16:58:24.759-0900][gc,metaspace] GC(50) Metaspace: 42465K(43164K)->42465K(43164K) NonClass: 37350K(37808K)->37350K(37808K) Class: 5114K(5356K)->5114K(5356K)
[2021-04-16T16:58:24.760-0900][gc          ] GC(50) Pause Young (Normal) (G1 Evacuation Pause) 304M->250M(1024M) 10.793ms
[2021-04-16T16:58:24.760-0900][gc,cpu      ] GC(50) User=0.04s Sys=0.02s Real=0.02s
[2021-04-16T17:01:36.383-0900][gc,start    ] GC(51) Pause Young (Normal) (G1 Evacuation Pause)
[2021-04-16T17:01:36.386-0900][gc,task     ] GC(51) Using 8 workers of 8 for evacuation
[2021-04-16T17:01:36.393-0900][gc,phases   ] GC(51)   Pre Evacuate Collection Set: 0.2ms
[2021-04-16T17:01:36.393-0900][gc,phases   ] GC(51)   Merge Heap Roots: 0.1ms
[2021-04-16T17:01:36.393-0900][gc,phases   ] GC(51)   Evacuate Collection Set: 6.2ms
[2021-04-16T17:01:36.393-0900][gc,phases   ] GC(51)   Post Evacuate Collection Set: 0.4ms
[2021-04-16T17:01:36.393-0900][gc,phases   ] GC(51)   Other: 3.8ms
[2021-04-16T17:01:36.393-0900][gc,heap     ] GC(51) Eden regions: 44->0(116)
[2021-04-16T17:01:36.393-0900][gc,heap     ] GC(51) Survivor regions: 7->4(7)
[2021-04-16T17:01:36.393-0900][gc,heap     ] GC(51) Old regions: 115->119
[2021-04-16T17:01:36.393-0900][gc,heap     ] GC(51) Archive regions: 2->2
[2021-04-16T17:01:36.393-0900][gc,heap     ] GC(51) Humongous regions: 129->129
[2021-04-16T17:01:36.393-0900][gc,metaspace] GC(51) Metaspace: 42465K(43164K)->42465K(43164K) NonClass: 37350K(37808K)->37350K(37808K) Class: 5114K(5356K)->5114K(5356K)
[2021-04-16T17:01:36.393-0900][gc          ] GC(51) Pause Young (Normal) (G1 Evacuation Pause) 294M->251M(1024M) 10.899ms
[2021-04-16T17:01:36.394-0900][gc,cpu      ] GC(51) User=0.04s Sys=0.01s Real=0.01s
[2021-04-16T17:10:08.418-0900][gc,start    ] GC(52) Pause Young (Normal) (G1 Evacuation Pause)
[2021-04-16T17:10:08.419-0900][gc,task     ] GC(52) Using 8 workers of 8 for evacuation
[2021-04-16T17:10:08.451-0900][gc,mmu      ] GC(52) MMU target violated: 21.0ms (20.0ms/21.0ms)
[2021-04-16T17:10:08.451-0900][gc,phases   ] GC(52)   Pre Evacuate Collection Set: 1.1ms
[2021-04-16T17:10:08.451-0900][gc,phases   ] GC(52)   Merge Heap Roots: 0.4ms
[2021-04-16T17:10:08.451-0900][gc,phases   ] GC(52)   Evacuate Collection Set: 29.1ms
[2021-04-16T17:10:08.451-0900][gc,phases   ] GC(52)   Post Evacuate Collection Set: 1.1ms
[2021-04-16T17:10:08.451-0900][gc,phases   ] GC(52)   Other: 1.3ms
[2021-04-16T17:10:08.451-0900][gc,heap     ] GC(52) Eden regions: 116->0(41)
[2021-04-16T17:10:08.451-0900][gc,heap     ] GC(52) Survivor regions: 4->10(15)
[2021-04-16T17:10:08.451-0900][gc,heap     ] GC(52) Old regions: 119->119
[2021-04-16T17:10:08.451-0900][gc,heap     ] GC(52) Archive regions: 2->2
[2021-04-16T17:10:08.451-0900][gc,heap     ] GC(52) Humongous regions: 129->129
[2021-04-16T17:10:08.451-0900][gc,metaspace] GC(52) Metaspace: 42500K(43164K)->42500K(43164K) NonClass: 37386K(37808K)->37386K(37808K) Class: 5114K(5356K)->5114K(5356K)
[2021-04-16T17:10:08.451-0900][gc          ] GC(52) Pause Young (Normal) (G1 Evacuation Pause) 367M->257M(1024M) 33.022ms
[2021-04-16T17:10:08.451-0900][gc,cpu      ] GC(52) User=0.08s Sys=0.05s Real=0.04s
[2021-04-16T17:13:25.942-0900][gc,start    ] GC(53) Pause Young (Normal) (G1 Evacuation Pause)
[2021-04-16T17:13:25.943-0900][gc,task     ] GC(53) Using 8 workers of 8 for evacuation
[2021-04-16T17:13:25.957-0900][gc,phases   ] GC(53)   Pre Evacuate Collection Set: 0.4ms
[2021-04-16T17:13:25.957-0900][gc,phases   ] GC(53)   Merge Heap Roots: 0.1ms
[2021-04-16T17:13:25.957-0900][gc,phases   ] GC(53)   Evacuate Collection Set: 11.6ms
[2021-04-16T17:13:25.957-0900][gc,phases   ] GC(53)   Post Evacuate Collection Set: 1.1ms
[2021-04-16T17:13:25.957-0900][gc,phases   ] GC(53)   Other: 2.2ms
[2021-04-16T17:13:25.957-0900][gc,heap     ] GC(53) Eden regions: 41->0(100)
[2021-04-16T17:13:25.957-0900][gc,heap     ] GC(53) Survivor regions: 10->4(7)
[2021-04-16T17:13:25.957-0900][gc,heap     ] GC(53) Old regions: 119->127
[2021-04-16T17:13:25.957-0900][gc,heap     ] GC(53) Archive regions: 2->2
[2021-04-16T17:13:25.957-0900][gc,heap     ] GC(53) Humongous regions: 129->129
[2021-04-16T17:13:25.957-0900][gc,metaspace] GC(53) Metaspace: 42525K(43164K)->42525K(43164K) NonClass: 37410K(37808K)->37410K(37808K) Class: 5114K(5356K)->5114K(5356K)
[2021-04-16T17:13:25.957-0900][gc          ] GC(53) Pause Young (Normal) (G1 Evacuation Pause) 298M->259M(1024M) 15.797ms
[2021-04-16T17:13:25.957-0900][gc,cpu      ] GC(53) User=0.06s Sys=0.02s Real=0.01s
[2021-04-16T17:21:37.292-0900][gc,start    ] GC(54) Pause Young (Normal) (G1 Evacuation Pause)
[2021-04-16T17:21:37.294-0900][gc,task     ] GC(54) Using 8 workers of 8 for evacuation
[2021-04-16T17:21:37.322-0900][gc,mmu      ] GC(54) MMU target violated: 21.0ms (20.0ms/21.0ms)
[2021-04-16T17:21:37.322-0900][gc,phases   ] GC(54)   Pre Evacuate Collection Set: 0.8ms
[2021-04-16T17:21:37.323-0900][gc,phases   ] GC(54)   Merge Heap Roots: 0.2ms
[2021-04-16T17:21:37.323-0900][gc,phases   ] GC(54)   Evacuate Collection Set: 25.7ms
[2021-04-16T17:21:37.323-0900][gc,phases   ] GC(54)   Post Evacuate Collection Set: 1.2ms
[2021-04-16T17:21:37.323-0900][gc,phases   ] GC(54)   Other: 3.0ms
[2021-04-16T17:21:37.323-0900][gc,heap     ] GC(54) Eden regions: 100->0(43)
[2021-04-16T17:21:37.323-0900][gc,heap     ] GC(54) Survivor regions: 4->8(13)
[2021-04-16T17:21:37.323-0900][gc,heap     ] GC(54) Old regions: 127->127
[2021-04-16T17:21:37.323-0900][gc,heap     ] GC(54) Archive regions: 2->2
[2021-04-16T17:21:37.323-0900][gc,heap     ] GC(54) Humongous regions: 129->129
[2021-04-16T17:21:37.323-0900][gc,metaspace] GC(54) Metaspace: 42539K(43164K)->42539K(43164K) NonClass: 37424K(37808K)->37424K(37808K) Class: 5115K(5356K)->5115K(5356K)
[2021-04-16T17:21:37.323-0900][gc          ] GC(54) Pause Young (Normal) (G1 Evacuation Pause) 359M->264M(1024M) 31.137ms
[2021-04-16T17:21:37.323-0900][gc,cpu      ] GC(54) User=0.05s Sys=0.04s Real=0.03s
[2021-04-16T17:25:08.625-0900][gc,start    ] GC(55) Pause Young (Normal) (G1 Evacuation Pause)
[2021-04-16T17:25:08.628-0900][gc,task     ] GC(55) Using 8 workers of 8 for evacuation
[2021-04-16T17:25:08.664-0900][gc,mmu      ] GC(55) MMU target violated: 21.0ms (20.0ms/21.0ms)
[2021-04-16T17:25:08.664-0900][gc,phases   ] GC(55)   Pre Evacuate Collection Set: 1.5ms
[2021-04-16T17:25:08.664-0900][gc,phases   ] GC(55)   Merge Heap Roots: 0.3ms
[2021-04-16T17:25:08.664-0900][gc,phases   ] GC(55)   Evacuate Collection Set: 31.6ms
[2021-04-16T17:25:08.664-0900][gc,phases   ] GC(55)   Post Evacuate Collection Set: 2.2ms
[2021-04-16T17:25:08.664-0900][gc,phases   ] GC(55)   Other: 3.3ms
[2021-04-16T17:25:08.664-0900][gc,heap     ] GC(55) Eden regions: 43->0(46)
[2021-04-16T17:25:08.664-0900][gc,heap     ] GC(55) Survivor regions: 8->5(7)
[2021-04-16T17:25:08.664-0900][gc,heap     ] GC(55) Old regions: 127->134
[2021-04-16T17:25:08.664-0900][gc,heap     ] GC(55) Archive regions: 2->2
[2021-04-16T17:25:08.664-0900][gc,heap     ] GC(55) Humongous regions: 129->129
[2021-04-16T17:25:08.664-0900][gc,metaspace] GC(55) Metaspace: 42543K(43164K)->42543K(43164K) NonClass: 37428K(37808K)->37428K(37808K) Class: 5115K(5356K)->5115K(5356K)
[2021-04-16T17:25:08.664-0900][gc          ] GC(55) Pause Young (Normal) (G1 Evacuation Pause) 307M->267M(1024M) 38.801ms
[2021-04-16T17:25:08.664-0900][gc,cpu      ] GC(55) User=0.07s Sys=0.05s Real=0.04s
[2021-04-16T17:28:48.110-0900][gc,start    ] GC(56) Pause Young (Normal) (G1 Evacuation Pause)
[2021-04-16T17:28:48.110-0900][gc,task     ] GC(56) Using 8 workers of 8 for evacuation
[2021-04-16T17:28:48.126-0900][gc,phases   ] GC(56)   Pre Evacuate Collection Set: 0.7ms
[2021-04-16T17:28:48.126-0900][gc,phases   ] GC(56)   Merge Heap Roots: 0.2ms
[2021-04-16T17:28:48.126-0900][gc,phases   ] GC(56)   Evacuate Collection Set: 12.2ms
[2021-04-16T17:28:48.126-0900][gc,phases   ] GC(56)   Post Evacuate Collection Set: 1.7ms
[2021-04-16T17:28:48.126-0900][gc,phases   ] GC(56)   Other: 1.2ms
[2021-04-16T17:28:48.126-0900][gc,heap     ] GC(56) Eden regions: 46->0(90)
[2021-04-16T17:28:48.126-0900][gc,heap     ] GC(56) Survivor regions: 5->3(7)
[2021-04-16T17:28:48.126-0900][gc,heap     ] GC(56) Old regions: 134->136
[2021-04-16T17:28:48.126-0900][gc,heap     ] GC(56) Archive regions: 2->2
[2021-04-16T17:28:48.126-0900][gc,heap     ] GC(56) Humongous regions: 129->129
[2021-04-16T17:28:48.126-0900][gc,metaspace] GC(56) Metaspace: 42545K(43164K)->42545K(43164K) NonClass: 37430K(37808K)->37430K(37808K) Class: 5115K(5356K)->5115K(5356K)
[2021-04-16T17:28:48.126-0900][gc          ] GC(56) Pause Young (Normal) (G1 Evacuation Pause) 313M->267M(1024M) 16.249ms
[2021-04-16T17:28:48.126-0900][gc,cpu      ] GC(56) User=0.03s Sys=0.01s Real=0.01s
[2021-04-16T17:35:43.879-0900][gc,start    ] GC(57) Pause Young (Normal) (G1 Evacuation Pause)
[2021-04-16T17:35:43.880-0900][gc,task     ] GC(57) Using 8 workers of 8 for evacuation
[2021-04-16T17:35:43.897-0900][gc,phases   ] GC(57)   Pre Evacuate Collection Set: 1.5ms
[2021-04-16T17:35:43.897-0900][gc,phases   ] GC(57)   Merge Heap Roots: 0.3ms
[2021-04-16T17:35:43.897-0900][gc,phases   ] GC(57)   Evacuate Collection Set: 13.4ms
[2021-04-16T17:35:43.897-0900][gc,phases   ] GC(57)   Post Evacuate Collection Set: 1.6ms
[2021-04-16T17:35:43.898-0900][gc,phases   ] GC(57)   Other: 1.8ms
[2021-04-16T17:35:43.898-0900][gc,heap     ] GC(57) Eden regions: 85->0(43)
[2021-04-16T17:35:43.898-0900][gc,heap     ] GC(57) Survivor regions: 3->8(11)
[2021-04-16T17:35:43.898-0900][gc,heap     ] GC(57) Old regions: 136->136
[2021-04-16T17:35:43.898-0900][gc,heap     ] GC(57) Archive regions: 2->2
[2021-04-16T17:35:43.898-0900][gc,heap     ] GC(57) Humongous regions: 129->129
[2021-04-16T17:35:43.898-0900][gc,metaspace] GC(57) Metaspace: 42550K(43164K)->42550K(43164K) NonClass: 37435K(37808K)->37435K(37808K) Class: 5115K(5356K)->5115K(5356K)
[2021-04-16T17:35:43.898-0900][gc          ] GC(57) Pause Young (Normal) (G1 Evacuation Pause) 352M->272M(1024M) 18.668ms
[2021-04-16T17:35:43.898-0900][gc,cpu      ] GC(57) User=0.05s Sys=0.04s Real=0.02s
[2021-04-16T17:39:03.433-0900][gc,start    ] GC(58) Pause Young (Normal) (G1 Evacuation Pause)
[2021-04-16T17:39:03.434-0900][gc,task     ] GC(58) Using 8 workers of 8 for evacuation
[2021-04-16T17:39:03.473-0900][gc,mmu      ] GC(58) MMU target violated: 21.0ms (20.0ms/21.0ms)
[2021-04-16T17:39:03.473-0900][gc,phases   ] GC(58)   Pre Evacuate Collection Set: 1.1ms
[2021-04-16T17:39:03.473-0900][gc,phases   ] GC(58)   Merge Heap Roots: 0.2ms
[2021-04-16T17:39:03.473-0900][gc,phases   ] GC(58)   Evacuate Collection Set: 35.3ms
[2021-04-16T17:39:03.473-0900][gc,phases   ] GC(58)   Post Evacuate Collection Set: 1.7ms
[2021-04-16T17:39:03.473-0900][gc,phases   ] GC(58)   Other: 2.0ms
[2021-04-16T17:39:03.473-0900][gc,heap     ] GC(58) Eden regions: 43->0(46)
[2021-04-16T17:39:03.473-0900][gc,heap     ] GC(58) Survivor regions: 8->5(7)
[2021-04-16T17:39:03.473-0900][gc,heap     ] GC(58) Old regions: 136->142
[2021-04-16T17:39:03.473-0900][gc,heap     ] GC(58) Archive regions: 2->2
[2021-04-16T17:39:03.473-0900][gc,heap     ] GC(58) Humongous regions: 129->129
[2021-04-16T17:39:03.473-0900][gc,metaspace] GC(58) Metaspace: 42561K(43164K)->42561K(43164K) NonClass: 37446K(37808K)->37446K(37808K) Class: 5115K(5356K)->5115K(5356K)
[2021-04-16T17:39:03.473-0900][gc          ] GC(58) Pause Young (Normal) (G1 Evacuation Pause) 315M->275M(1024M) 40.393ms
[2021-04-16T17:39:03.473-0900][gc,cpu      ] GC(58) User=0.07s Sys=0.04s Real=0.04s
[2021-04-16T17:40:11.522-0900][gc,heap,exit] Heap
[2021-04-16T17:40:11.522-0900][gc,heap,exit]  garbage-first heap   total 1048576K, used 304772K [0x00000007c0000000, 0x0000000800000000)
[2021-04-16T17:40:11.522-0900][gc,heap,exit]   region size 1024K, 29 young (29696K), 5 survivors (5120K)
[2021-04-16T17:40:11.522-0900][gc,heap,exit]  Metaspace       used 43141K, capacity 43711K, committed 43804K, reserved 1087488K
[2021-04-16T17:40:11.522-0900][gc,heap,exit]   class space    used 5244K, capacity 5457K, committed 5484K, reserved 1048576K
