[2021-04-15T11:43:52.679-0900][gc] Using G1
[2021-04-15T11:43:52.683-0900][gc,init] Version: 15.0.2+7-27 (release)
[2021-04-15T11:43:52.683-0900][gc,init] CPUs: 8 total, 8 available
[2021-04-15T11:43:52.683-0900][gc,init] Memory: 8192M
[2021-04-15T11:43:52.683-0900][gc,init] Large Page Support: Disabled
[2021-04-15T11:43:52.683-0900][gc,init] NUMA Support: Disabled
[2021-04-15T11:43:52.683-0900][gc,init] Compressed Oops: Enabled (Zero based)
[2021-04-15T11:43:52.683-0900][gc,init] Heap Region Size: 1M
[2021-04-15T11:43:52.683-0900][gc,init] Heap Min Capacity: 1G
[2021-04-15T11:43:52.683-0900][gc,init] Heap Initial Capacity: 1G
[2021-04-15T11:43:52.683-0900][gc,init] Heap Max Capacity: 1G
[2021-04-15T11:43:52.683-0900][gc,init] Pre-touch: Disabled
[2021-04-15T11:43:52.683-0900][gc,init] Parallel Workers: 8
[2021-04-15T11:43:52.683-0900][gc,init] Concurrent Workers: 2
[2021-04-15T11:43:52.683-0900][gc,init] Concurrent Refinement Workers: 8
[2021-04-15T11:43:52.683-0900][gc,init] Periodic GC: Disabled
[2021-04-15T11:43:52.684-0900][gc,cds ] Mark closed archive regions in map: [0x00000007fff00000, 0x00000007fff78ff8]
[2021-04-15T11:43:52.684-0900][gc,cds ] Mark open archive regions in map: [0x00000007ffe00000, 0x00000007ffe50ff8]
[2021-04-15T11:43:52.684-0900][gc,metaspace] CDS archive(s) mapped at: [0x0000000800000000-0x0000000800b2d000-0x0000000800b2d000), size 11718656, SharedBaseAddress: 0x0000000800000000, ArchiveRelocationMode: 0.
[2021-04-15T11:43:52.684-0900][gc,metaspace] Compressed class space mapped at: 0x0000000800b30000-0x0000000840b30000, size: 1073741824
[2021-04-15T11:43:52.684-0900][gc,metaspace] Narrow klass base: 0x0000000800000000, Narrow klass shift: 3, Narrow klass range: 0x100000000
[2021-04-15T11:43:54.559-0900][gc,start    ] GC(0) Pause Young (Normal) (G1 Evacuation Pause)
[2021-04-15T11:43:54.560-0900][gc,task     ] GC(0) Using 8 workers of 8 for evacuation
[2021-04-15T11:43:54.570-0900][gc,phases   ] GC(0)   Pre Evacuate Collection Set: 0.2ms
[2021-04-15T11:43:54.570-0900][gc,phases   ] GC(0)   Merge Heap Roots: 0.1ms
[2021-04-15T11:43:54.570-0900][gc,phases   ] GC(0)   Evacuate Collection Set: 9.3ms
[2021-04-15T11:43:54.570-0900][gc,phases   ] GC(0)   Post Evacuate Collection Set: 0.3ms
[2021-04-15T11:43:54.570-0900][gc,phases   ] GC(0)   Other: 0.6ms
[2021-04-15T11:43:54.570-0900][gc,heap     ] GC(0) Eden regions: 51->0(44)
[2021-04-15T11:43:54.570-0900][gc,heap     ] GC(0) Survivor regions: 0->7(7)
[2021-04-15T11:43:54.570-0900][gc,heap     ] GC(0) Old regions: 0->0
[2021-04-15T11:43:54.570-0900][gc,heap     ] GC(0) Archive regions: 2->2
[2021-04-15T11:43:54.570-0900][gc,heap     ] GC(0) Humongous regions: 0->0
[2021-04-15T11:43:54.570-0900][gc,metaspace] GC(0) Metaspace: 19802K(20352K)->19802K(20352K) NonClass: 17180K(17664K)->17180K(17664K) Class: 2622K(2688K)->2622K(2688K)
[2021-04-15T11:43:54.570-0900][gc          ] GC(0) Pause Young (Normal) (G1 Evacuation Pause) 51M->7M(1024M) 10.597ms
[2021-04-15T11:43:54.570-0900][gc,cpu      ] GC(0) User=0.02s Sys=0.01s Real=0.02s
[2021-04-15T11:43:54.693-0900][gc,start    ] GC(1) Pause Young (Concurrent Start) (Metadata GC Threshold)
[2021-04-15T11:43:54.693-0900][gc,task     ] GC(1) Using 8 workers of 8 for evacuation
[2021-04-15T11:43:54.700-0900][gc,phases   ] GC(1)   Pre Evacuate Collection Set: 0.2ms
[2021-04-15T11:43:54.700-0900][gc,phases   ] GC(1)   Merge Heap Roots: 0.1ms
[2021-04-15T11:43:54.700-0900][gc,phases   ] GC(1)   Evacuate Collection Set: 6.9ms
[2021-04-15T11:43:54.700-0900][gc,phases   ] GC(1)   Post Evacuate Collection Set: 0.3ms
[2021-04-15T11:43:54.700-0900][gc,phases   ] GC(1)   Other: 0.3ms
[2021-04-15T11:43:54.700-0900][gc,heap     ] GC(1) Eden regions: 4->0(50)
[2021-04-15T11:43:54.700-0900][gc,heap     ] GC(1) Survivor regions: 7->1(7)
[2021-04-15T11:43:54.700-0900][gc,heap     ] GC(1) Old regions: 0->7
[2021-04-15T11:43:54.700-0900][gc,heap     ] GC(1) Archive regions: 2->2
[2021-04-15T11:43:54.700-0900][gc,heap     ] GC(1) Humongous regions: 0->0
[2021-04-15T11:43:54.700-0900][gc,metaspace] GC(1) Metaspace: 20522K(21248K)->20522K(21248K) NonClass: 17788K(18432K)->17788K(18432K) Class: 2733K(2816K)->2733K(2816K)
[2021-04-15T11:43:54.700-0900][gc          ] GC(1) Pause Young (Concurrent Start) (Metadata GC Threshold) 11M->8M(1024M) 7.815ms
[2021-04-15T11:43:54.700-0900][gc,cpu      ] GC(1) User=0.01s Sys=0.01s Real=0.01s
[2021-04-15T11:43:54.701-0900][gc          ] GC(2) Concurrent Cycle
[2021-04-15T11:43:54.701-0900][gc,marking  ] GC(2) Concurrent Clear Claimed Marks
[2021-04-15T11:43:54.701-0900][gc,marking  ] GC(2) Concurrent Clear Claimed Marks 0.063ms
[2021-04-15T11:43:54.701-0900][gc,marking  ] GC(2) Concurrent Scan Root Regions
[2021-04-15T11:43:54.703-0900][gc,marking  ] GC(2) Concurrent Scan Root Regions 2.291ms
[2021-04-15T11:43:54.703-0900][gc,marking  ] GC(2) Concurrent Mark (2.032s)
[2021-04-15T11:43:54.703-0900][gc,marking  ] GC(2) Concurrent Mark From Roots
[2021-04-15T11:43:54.703-0900][gc,task     ] GC(2) Using 2 workers of 2 for marking
[2021-04-15T11:43:54.704-0900][gc,marking  ] GC(2) Concurrent Mark From Roots 0.619ms
[2021-04-15T11:43:54.704-0900][gc,marking  ] GC(2) Concurrent Preclean
[2021-04-15T11:43:54.704-0900][gc,marking  ] GC(2) Concurrent Preclean 0.031ms
[2021-04-15T11:43:54.704-0900][gc,marking  ] GC(2) Concurrent Mark (2.032s, 2.033s) 0.828ms
[2021-04-15T11:43:54.704-0900][gc,start    ] GC(2) Pause Remark
[2021-04-15T11:43:54.711-0900][gc          ] GC(2) Pause Remark 8M->8M(1024M) 6.304ms
[2021-04-15T11:43:54.711-0900][gc,cpu      ] GC(2) User=0.01s Sys=0.01s Real=0.01s
[2021-04-15T11:43:54.711-0900][gc,marking  ] GC(2) Concurrent Rebuild Remembered Sets
[2021-04-15T11:43:54.712-0900][gc,marking  ] GC(2) Concurrent Rebuild Remembered Sets 1.515ms
[2021-04-15T11:43:54.716-0900][gc,start    ] GC(2) Pause Cleanup
[2021-04-15T11:43:54.717-0900][gc          ] GC(2) Pause Cleanup 8M->8M(1024M) 0.082ms
[2021-04-15T11:43:54.717-0900][gc,cpu      ] GC(2) User=0.00s Sys=0.00s Real=0.00s
[2021-04-15T11:43:54.717-0900][gc,marking  ] GC(2) Concurrent Cleanup for Next Mark
[2021-04-15T11:43:54.720-0900][gc,marking  ] GC(2) Concurrent Cleanup for Next Mark 3.453ms
[2021-04-15T11:43:54.720-0900][gc          ] GC(2) Concurrent Cycle 19.561ms
[2021-04-15T11:43:56.010-0900][gc,start    ] GC(3) Pause Young (Normal) (G1 Evacuation Pause)
[2021-04-15T11:43:56.010-0900][gc,task     ] GC(3) Using 8 workers of 8 for evacuation
[2021-04-15T11:43:56.015-0900][gc,phases   ] GC(3)   Pre Evacuate Collection Set: 0.2ms
[2021-04-15T11:43:56.015-0900][gc,phases   ] GC(3)   Merge Heap Roots: 0.1ms
[2021-04-15T11:43:56.015-0900][gc,phases   ] GC(3)   Evacuate Collection Set: 3.8ms
[2021-04-15T11:43:56.015-0900][gc,phases   ] GC(3)   Post Evacuate Collection Set: 0.3ms
[2021-04-15T11:43:56.015-0900][gc,phases   ] GC(3)   Other: 0.1ms
[2021-04-15T11:43:56.015-0900][gc,heap     ] GC(3) Eden regions: 50->0(46)
[2021-04-15T11:43:56.015-0900][gc,heap     ] GC(3) Survivor regions: 1->5(7)
[2021-04-15T11:43:56.015-0900][gc,heap     ] GC(3) Old regions: 7->7
[2021-04-15T11:43:56.015-0900][gc,heap     ] GC(3) Archive regions: 2->2
[2021-04-15T11:43:56.015-0900][gc,heap     ] GC(3) Humongous regions: 129->129
[2021-04-15T11:43:56.015-0900][gc,metaspace] GC(3) Metaspace: 30181K(30976K)->30181K(30976K) NonClass: 26541K(27136K)->26541K(27136K) Class: 3639K(3840K)->3639K(3840K)
[2021-04-15T11:43:56.015-0900][gc          ] GC(3) Pause Young (Normal) (G1 Evacuation Pause) 187M->140M(1024M) 4.549ms
[2021-04-15T11:43:56.015-0900][gc,cpu      ] GC(3) User=0.02s Sys=0.01s Real=0.00s
[2021-04-15T11:43:56.491-0900][gc,start    ] GC(4) Pause Young (Concurrent Start) (Metadata GC Threshold)
[2021-04-15T11:43:56.491-0900][gc,task     ] GC(4) Using 8 workers of 8 for evacuation
[2021-04-15T11:43:56.495-0900][gc,phases   ] GC(4)   Pre Evacuate Collection Set: 0.2ms
[2021-04-15T11:43:56.495-0900][gc,phases   ] GC(4)   Merge Heap Roots: 0.0ms
[2021-04-15T11:43:56.495-0900][gc,phases   ] GC(4)   Evacuate Collection Set: 3.3ms
[2021-04-15T11:43:56.495-0900][gc,phases   ] GC(4)   Post Evacuate Collection Set: 0.3ms
[2021-04-15T11:43:56.495-0900][gc,phases   ] GC(4)   Other: 0.2ms
[2021-04-15T11:43:56.495-0900][gc,heap     ] GC(4) Eden regions: 18->0(49)
[2021-04-15T11:43:56.495-0900][gc,heap     ] GC(4) Survivor regions: 5->2(7)
[2021-04-15T11:43:56.495-0900][gc,heap     ] GC(4) Old regions: 7->12
[2021-04-15T11:43:56.495-0900][gc,heap     ] GC(4) Archive regions: 2->2
[2021-04-15T11:43:56.495-0900][gc,heap     ] GC(4) Humongous regions: 129->129
[2021-04-15T11:43:56.495-0900][gc,metaspace] GC(4) Metaspace: 34716K(35628K)->34716K(35628K) NonClass: 30680K(31404K)->30680K(31404K) Class: 4035K(4224K)->4035K(4224K)
[2021-04-15T11:43:56.495-0900][gc          ] GC(4) Pause Young (Concurrent Start) (Metadata GC Threshold) 158M->142M(1024M) 4.129ms
[2021-04-15T11:43:56.495-0900][gc,cpu      ] GC(4) User=0.02s Sys=0.01s Real=0.00s
[2021-04-15T11:43:56.495-0900][gc          ] GC(5) Concurrent Cycle
[2021-04-15T11:43:56.495-0900][gc,marking  ] GC(5) Concurrent Clear Claimed Marks
[2021-04-15T11:43:56.495-0900][gc,marking  ] GC(5) Concurrent Clear Claimed Marks 0.017ms
[2021-04-15T11:43:56.495-0900][gc,marking  ] GC(5) Concurrent Scan Root Regions
[2021-04-15T11:43:56.497-0900][gc,marking  ] GC(5) Concurrent Scan Root Regions 1.592ms
[2021-04-15T11:43:56.500-0900][gc,marking  ] GC(5) Concurrent Mark (3.830s)
[2021-04-15T11:43:56.500-0900][gc,marking  ] GC(5) Concurrent Mark From Roots
[2021-04-15T11:43:56.500-0900][gc,task     ] GC(5) Using 2 workers of 2 for marking
[2021-04-15T11:43:56.504-0900][gc,marking  ] GC(5) Concurrent Mark From Roots 3.675ms
[2021-04-15T11:43:56.504-0900][gc,marking  ] GC(5) Concurrent Preclean
[2021-04-15T11:43:56.504-0900][gc,marking  ] GC(5) Concurrent Preclean 0.038ms
[2021-04-15T11:43:56.504-0900][gc,marking  ] GC(5) Concurrent Mark (3.830s, 3.833s) 3.762ms
[2021-04-15T11:43:56.504-0900][gc,start    ] GC(5) Pause Remark
[2021-04-15T11:43:56.516-0900][gc          ] GC(5) Pause Remark 143M->143M(1024M) 11.459ms
[2021-04-15T11:43:56.516-0900][gc,cpu      ] GC(5) User=0.02s Sys=0.01s Real=0.01s
[2021-04-15T11:43:56.516-0900][gc,marking  ] GC(5) Concurrent Rebuild Remembered Sets
[2021-04-15T11:43:56.521-0900][gc,marking  ] GC(5) Concurrent Rebuild Remembered Sets 5.393ms
[2021-04-15T11:43:56.521-0900][gc,start    ] GC(5) Pause Cleanup
[2021-04-15T11:43:56.522-0900][gc          ] GC(5) Pause Cleanup 143M->143M(1024M) 0.092ms
[2021-04-15T11:43:56.522-0900][gc,cpu      ] GC(5) User=0.00s Sys=0.00s Real=0.00s
[2021-04-15T11:43:56.522-0900][gc,marking  ] GC(5) Concurrent Cleanup for Next Mark
[2021-04-15T11:43:56.525-0900][gc,marking  ] GC(5) Concurrent Cleanup for Next Mark 3.137ms
[2021-04-15T11:43:56.525-0900][gc          ] GC(5) Concurrent Cycle 29.364ms
[2021-04-15T11:44:54.946-0900][gc,start    ] GC(6) Pause Young (Normal) (G1 Evacuation Pause)
[2021-04-15T11:44:54.947-0900][gc,task     ] GC(6) Using 8 workers of 8 for evacuation
[2021-04-15T11:44:54.987-0900][gc,mmu      ] GC(6) MMU target violated: 21.0ms (20.0ms/21.0ms)
[2021-04-15T11:44:54.987-0900][gc,phases   ] GC(6)   Pre Evacuate Collection Set: 1.2ms
[2021-04-15T11:44:54.987-0900][gc,phases   ] GC(6)   Merge Heap Roots: 0.2ms
[2021-04-15T11:44:54.987-0900][gc,phases   ] GC(6)   Evacuate Collection Set: 37.7ms
[2021-04-15T11:44:54.987-0900][gc,phases   ] GC(6)   Post Evacuate Collection Set: 1.1ms
[2021-04-15T11:44:54.987-0900][gc,phases   ] GC(6)   Other: 1.3ms
[2021-04-15T11:44:54.987-0900][gc,heap     ] GC(6) Eden regions: 49->0(46)
[2021-04-15T11:44:54.987-0900][gc,heap     ] GC(6) Survivor regions: 2->5(7)
[2021-04-15T11:44:54.987-0900][gc,heap     ] GC(6) Old regions: 12->12
[2021-04-15T11:44:54.987-0900][gc,heap     ] GC(6) Archive regions: 2->2
[2021-04-15T11:44:54.987-0900][gc,heap     ] GC(6) Humongous regions: 183->129
[2021-04-15T11:44:54.987-0900][gc,metaspace] GC(6) Metaspace: 40606K(41516K)->40606K(41516K) NonClass: 35686K(36268K)->35686K(36268K) Class: 4920K(5248K)->4920K(5248K)
[2021-04-15T11:44:54.987-0900][gc          ] GC(6) Pause Young (Normal) (G1 Evacuation Pause) 245M->145M(1024M) 41.525ms
[2021-04-15T11:44:54.987-0900][gc,cpu      ] GC(6) User=0.04s Sys=0.05s Real=0.04s
[2021-04-15T11:48:23.201-0900][gc,start    ] GC(7) Pause Young (Normal) (G1 Evacuation Pause)
[2021-04-15T11:48:23.202-0900][gc,task     ] GC(7) Using 8 workers of 8 for evacuation
[2021-04-15T11:48:23.227-0900][gc,mmu      ] GC(7) MMU target violated: 21.0ms (20.0ms/21.0ms)
[2021-04-15T11:48:23.227-0900][gc,phases   ] GC(7)   Pre Evacuate Collection Set: 1.1ms
[2021-04-15T11:48:23.227-0900][gc,phases   ] GC(7)   Merge Heap Roots: 0.3ms
[2021-04-15T11:48:23.227-0900][gc,phases   ] GC(7)   Evacuate Collection Set: 22.5ms
[2021-04-15T11:48:23.227-0900][gc,phases   ] GC(7)   Post Evacuate Collection Set: 0.8ms
[2021-04-15T11:48:23.227-0900][gc,phases   ] GC(7)   Other: 1.3ms
[2021-04-15T11:48:23.227-0900][gc,heap     ] GC(7) Eden regions: 46->0(45)
[2021-04-15T11:48:23.227-0900][gc,heap     ] GC(7) Survivor regions: 5->6(7)
[2021-04-15T11:48:23.227-0900][gc,heap     ] GC(7) Old regions: 12->13
[2021-04-15T11:48:23.227-0900][gc,heap     ] GC(7) Archive regions: 2->2
[2021-04-15T11:48:23.227-0900][gc,heap     ] GC(7) Humongous regions: 129->129
[2021-04-15T11:48:23.227-0900][gc,metaspace] GC(7) Metaspace: 40990K(42028K)->40990K(42028K) NonClass: 36068K(36780K)->36068K(36780K) Class: 4922K(5248K)->4922K(5248K)
[2021-04-15T11:48:23.227-0900][gc          ] GC(7) Pause Young (Normal) (G1 Evacuation Pause) 191M->147M(1024M) 26.069ms
[2021-04-15T11:48:23.227-0900][gc,cpu      ] GC(7) User=0.05s Sys=0.04s Real=0.02s
[2021-04-15T11:51:41.754-0900][gc,start    ] GC(8) Pause Young (Normal) (G1 Evacuation Pause)
[2021-04-15T11:51:41.756-0900][gc,task     ] GC(8) Using 8 workers of 8 for evacuation
[2021-04-15T11:51:41.787-0900][gc,mmu      ] GC(8) MMU target violated: 21.0ms (20.0ms/21.0ms)
[2021-04-15T11:51:41.787-0900][gc,phases   ] GC(8)   Pre Evacuate Collection Set: 1.2ms
[2021-04-15T11:51:41.787-0900][gc,phases   ] GC(8)   Merge Heap Roots: 0.2ms
[2021-04-15T11:51:41.787-0900][gc,phases   ] GC(8)   Evacuate Collection Set: 28.0ms
[2021-04-15T11:51:41.787-0900][gc,phases   ] GC(8)   Post Evacuate Collection Set: 1.1ms
[2021-04-15T11:51:41.787-0900][gc,phases   ] GC(8)   Other: 2.4ms
[2021-04-15T11:51:41.787-0900][gc,heap     ] GC(8) Eden regions: 45->0(47)
[2021-04-15T11:51:41.787-0900][gc,heap     ] GC(8) Survivor regions: 6->4(7)
[2021-04-15T11:51:41.787-0900][gc,heap     ] GC(8) Old regions: 13->15
[2021-04-15T11:51:41.787-0900][gc,heap     ] GC(8) Archive regions: 2->2
[2021-04-15T11:51:41.787-0900][gc,heap     ] GC(8) Humongous regions: 129->129
[2021-04-15T11:51:41.787-0900][gc,metaspace] GC(8) Metaspace: 41212K(42284K)->41212K(42284K) NonClass: 36269K(37036K)->36269K(37036K) Class: 4942K(5248K)->4942K(5248K)
[2021-04-15T11:51:41.787-0900][gc          ] GC(8) Pause Young (Normal) (G1 Evacuation Pause) 192M->148M(1024M) 33.073ms
[2021-04-15T11:51:41.787-0900][gc,cpu      ] GC(8) User=0.05s Sys=0.04s Real=0.03s
[2021-04-15T11:55:25.568-0900][gc,start    ] GC(9) Pause Young (Normal) (G1 Evacuation Pause)
[2021-04-15T11:55:25.571-0900][gc,task     ] GC(9) Using 8 workers of 8 for evacuation
[2021-04-15T11:55:25.593-0900][gc,mmu      ] GC(9) MMU target violated: 21.0ms (20.0ms/21.0ms)
[2021-04-15T11:55:25.593-0900][gc,phases   ] GC(9)   Pre Evacuate Collection Set: 1.5ms
[2021-04-15T11:55:25.593-0900][gc,phases   ] GC(9)   Merge Heap Roots: 0.2ms
[2021-04-15T11:55:25.593-0900][gc,phases   ] GC(9)   Evacuate Collection Set: 18.1ms
[2021-04-15T11:55:25.593-0900][gc,phases   ] GC(9)   Post Evacuate Collection Set: 1.5ms
[2021-04-15T11:55:25.593-0900][gc,phases   ] GC(9)   Other: 3.4ms
[2021-04-15T11:55:25.593-0900][gc,heap     ] GC(9) Eden regions: 47->0(48)
[2021-04-15T11:55:25.593-0900][gc,heap     ] GC(9) Survivor regions: 4->3(7)
[2021-04-15T11:55:25.593-0900][gc,heap     ] GC(9) Old regions: 15->15
[2021-04-15T11:55:25.593-0900][gc,heap     ] GC(9) Archive regions: 2->2
[2021-04-15T11:55:25.593-0900][gc,heap     ] GC(9) Humongous regions: 129->129
[2021-04-15T11:55:25.593-0900][gc,metaspace] GC(9) Metaspace: 41320K(42284K)->41320K(42284K) NonClass: 36362K(37036K)->36362K(37036K) Class: 4958K(5248K)->4958K(5248K)
[2021-04-15T11:55:25.593-0900][gc          ] GC(9) Pause Young (Normal) (G1 Evacuation Pause) 195M->147M(1024M) 24.927ms
[2021-04-15T11:55:25.594-0900][gc,cpu      ] GC(9) User=0.03s Sys=0.02s Real=0.03s
[2021-04-15T11:59:18.169-0900][gc,start    ] GC(10) Pause Young (Normal) (G1 Evacuation Pause)
[2021-04-15T11:59:18.170-0900][gc,task     ] GC(10) Using 8 workers of 8 for evacuation
[2021-04-15T11:59:18.186-0900][gc,phases   ] GC(10)   Pre Evacuate Collection Set: 0.4ms
[2021-04-15T11:59:18.186-0900][gc,phases   ] GC(10)   Merge Heap Roots: 0.2ms
[2021-04-15T11:59:18.186-0900][gc,phases   ] GC(10)   Evacuate Collection Set: 15.0ms
[2021-04-15T11:59:18.186-0900][gc,phases   ] GC(10)   Post Evacuate Collection Set: 0.5ms
[2021-04-15T11:59:18.186-0900][gc,phases   ] GC(10)   Other: 1.1ms
[2021-04-15T11:59:18.186-0900][gc,heap     ] GC(10) Eden regions: 48->0(45)
[2021-04-15T11:59:18.186-0900][gc,heap     ] GC(10) Survivor regions: 3->6(7)
[2021-04-15T11:59:18.186-0900][gc,heap     ] GC(10) Old regions: 15->15
[2021-04-15T11:59:18.186-0900][gc,heap     ] GC(10) Archive regions: 2->2
[2021-04-15T11:59:18.186-0900][gc,heap     ] GC(10) Humongous regions: 129->129
[2021-04-15T11:59:18.186-0900][gc,metaspace] GC(10) Metaspace: 41384K(42540K)->41384K(42540K) NonClass: 36424K(37292K)->36424K(37292K) Class: 4959K(5248K)->4959K(5248K)
[2021-04-15T11:59:18.186-0900][gc          ] GC(10) Pause Young (Normal) (G1 Evacuation Pause) 195M->149M(1024M) 17.387ms
[2021-04-15T11:59:18.186-0900][gc,cpu      ] GC(10) User=0.04s Sys=0.01s Real=0.02s
[2021-04-15T12:03:04.265-0900][gc,start    ] GC(11) Pause Young (Normal) (G1 Evacuation Pause)
[2021-04-15T12:03:04.267-0900][gc,task     ] GC(11) Using 8 workers of 8 for evacuation
[2021-04-15T12:03:04.295-0900][gc,mmu      ] GC(11) MMU target violated: 21.0ms (20.0ms/21.0ms)
[2021-04-15T12:03:04.295-0900][gc,phases   ] GC(11)   Pre Evacuate Collection Set: 1.4ms
[2021-04-15T12:03:04.295-0900][gc,phases   ] GC(11)   Merge Heap Roots: 0.2ms
[2021-04-15T12:03:04.295-0900][gc,phases   ] GC(11)   Evacuate Collection Set: 24.2ms
[2021-04-15T12:03:04.295-0900][gc,phases   ] GC(11)   Post Evacuate Collection Set: 1.7ms
[2021-04-15T12:03:04.295-0900][gc,phases   ] GC(11)   Other: 2.6ms
[2021-04-15T12:03:04.295-0900][gc,heap     ] GC(11) Eden regions: 45->0(45)
[2021-04-15T12:03:04.295-0900][gc,heap     ] GC(11) Survivor regions: 6->6(7)
[2021-04-15T12:03:04.295-0900][gc,heap     ] GC(11) Old regions: 15->18
[2021-04-15T12:03:04.295-0900][gc,heap     ] GC(11) Archive regions: 2->2
[2021-04-15T12:03:04.295-0900][gc,heap     ] GC(11) Humongous regions: 129->129
[2021-04-15T12:03:04.295-0900][gc,metaspace] GC(11) Metaspace: 41395K(42540K)->41395K(42540K) NonClass: 36435K(37292K)->36435K(37292K) Class: 4959K(5248K)->4959K(5248K)
[2021-04-15T12:03:04.295-0900][gc          ] GC(11) Pause Young (Normal) (G1 Evacuation Pause) 194M->152M(1024M) 30.303ms
[2021-04-15T12:03:04.295-0900][gc,cpu      ] GC(11) User=0.05s Sys=0.03s Real=0.03s
[2021-04-15T12:06:48.121-0900][gc,start    ] GC(12) Pause Young (Normal) (G1 Evacuation Pause)
[2021-04-15T12:06:48.122-0900][gc,task     ] GC(12) Using 8 workers of 8 for evacuation
[2021-04-15T12:06:48.138-0900][gc,phases   ] GC(12)   Pre Evacuate Collection Set: 0.9ms
[2021-04-15T12:06:48.138-0900][gc,phases   ] GC(12)   Merge Heap Roots: 0.2ms
[2021-04-15T12:06:48.138-0900][gc,phases   ] GC(12)   Evacuate Collection Set: 13.7ms
[2021-04-15T12:06:48.138-0900][gc,phases   ] GC(12)   Post Evacuate Collection Set: 0.5ms
[2021-04-15T12:06:48.138-0900][gc,phases   ] GC(12)   Other: 1.6ms
[2021-04-15T12:06:48.138-0900][gc,heap     ] GC(12) Eden regions: 45->0(72)
[2021-04-15T12:06:48.138-0900][gc,heap     ] GC(12) Survivor regions: 6->3(7)
[2021-04-15T12:06:48.138-0900][gc,heap     ] GC(12) Old regions: 18->21
[2021-04-15T12:06:48.138-0900][gc,heap     ] GC(12) Archive regions: 2->2
[2021-04-15T12:06:48.138-0900][gc,heap     ] GC(12) Humongous regions: 129->129
[2021-04-15T12:06:48.138-0900][gc,metaspace] GC(12) Metaspace: 41435K(42540K)->41435K(42540K) NonClass: 36475K(37292K)->36475K(37292K) Class: 4959K(5248K)->4959K(5248K)
[2021-04-15T12:06:48.138-0900][gc          ] GC(12) Pause Young (Normal) (G1 Evacuation Pause) 197M->152M(1024M) 16.907ms
[2021-04-15T12:06:48.138-0900][gc,cpu      ] GC(12) User=0.05s Sys=0.01s Real=0.01s
[2021-04-15T12:12:50.601-0900][gc,start    ] GC(13) Pause Young (Normal) (G1 Evacuation Pause)
[2021-04-15T12:12:50.602-0900][gc,task     ] GC(13) Using 8 workers of 8 for evacuation
[2021-04-15T12:12:50.633-0900][gc,mmu      ] GC(13) MMU target violated: 21.0ms (20.0ms/21.0ms)
[2021-04-15T12:12:50.633-0900][gc,phases   ] GC(13)   Pre Evacuate Collection Set: 2.1ms
[2021-04-15T12:12:50.633-0900][gc,phases   ] GC(13)   Merge Heap Roots: 0.2ms
[2021-04-15T12:12:50.633-0900][gc,phases   ] GC(13)   Evacuate Collection Set: 26.5ms
[2021-04-15T12:12:50.633-0900][gc,phases   ] GC(13)   Post Evacuate Collection Set: 1.1ms
[2021-04-15T12:12:50.633-0900][gc,phases   ] GC(13)   Other: 2.2ms
[2021-04-15T12:12:50.633-0900][gc,heap     ] GC(13) Eden regions: 72->0(45)
[2021-04-15T12:12:50.633-0900][gc,heap     ] GC(13) Survivor regions: 3->6(10)
[2021-04-15T12:12:50.633-0900][gc,heap     ] GC(13) Old regions: 21->21
[2021-04-15T12:12:50.633-0900][gc,heap     ] GC(13) Archive regions: 2->2
[2021-04-15T12:12:50.633-0900][gc,heap     ] GC(13) Humongous regions: 129->129
[2021-04-15T12:12:50.633-0900][gc,metaspace] GC(13) Metaspace: 41459K(42540K)->41459K(42540K) NonClass: 36500K(37292K)->36500K(37292K) Class: 4959K(5248K)->4959K(5248K)
[2021-04-15T12:12:50.633-0900][gc          ] GC(13) Pause Young (Normal) (G1 Evacuation Pause) 224M->155M(1024M) 32.279ms
[2021-04-15T12:12:50.633-0900][gc,cpu      ] GC(13) User=0.05s Sys=0.03s Real=0.03s
[2021-04-15T12:16:33.933-0900][gc,start    ] GC(14) Pause Young (Normal) (G1 Evacuation Pause)
[2021-04-15T12:16:33.934-0900][gc,task     ] GC(14) Using 8 workers of 8 for evacuation
[2021-04-15T12:16:33.982-0900][gc,mmu      ] GC(14) MMU target violated: 21.0ms (20.0ms/21.0ms)
[2021-04-15T12:16:33.982-0900][gc,phases   ] GC(14)   Pre Evacuate Collection Set: 1.9ms
[2021-04-15T12:16:33.982-0900][gc,phases   ] GC(14)   Merge Heap Roots: 0.2ms
[2021-04-15T12:16:33.982-0900][gc,phases   ] GC(14)   Evacuate Collection Set: 43.5ms
[2021-04-15T12:16:33.982-0900][gc,phases   ] GC(14)   Post Evacuate Collection Set: 1.6ms
[2021-04-15T12:16:33.982-0900][gc,phases   ] GC(14)   Other: 2.1ms
[2021-04-15T12:16:33.982-0900][gc,heap     ] GC(14) Eden regions: 45->0(47)
[2021-04-15T12:16:33.982-0900][gc,heap     ] GC(14) Survivor regions: 6->4(7)
[2021-04-15T12:16:33.982-0900][gc,heap     ] GC(14) Old regions: 21->26
[2021-04-15T12:16:33.982-0900][gc,heap     ] GC(14) Archive regions: 2->2
[2021-04-15T12:16:33.982-0900][gc,heap     ] GC(14) Humongous regions: 129->129
[2021-04-15T12:16:33.982-0900][gc,metaspace] GC(14) Metaspace: 41489K(42540K)->41489K(42540K) NonClass: 36529K(37292K)->36529K(37292K) Class: 4959K(5248K)->4959K(5248K)
[2021-04-15T12:16:33.982-0900][gc          ] GC(14) Pause Young (Normal) (G1 Evacuation Pause) 200M->158M(1024M) 49.498ms
[2021-04-15T12:16:33.982-0900][gc,cpu      ] GC(14) User=0.07s Sys=0.04s Real=0.05s
[2021-04-15T12:20:28.698-0900][gc,start    ] GC(15) Pause Young (Normal) (G1 Evacuation Pause)
[2021-04-15T12:20:28.699-0900][gc,task     ] GC(15) Using 8 workers of 8 for evacuation
[2021-04-15T12:20:28.719-0900][gc,phases   ] GC(15)   Pre Evacuate Collection Set: 1.0ms
[2021-04-15T12:20:28.732-0900][gc,phases   ] GC(15)   Merge Heap Roots: 0.1ms
[2021-04-15T12:20:28.732-0900][gc,phases   ] GC(15)   Evacuate Collection Set: 17.2ms
[2021-04-15T12:20:28.732-0900][gc,phases   ] GC(15)   Post Evacuate Collection Set: 1.1ms
[2021-04-15T12:20:28.733-0900][gc,phases   ] GC(15)   Other: 1.6ms
[2021-04-15T12:20:28.733-0900][gc,heap     ] GC(15) Eden regions: 47->0(44)
[2021-04-15T12:20:28.733-0900][gc,heap     ] GC(15) Survivor regions: 4->7(7)
[2021-04-15T12:20:28.733-0900][gc,heap     ] GC(15) Old regions: 26->26
[2021-04-15T12:20:28.733-0900][gc,heap     ] GC(15) Archive regions: 2->2
[2021-04-15T12:20:28.733-0900][gc,heap     ] GC(15) Humongous regions: 129->129
[2021-04-15T12:20:28.733-0900][gc,metaspace] GC(15) Metaspace: 41492K(42540K)->41492K(42540K) NonClass: 36532K(37292K)->36532K(37292K) Class: 4959K(5248K)->4959K(5248K)
[2021-04-15T12:20:28.733-0900][gc          ] GC(15) Pause Young (Normal) (G1 Evacuation Pause) 205M->161M(1024M) 35.422ms
[2021-04-15T12:20:28.733-0900][gc,cpu      ] GC(15) User=0.04s Sys=0.02s Real=0.04s
[2021-04-15T12:24:08.135-0900][gc,start    ] GC(16) Pause Young (Normal) (G1 Evacuation Pause)
[2021-04-15T12:24:08.137-0900][gc,task     ] GC(16) Using 8 workers of 8 for evacuation
[2021-04-15T12:24:08.174-0900][gc,mmu      ] GC(16) MMU target violated: 21.0ms (20.0ms/21.0ms)
[2021-04-15T12:24:08.174-0900][gc,phases   ] GC(16)   Pre Evacuate Collection Set: 1.1ms
[2021-04-15T12:24:08.174-0900][gc,phases   ] GC(16)   Merge Heap Roots: 0.3ms
[2021-04-15T12:24:08.174-0900][gc,phases   ] GC(16)   Evacuate Collection Set: 33.2ms
[2021-04-15T12:24:08.174-0900][gc,phases   ] GC(16)   Post Evacuate Collection Set: 1.4ms
[2021-04-15T12:24:08.174-0900][gc,phases   ] GC(16)   Other: 2.5ms
[2021-04-15T12:24:08.174-0900][gc,heap     ] GC(16) Eden regions: 44->0(47)
[2021-04-15T12:24:08.174-0900][gc,heap     ] GC(16) Survivor regions: 7->4(7)
[2021-04-15T12:24:08.174-0900][gc,heap     ] GC(16) Old regions: 26->30
[2021-04-15T12:24:08.174-0900][gc,heap     ] GC(16) Archive regions: 2->2
[2021-04-15T12:24:08.174-0900][gc,heap     ] GC(16) Humongous regions: 129->129
[2021-04-15T12:24:08.174-0900][gc,metaspace] GC(16) Metaspace: 41507K(42540K)->41507K(42540K) NonClass: 36548K(37292K)->36548K(37292K) Class: 4959K(5248K)->4959K(5248K)
[2021-04-15T12:24:08.174-0900][gc          ] GC(16) Pause Young (Normal) (G1 Evacuation Pause) 205M->162M(1024M) 38.631ms
[2021-04-15T12:24:08.174-0900][gc,cpu      ] GC(16) User=0.05s Sys=0.03s Real=0.04s
[2021-04-15T12:28:03.344-0900][gc,start    ] GC(17) Pause Young (Normal) (G1 Evacuation Pause)
[2021-04-15T12:28:03.346-0900][gc,task     ] GC(17) Using 8 workers of 8 for evacuation
[2021-04-15T12:28:03.360-0900][gc,phases   ] GC(17)   Pre Evacuate Collection Set: 0.4ms
[2021-04-15T12:28:03.361-0900][gc,phases   ] GC(17)   Merge Heap Roots: 0.2ms
[2021-04-15T12:28:03.361-0900][gc,phases   ] GC(17)   Evacuate Collection Set: 13.7ms
[2021-04-15T12:28:03.361-0900][gc,phases   ] GC(17)   Post Evacuate Collection Set: 0.3ms
[2021-04-15T12:28:03.361-0900][gc,phases   ] GC(17)   Other: 2.4ms
[2021-04-15T12:28:03.361-0900][gc,heap     ] GC(17) Eden regions: 47->0(45)
[2021-04-15T12:28:03.361-0900][gc,heap     ] GC(17) Survivor regions: 4->6(7)
[2021-04-15T12:28:03.361-0900][gc,heap     ] GC(17) Old regions: 30->30
[2021-04-15T12:28:03.361-0900][gc,heap     ] GC(17) Archive regions: 2->2
[2021-04-15T12:28:03.361-0900][gc,heap     ] GC(17) Humongous regions: 129->129
[2021-04-15T12:28:03.361-0900][gc,metaspace] GC(17) Metaspace: 41528K(42540K)->41528K(42540K) NonClass: 36569K(37292K)->36569K(37292K) Class: 4959K(5248K)->4959K(5248K)
[2021-04-15T12:28:03.361-0900][gc          ] GC(17) Pause Young (Normal) (G1 Evacuation Pause) 209M->165M(1024M) 17.110ms
[2021-04-15T12:28:03.361-0900][gc,cpu      ] GC(17) User=0.06s Sys=0.01s Real=0.02s
[2021-04-15T12:31:45.871-0900][gc,start    ] GC(18) Pause Young (Normal) (G1 Evacuation Pause)
[2021-04-15T12:31:45.872-0900][gc,task     ] GC(18) Using 8 workers of 8 for evacuation
[2021-04-15T12:31:45.890-0900][gc,phases   ] GC(18)   Pre Evacuate Collection Set: 0.6ms
[2021-04-15T12:31:45.890-0900][gc,phases   ] GC(18)   Merge Heap Roots: 0.2ms
[2021-04-15T12:31:45.890-0900][gc,phases   ] GC(18)   Evacuate Collection Set: 16.4ms
[2021-04-15T12:31:45.890-0900][gc,phases   ] GC(18)   Post Evacuate Collection Set: 1.0ms
[2021-04-15T12:31:45.890-0900][gc,phases   ] GC(18)   Other: 1.3ms
[2021-04-15T12:31:45.890-0900][gc,heap     ] GC(18) Eden regions: 45->0(46)
[2021-04-15T12:31:45.890-0900][gc,heap     ] GC(18) Survivor regions: 6->5(7)
[2021-04-15T12:31:45.890-0900][gc,heap     ] GC(18) Old regions: 30->34
[2021-04-15T12:31:45.890-0900][gc,heap     ] GC(18) Archive regions: 2->2
[2021-04-15T12:31:45.890-0900][gc,heap     ] GC(18) Humongous regions: 129->129
[2021-04-15T12:31:45.890-0900][gc,metaspace] GC(18) Metaspace: 41534K(42540K)->41534K(42540K) NonClass: 36575K(37292K)->36575K(37292K) Class: 4959K(5248K)->4959K(5248K)
[2021-04-15T12:31:45.890-0900][gc          ] GC(18) Pause Young (Normal) (G1 Evacuation Pause) 210M->167M(1024M) 19.547ms
[2021-04-15T12:31:45.890-0900][gc,cpu      ] GC(18) User=0.06s Sys=0.01s Real=0.02s
[2021-04-15T12:35:30.978-0900][gc,start    ] GC(19) Pause Young (Normal) (G1 Evacuation Pause)
[2021-04-15T12:35:30.979-0900][gc,task     ] GC(19) Using 8 workers of 8 for evacuation
[2021-04-15T12:35:30.995-0900][gc,phases   ] GC(19)   Pre Evacuate Collection Set: 0.4ms
[2021-04-15T12:35:30.995-0900][gc,phases   ] GC(19)   Merge Heap Roots: 0.2ms
[2021-04-15T12:35:30.995-0900][gc,phases   ] GC(19)   Evacuate Collection Set: 12.9ms
[2021-04-15T12:35:30.995-0900][gc,phases   ] GC(19)   Post Evacuate Collection Set: 1.3ms
[2021-04-15T12:35:30.995-0900][gc,phases   ] GC(19)   Other: 2.1ms
[2021-04-15T12:35:30.995-0900][gc,heap     ] GC(19) Eden regions: 46->0(88)
[2021-04-15T12:35:30.995-0900][gc,heap     ] GC(19) Survivor regions: 5->4(7)
[2021-04-15T12:35:30.995-0900][gc,heap     ] GC(19) Old regions: 34->36
[2021-04-15T12:35:30.995-0900][gc,heap     ] GC(19) Archive regions: 2->2
[2021-04-15T12:35:30.995-0900][gc,heap     ] GC(19) Humongous regions: 129->129
[2021-04-15T12:35:30.995-0900][gc,metaspace] GC(19) Metaspace: 41537K(42540K)->41537K(42540K) NonClass: 36577K(37292K)->36577K(37292K) Class: 4959K(5248K)->4959K(5248K)
[2021-04-15T12:35:30.995-0900][gc          ] GC(19) Pause Young (Normal) (G1 Evacuation Pause) 213M->168M(1024M) 17.096ms
[2021-04-15T12:35:30.995-0900][gc,cpu      ] GC(19) User=0.05s Sys=0.01s Real=0.02s
[2021-04-15T12:42:34.879-0900][gc,start    ] GC(20) Pause Young (Normal) (G1 Evacuation Pause)
[2021-04-15T12:42:34.880-0900][gc,task     ] GC(20) Using 8 workers of 8 for evacuation
[2021-04-15T12:42:34.899-0900][gc,phases   ] GC(20)   Pre Evacuate Collection Set: 0.8ms
[2021-04-15T12:42:34.899-0900][gc,phases   ] GC(20)   Merge Heap Roots: 0.2ms
[2021-04-15T12:42:34.899-0900][gc,phases   ] GC(20)   Evacuate Collection Set: 16.9ms
[2021-04-15T12:42:34.899-0900][gc,phases   ] GC(20)   Post Evacuate Collection Set: 0.5ms
[2021-04-15T12:42:34.899-0900][gc,phases   ] GC(20)   Other: 1.7ms
[2021-04-15T12:42:34.899-0900][gc,heap     ] GC(20) Eden regions: 85->0(46)
[2021-04-15T12:42:34.899-0900][gc,heap     ] GC(20) Survivor regions: 4->8(12)
[2021-04-15T12:42:34.899-0900][gc,heap     ] GC(20) Old regions: 36->36
[2021-04-15T12:42:34.899-0900][gc,heap     ] GC(20) Archive regions: 2->2
[2021-04-15T12:42:34.899-0900][gc,heap     ] GC(20) Humongous regions: 129->129
[2021-04-15T12:42:34.899-0900][gc,metaspace] GC(20) Metaspace: 41561K(42540K)->41561K(42540K) NonClass: 36601K(37292K)->36601K(37292K) Class: 4959K(5248K)->4959K(5248K)
[2021-04-15T12:42:34.899-0900][gc          ] GC(20) Pause Young (Normal) (G1 Evacuation Pause) 253M->173M(1024M) 20.252ms
[2021-04-15T12:42:34.899-0900][gc,cpu      ] GC(20) User=0.06s Sys=0.02s Real=0.02s
[2021-04-15T12:46:01.337-0900][gc,start    ] GC(21) Pause Young (Normal) (G1 Evacuation Pause)
[2021-04-15T12:46:01.339-0900][gc,task     ] GC(21) Using 8 workers of 8 for evacuation
[2021-04-15T12:46:01.393-0900][gc,mmu      ] GC(21) MMU target violated: 21.0ms (20.0ms/21.0ms)
[2021-04-15T12:46:01.393-0900][gc,phases   ] GC(21)   Pre Evacuate Collection Set: 0.5ms
[2021-04-15T12:46:01.393-0900][gc,phases   ] GC(21)   Merge Heap Roots: 0.2ms
[2021-04-15T12:46:01.393-0900][gc,phases   ] GC(21)   Evacuate Collection Set: 51.4ms
[2021-04-15T12:46:01.393-0900][gc,phases   ] GC(21)   Post Evacuate Collection Set: 1.5ms
[2021-04-15T12:46:01.393-0900][gc,phases   ] GC(21)   Other: 2.8ms
[2021-04-15T12:46:01.393-0900][gc,heap     ] GC(21) Eden regions: 45->0(47)
[2021-04-15T12:46:01.393-0900][gc,heap     ] GC(21) Survivor regions: 8->4(7)
[2021-04-15T12:46:01.393-0900][gc,heap     ] GC(21) Old regions: 36->42
[2021-04-15T12:46:01.393-0900][gc,heap     ] GC(21) Archive regions: 2->2
[2021-04-15T12:46:01.393-0900][gc,heap     ] GC(21) Humongous regions: 129->129
[2021-04-15T12:46:01.393-0900][gc,metaspace] GC(21) Metaspace: 41599K(42540K)->41599K(42540K) NonClass: 36630K(37292K)->36630K(37292K) Class: 4969K(5248K)->4969K(5248K)
[2021-04-15T12:46:01.393-0900][gc          ] GC(21) Pause Young (Normal) (G1 Evacuation Pause) 218M->174M(1024M) 56.535ms
[2021-04-15T12:46:01.393-0900][gc,cpu      ] GC(21) User=0.07s Sys=0.03s Real=0.06s
[2021-04-15T12:49:53.809-0900][gc,start    ] GC(22) Pause Young (Normal) (G1 Evacuation Pause)
[2021-04-15T12:49:53.810-0900][gc,task     ] GC(22) Using 8 workers of 8 for evacuation
[2021-04-15T12:49:53.825-0900][gc,phases   ] GC(22)   Pre Evacuate Collection Set: 1.2ms
[2021-04-15T12:49:53.825-0900][gc,phases   ] GC(22)   Merge Heap Roots: 0.2ms
[2021-04-15T12:49:53.825-0900][gc,phases   ] GC(22)   Evacuate Collection Set: 12.9ms
[2021-04-15T12:49:53.825-0900][gc,phases   ] GC(22)   Post Evacuate Collection Set: 1.1ms
[2021-04-15T12:49:53.826-0900][gc,phases   ] GC(22)   Other: 1.1ms
[2021-04-15T12:49:53.826-0900][gc,heap     ] GC(22) Eden regions: 47->0(46)
[2021-04-15T12:49:53.826-0900][gc,heap     ] GC(22) Survivor regions: 4->5(7)
[2021-04-15T12:49:53.826-0900][gc,heap     ] GC(22) Old regions: 42->42
[2021-04-15T12:49:53.826-0900][gc,heap     ] GC(22) Archive regions: 2->2
[2021-04-15T12:49:53.826-0900][gc,heap     ] GC(22) Humongous regions: 129->129
[2021-04-15T12:49:53.826-0900][gc,metaspace] GC(22) Metaspace: 41619K(42540K)->41619K(42540K) NonClass: 36650K(37292K)->36650K(37292K) Class: 4969K(5248K)->4969K(5248K)
[2021-04-15T12:49:53.826-0900][gc          ] GC(22) Pause Young (Normal) (G1 Evacuation Pause) 221M->175M(1024M) 16.795ms
[2021-04-15T12:49:53.826-0900][gc,cpu      ] GC(22) User=0.04s Sys=0.02s Real=0.02s
[2021-04-15T12:53:42.135-0900][gc,start    ] GC(23) Pause Young (Normal) (G1 Evacuation Pause)
[2021-04-15T12:53:42.136-0900][gc,task     ] GC(23) Using 8 workers of 8 for evacuation
[2021-04-15T12:53:42.150-0900][gc,phases   ] GC(23)   Pre Evacuate Collection Set: 0.4ms
[2021-04-15T12:53:42.150-0900][gc,phases   ] GC(23)   Merge Heap Roots: 0.2ms
[2021-04-15T12:53:42.150-0900][gc,phases   ] GC(23)   Evacuate Collection Set: 12.3ms
[2021-04-15T12:53:42.150-0900][gc,phases   ] GC(23)   Post Evacuate Collection Set: 1.0ms
[2021-04-15T12:53:42.150-0900][gc,phases   ] GC(23)   Other: 1.6ms
[2021-04-15T12:53:42.150-0900][gc,heap     ] GC(23) Eden regions: 46->0(69)
[2021-04-15T12:53:42.150-0900][gc,heap     ] GC(23) Survivor regions: 5->4(7)
[2021-04-15T12:53:42.150-0900][gc,heap     ] GC(23) Old regions: 42->44
[2021-04-15T12:53:42.150-0900][gc,heap     ] GC(23) Archive regions: 2->2
[2021-04-15T12:53:42.150-0900][gc,heap     ] GC(23) Humongous regions: 129->129
[2021-04-15T12:53:42.150-0900][gc,metaspace] GC(23) Metaspace: 41621K(42540K)->41621K(42540K) NonClass: 36652K(37292K)->36652K(37292K) Class: 4969K(5248K)->4969K(5248K)
[2021-04-15T12:53:42.150-0900][gc          ] GC(23) Pause Young (Normal) (G1 Evacuation Pause) 221M->176M(1024M) 15.659ms
[2021-04-15T12:53:42.150-0900][gc,cpu      ] GC(23) User=0.04s Sys=0.01s Real=0.02s
[2021-04-15T12:59:24.320-0900][gc,start    ] GC(24) Pause Young (Normal) (G1 Evacuation Pause)
[2021-04-15T12:59:24.321-0900][gc,task     ] GC(24) Using 8 workers of 8 for evacuation
[2021-04-15T12:59:24.338-0900][gc,phases   ] GC(24)   Pre Evacuate Collection Set: 0.4ms
[2021-04-15T12:59:24.338-0900][gc,phases   ] GC(24)   Merge Heap Roots: 0.1ms
[2021-04-15T12:59:24.338-0900][gc,phases   ] GC(24)   Evacuate Collection Set: 15.8ms
[2021-04-15T12:59:24.338-0900][gc,phases   ] GC(24)   Post Evacuate Collection Set: 0.5ms
[2021-04-15T12:59:24.338-0900][gc,phases   ] GC(24)   Other: 1.7ms
[2021-04-15T12:59:24.338-0900][gc,heap     ] GC(24) Eden regions: 69->0(45)
[2021-04-15T12:59:24.338-0900][gc,heap     ] GC(24) Survivor regions: 4->6(10)
[2021-04-15T12:59:24.338-0900][gc,heap     ] GC(24) Old regions: 44->44
[2021-04-15T12:59:24.338-0900][gc,heap     ] GC(24) Archive regions: 2->2
[2021-04-15T12:59:24.338-0900][gc,heap     ] GC(24) Humongous regions: 129->129
[2021-04-15T12:59:24.339-0900][gc,metaspace] GC(24) Metaspace: 41627K(42540K)->41627K(42540K) NonClass: 36658K(37292K)->36658K(37292K) Class: 4969K(5248K)->4969K(5248K)
[2021-04-15T12:59:24.339-0900][gc          ] GC(24) Pause Young (Normal) (G1 Evacuation Pause) 245M->178M(1024M) 18.840ms
[2021-04-15T12:59:24.339-0900][gc,cpu      ] GC(24) User=0.04s Sys=0.02s Real=0.01s
[2021-04-15T13:03:07.840-0900][gc,start    ] GC(25) Pause Young (Normal) (G1 Evacuation Pause)
[2021-04-15T13:03:07.841-0900][gc,task     ] GC(25) Using 8 workers of 8 for evacuation
[2021-04-15T13:03:07.859-0900][gc,phases   ] GC(25)   Pre Evacuate Collection Set: 0.8ms
[2021-04-15T13:03:07.859-0900][gc,phases   ] GC(25)   Merge Heap Roots: 0.1ms
[2021-04-15T13:03:07.859-0900][gc,phases   ] GC(25)   Evacuate Collection Set: 14.8ms
[2021-04-15T13:03:07.859-0900][gc,phases   ] GC(25)   Post Evacuate Collection Set: 1.4ms
[2021-04-15T13:03:07.859-0900][gc,phases   ] GC(25)   Other: 1.9ms
[2021-04-15T13:03:07.859-0900][gc,heap     ] GC(25) Eden regions: 45->0(124)
[2021-04-15T13:03:07.859-0900][gc,heap     ] GC(25) Survivor regions: 6->3(7)
[2021-04-15T13:03:07.859-0900][gc,heap     ] GC(25) Old regions: 44->47
[2021-04-15T13:03:07.859-0900][gc,heap     ] GC(25) Archive regions: 2->2
[2021-04-15T13:03:07.859-0900][gc,heap     ] GC(25) Humongous regions: 129->129
[2021-04-15T13:03:07.859-0900][gc,metaspace] GC(25) Metaspace: 41627K(42540K)->41627K(42540K) NonClass: 36658K(37292K)->36658K(37292K) Class: 4969K(5248K)->4969K(5248K)
[2021-04-15T13:03:07.859-0900][gc          ] GC(25) Pause Young (Normal) (G1 Evacuation Pause) 223M->178M(1024M) 19.515ms
[2021-04-15T13:03:07.859-0900][gc,cpu      ] GC(25) User=0.04s Sys=0.01s Real=0.01s
[2021-04-15T13:13:24.817-0900][gc,start    ] GC(26) Pause Young (Normal) (G1 Evacuation Pause)
[2021-04-15T13:13:24.817-0900][gc,task     ] GC(26) Using 8 workers of 8 for evacuation
[2021-04-15T13:13:24.838-0900][gc,mmu      ] GC(26) MMU target violated: 20.5ms (20.0ms/21.0ms)
[2021-04-15T13:13:24.838-0900][gc,phases   ] GC(26)   Pre Evacuate Collection Set: 0.6ms
[2021-04-15T13:13:24.838-0900][gc,phases   ] GC(26)   Merge Heap Roots: 0.1ms
[2021-04-15T13:13:24.838-0900][gc,phases   ] GC(26)   Evacuate Collection Set: 18.8ms
[2021-04-15T13:13:24.838-0900][gc,phases   ] GC(26)   Post Evacuate Collection Set: 1.1ms
[2021-04-15T13:13:24.838-0900][gc,phases   ] GC(26)   Other: 0.6ms
[2021-04-15T13:13:24.838-0900][gc,heap     ] GC(26) Eden regions: 124->0(41)
[2021-04-15T13:13:24.838-0900][gc,heap     ] GC(26) Survivor regions: 3->10(16)
[2021-04-15T13:13:24.838-0900][gc,heap     ] GC(26) Old regions: 47->47
[2021-04-15T13:13:24.838-0900][gc,heap     ] GC(26) Archive regions: 2->2
[2021-04-15T13:13:24.838-0900][gc,heap     ] GC(26) Humongous regions: 129->129
[2021-04-15T13:13:24.838-0900][gc,metaspace] GC(26) Metaspace: 41635K(42540K)->41635K(42540K) NonClass: 36666K(37292K)->36666K(37292K) Class: 4969K(5248K)->4969K(5248K)
[2021-04-15T13:13:24.838-0900][gc          ] GC(26) Pause Young (Normal) (G1 Evacuation Pause) 302M->185M(1024M) 21.195ms
[2021-04-15T13:13:24.838-0900][gc,cpu      ] GC(26) User=0.03s Sys=0.03s Real=0.02s
[2021-04-15T13:16:24.044-0900][gc,start    ] GC(27) Pause Young (Normal) (G1 Evacuation Pause)
[2021-04-15T13:16:24.044-0900][gc,task     ] GC(27) Using 8 workers of 8 for evacuation
[2021-04-15T13:16:24.057-0900][gc,phases   ] GC(27)   Pre Evacuate Collection Set: 0.4ms
[2021-04-15T13:16:24.058-0900][gc,phases   ] GC(27)   Merge Heap Roots: 0.1ms
[2021-04-15T13:16:24.058-0900][gc,phases   ] GC(27)   Evacuate Collection Set: 12.5ms
[2021-04-15T13:16:24.058-0900][gc,phases   ] GC(27)   Post Evacuate Collection Set: 0.5ms
[2021-04-15T13:16:24.058-0900][gc,phases   ] GC(27)   Other: 0.5ms
[2021-04-15T13:16:24.058-0900][gc,heap     ] GC(27) Eden regions: 41->0(92)
[2021-04-15T13:16:24.058-0900][gc,heap     ] GC(27) Survivor regions: 10->5(7)
[2021-04-15T13:16:24.058-0900][gc,heap     ] GC(27) Old regions: 47->54
[2021-04-15T13:16:24.058-0900][gc,heap     ] GC(27) Archive regions: 2->2
[2021-04-15T13:16:24.058-0900][gc,heap     ] GC(27) Humongous regions: 129->129
[2021-04-15T13:16:24.058-0900][gc,metaspace] GC(27) Metaspace: 42068K(43180K)->42068K(43180K) NonClass: 36993K(37804K)->36993K(37804K) Class: 5075K(5376K)->5075K(5376K)
[2021-04-15T13:16:24.058-0900][gc          ] GC(27) Pause Young (Normal) (G1 Evacuation Pause) 226M->188M(1024M) 14.048ms
[2021-04-15T13:16:24.058-0900][gc,cpu      ] GC(27) User=0.03s Sys=0.03s Real=0.01s
[2021-04-15T13:23:48.387-0900][gc,start    ] GC(28) Pause Young (Normal) (G1 Evacuation Pause)
[2021-04-15T13:23:48.388-0900][gc,task     ] GC(28) Using 8 workers of 8 for evacuation
[2021-04-15T13:23:48.414-0900][gc,mmu      ] GC(28) MMU target violated: 21.0ms (20.0ms/21.0ms)
[2021-04-15T13:23:48.415-0900][gc,phases   ] GC(28)   Pre Evacuate Collection Set: 1.8ms
[2021-04-15T13:23:48.415-0900][gc,phases   ] GC(28)   Merge Heap Roots: 0.2ms
[2021-04-15T13:23:48.415-0900][gc,phases   ] GC(28)   Evacuate Collection Set: 22.1ms
[2021-04-15T13:23:48.415-0900][gc,phases   ] GC(28)   Post Evacuate Collection Set: 1.3ms
[2021-04-15T13:23:48.415-0900][gc,phases   ] GC(28)   Other: 2.3ms
[2021-04-15T13:23:48.415-0900][gc,heap     ] GC(28) Eden regions: 92->0(43)
[2021-04-15T13:23:48.415-0900][gc,heap     ] GC(28) Survivor regions: 5->8(13)
[2021-04-15T13:23:48.415-0900][gc,heap     ] GC(28) Old regions: 54->54
[2021-04-15T13:23:48.415-0900][gc,heap     ] GC(28) Archive regions: 2->2
[2021-04-15T13:23:48.415-0900][gc,heap     ] GC(28) Humongous regions: 129->129
[2021-04-15T13:23:48.415-0900][gc,metaspace] GC(28) Metaspace: 42370K(43436K)->42370K(43436K) NonClass: 37252K(38060K)->37252K(38060K) Class: 5117K(5376K)->5117K(5376K)
[2021-04-15T13:23:48.415-0900][gc          ] GC(28) Pause Young (Normal) (G1 Evacuation Pause) 280M->191M(1024M) 27.872ms
[2021-04-15T13:23:48.415-0900][gc,cpu      ] GC(28) User=0.06s Sys=0.04s Real=0.03s
[2021-04-15T13:27:16.701-0900][gc,start    ] GC(29) Pause Young (Normal) (G1 Evacuation Pause)
[2021-04-15T13:27:16.716-0900][gc,task     ] GC(29) Using 8 workers of 8 for evacuation
[2021-04-15T13:27:16.735-0900][gc,phases   ] GC(29)   Pre Evacuate Collection Set: 1.2ms
[2021-04-15T13:27:16.735-0900][gc,phases   ] GC(29)   Merge Heap Roots: 0.2ms
[2021-04-15T13:27:16.735-0900][gc,phases   ] GC(29)   Evacuate Collection Set: 16.3ms
[2021-04-15T13:27:16.735-0900][gc,phases   ] GC(29)   Post Evacuate Collection Set: 0.8ms
[2021-04-15T13:27:16.735-0900][gc,phases   ] GC(29)   Other: 15.5ms
[2021-04-15T13:27:16.735-0900][gc,heap     ] GC(29) Eden regions: 43->0(87)
[2021-04-15T13:27:16.735-0900][gc,heap     ] GC(29) Survivor regions: 8->5(7)
[2021-04-15T13:27:16.735-0900][gc,heap     ] GC(29) Old regions: 54->60
[2021-04-15T13:27:16.735-0900][gc,heap     ] GC(29) Archive regions: 2->2
[2021-04-15T13:27:16.735-0900][gc,heap     ] GC(29) Humongous regions: 129->129
[2021-04-15T13:27:16.735-0900][gc,metaspace] GC(29) Metaspace: 42386K(43436K)->42386K(43436K) NonClass: 37268K(38060K)->37268K(38060K) Class: 5117K(5376K)->5117K(5376K)
[2021-04-15T13:27:16.735-0900][gc          ] GC(29) Pause Young (Normal) (G1 Evacuation Pause) 234M->193M(1024M) 34.229ms
[2021-04-15T13:27:16.735-0900][gc,cpu      ] GC(29) User=0.06s Sys=0.05s Real=0.03s
[2021-04-15T13:33:26.285-0900][gc,start    ] GC(30) Pause Young (Normal) (G1 Evacuation Pause)
[2021-04-15T13:33:26.286-0900][gc,task     ] GC(30) Using 8 workers of 8 for evacuation
[2021-04-15T13:33:26.314-0900][gc,mmu      ] GC(30) MMU target violated: 21.0ms (20.0ms/21.0ms)
[2021-04-15T13:33:26.315-0900][gc,phases   ] GC(30)   Pre Evacuate Collection Set: 1.6ms
[2021-04-15T13:33:26.315-0900][gc,phases   ] GC(30)   Merge Heap Roots: 0.8ms
[2021-04-15T13:33:26.315-0900][gc,phases   ] GC(30)   Evacuate Collection Set: 24.5ms
[2021-04-15T13:33:26.315-0900][gc,phases   ] GC(30)   Post Evacuate Collection Set: 1.4ms
[2021-04-15T13:33:26.315-0900][gc,phases   ] GC(30)   Other: 1.3ms
[2021-04-15T13:33:26.315-0900][gc,heap     ] GC(30) Eden regions: 87->0(42)
[2021-04-15T13:33:26.315-0900][gc,heap     ] GC(30) Survivor regions: 5->9(12)
[2021-04-15T13:33:26.315-0900][gc,heap     ] GC(30) Old regions: 60->60
[2021-04-15T13:33:26.315-0900][gc,heap     ] GC(30) Archive regions: 2->2
[2021-04-15T13:33:26.315-0900][gc,heap     ] GC(30) Humongous regions: 129->129
[2021-04-15T13:33:26.315-0900][gc,metaspace] GC(30) Metaspace: 42516K(43436K)->42516K(43436K) NonClass: 37371K(38060K)->37371K(38060K) Class: 5145K(5376K)->5145K(5376K)
[2021-04-15T13:33:26.315-0900][gc          ] GC(30) Pause Young (Normal) (G1 Evacuation Pause) 280M->198M(1024M) 29.739ms
[2021-04-15T13:33:26.315-0900][gc,cpu      ] GC(30) User=0.06s Sys=0.05s Real=0.03s
[2021-04-15T13:36:25.737-0900][gc,start    ] GC(31) Pause Young (Normal) (G1 Evacuation Pause)
[2021-04-15T13:36:25.739-0900][gc,task     ] GC(31) Using 8 workers of 8 for evacuation
[2021-04-15T13:36:25.774-0900][gc,mmu      ] GC(31) MMU target violated: 21.0ms (20.0ms/21.0ms)
[2021-04-15T13:36:25.775-0900][gc,phases   ] GC(31)   Pre Evacuate Collection Set: 1.7ms
[2021-04-15T13:36:25.775-0900][gc,phases   ] GC(31)   Merge Heap Roots: 0.4ms
[2021-04-15T13:36:25.775-0900][gc,phases   ] GC(31)   Evacuate Collection Set: 31.6ms
[2021-04-15T13:36:25.775-0900][gc,phases   ] GC(31)   Post Evacuate Collection Set: 1.2ms
[2021-04-15T13:36:25.775-0900][gc,phases   ] GC(31)   Other: 2.7ms
[2021-04-15T13:36:25.775-0900][gc,heap     ] GC(31) Eden regions: 42->0(60)
[2021-04-15T13:36:25.775-0900][gc,heap     ] GC(31) Survivor regions: 9->4(7)
[2021-04-15T13:36:25.775-0900][gc,heap     ] GC(31) Old regions: 60->67
[2021-04-15T13:36:25.775-0900][gc,heap     ] GC(31) Archive regions: 2->2
[2021-04-15T13:36:25.775-0900][gc,heap     ] GC(31) Humongous regions: 129->129
[2021-04-15T13:36:25.775-0900][gc,metaspace] GC(31) Metaspace: 42527K(43436K)->42527K(43436K) NonClass: 37379K(38060K)->37379K(38060K) Class: 5147K(5376K)->5147K(5376K)
[2021-04-15T13:36:25.775-0900][gc          ] GC(31) Pause Young (Normal) (G1 Evacuation Pause) 240M->199M(1024M) 37.716ms
[2021-04-15T13:36:25.775-0900][gc,cpu      ] GC(31) User=0.07s Sys=0.04s Real=0.04s
[2021-04-15T13:40:42.721-0900][gc,start    ] GC(32) Pause Young (Normal) (G1 Evacuation Pause)
[2021-04-15T13:40:42.722-0900][gc,task     ] GC(32) Using 8 workers of 8 for evacuation
[2021-04-15T13:40:42.758-0900][gc,mmu      ] GC(32) MMU target violated: 21.0ms (20.0ms/21.0ms)
[2021-04-15T13:40:42.776-0900][gc,phases   ] GC(32)   Pre Evacuate Collection Set: 10.0ms
[2021-04-15T13:40:42.776-0900][gc,phases   ] GC(32)   Merge Heap Roots: 0.3ms
[2021-04-15T13:40:42.776-0900][gc,phases   ] GC(32)   Evacuate Collection Set: 18.6ms
[2021-04-15T13:40:42.776-0900][gc,phases   ] GC(32)   Post Evacuate Collection Set: 6.9ms
[2021-04-15T13:40:42.776-0900][gc,phases   ] GC(32)   Other: 19.5ms
[2021-04-15T13:40:42.776-0900][gc,heap     ] GC(32) Eden regions: 60->0(44)
[2021-04-15T13:40:42.776-0900][gc,heap     ] GC(32) Survivor regions: 4->7(8)
[2021-04-15T13:40:42.776-0900][gc,heap     ] GC(32) Old regions: 67->67
[2021-04-15T13:40:42.776-0900][gc,heap     ] GC(32) Archive regions: 2->2
[2021-04-15T13:40:42.776-0900][gc,heap     ] GC(32) Humongous regions: 129->129
[2021-04-15T13:40:42.776-0900][gc,metaspace] GC(32) Metaspace: 42527K(43436K)->42527K(43436K) NonClass: 37379K(38060K)->37379K(38060K) Class: 5147K(5376K)->5147K(5376K)
[2021-04-15T13:40:42.776-0900][gc          ] GC(32) Pause Young (Normal) (G1 Evacuation Pause) 259M->202M(1024M) 55.628ms
[2021-04-15T13:40:42.776-0900][gc,cpu      ] GC(32) User=0.05s Sys=0.03s Real=0.05s
[2021-04-15T13:43:53.641-0900][gc,start    ] GC(33) Pause Young (Normal) (G1 Evacuation Pause)
[2021-04-15T13:43:53.643-0900][gc,task     ] GC(33) Using 8 workers of 8 for evacuation
[2021-04-15T13:43:53.686-0900][gc,mmu      ] GC(33) MMU target violated: 21.0ms (20.0ms/21.0ms)
[2021-04-15T13:43:53.686-0900][gc,phases   ] GC(33)   Pre Evacuate Collection Set: 1.6ms
[2021-04-15T13:43:53.686-0900][gc,phases   ] GC(33)   Merge Heap Roots: 0.2ms
[2021-04-15T13:43:53.686-0900][gc,phases   ] GC(33)   Evacuate Collection Set: 35.8ms
[2021-04-15T13:43:53.687-0900][gc,phases   ] GC(33)   Post Evacuate Collection Set: 5.2ms
[2021-04-15T13:43:53.687-0900][gc,phases   ] GC(33)   Other: 2.7ms
[2021-04-15T13:43:53.687-0900][gc,heap     ] GC(33) Eden regions: 44->0(46)
[2021-04-15T13:43:53.687-0900][gc,heap     ] GC(33) Survivor regions: 7->5(7)
[2021-04-15T13:43:53.687-0900][gc,heap     ] GC(33) Old regions: 67->72
[2021-04-15T13:43:53.687-0900][gc,heap     ] GC(33) Archive regions: 2->2
[2021-04-15T13:43:53.687-0900][gc,heap     ] GC(33) Humongous regions: 129->129
[2021-04-15T13:43:53.687-0900][gc,metaspace] GC(33) Metaspace: 42531K(43436K)->42531K(43436K) NonClass: 37383K(38060K)->37383K(38060K) Class: 5147K(5376K)->5147K(5376K)
[2021-04-15T13:43:53.687-0900][gc          ] GC(33) Pause Young (Normal) (G1 Evacuation Pause) 246M->205M(1024M) 45.655ms
[2021-04-15T13:43:53.687-0900][gc,cpu      ] GC(33) User=0.07s Sys=0.04s Real=0.04s
[2021-04-15T13:46:57.786-0900][gc,start    ] GC(34) Pause Young (Normal) (G1 Evacuation Pause)
[2021-04-15T13:46:57.787-0900][gc,task     ] GC(34) Using 8 workers of 8 for evacuation
[2021-04-15T13:46:57.805-0900][gc,phases   ] GC(34)   Pre Evacuate Collection Set: 1.0ms
[2021-04-15T13:46:57.805-0900][gc,phases   ] GC(34)   Merge Heap Roots: 0.2ms
[2021-04-15T13:46:57.806-0900][gc,phases   ] GC(34)   Evacuate Collection Set: 15.6ms
[2021-04-15T13:46:57.806-0900][gc,phases   ] GC(34)   Post Evacuate Collection Set: 1.6ms
[2021-04-15T13:46:57.806-0900][gc,phases   ] GC(34)   Other: 1.1ms
[2021-04-15T13:46:57.806-0900][gc,heap     ] GC(34) Eden regions: 46->0(47)
[2021-04-15T13:46:57.806-0900][gc,heap     ] GC(34) Survivor regions: 5->4(7)
[2021-04-15T13:46:57.806-0900][gc,heap     ] GC(34) Old regions: 72->75
[2021-04-15T13:46:57.806-0900][gc,heap     ] GC(34) Archive regions: 2->2
[2021-04-15T13:46:57.806-0900][gc,heap     ] GC(34) Humongous regions: 129->129
[2021-04-15T13:46:57.806-0900][gc,metaspace] GC(34) Metaspace: 42534K(43436K)->42534K(43436K) NonClass: 37386K(38060K)->37386K(38060K) Class: 5147K(5376K)->5147K(5376K)
[2021-04-15T13:46:57.806-0900][gc          ] GC(34) Pause Young (Normal) (G1 Evacuation Pause) 251M->207M(1024M) 19.838ms
[2021-04-15T13:46:57.806-0900][gc,cpu      ] GC(34) User=0.04s Sys=0.04s Real=0.02s
[2021-04-15T13:50:19.410-0900][gc,start    ] GC(35) Pause Young (Normal) (G1 Evacuation Pause)
[2021-04-15T13:50:19.410-0900][gc,task     ] GC(35) Using 8 workers of 8 for evacuation
[2021-04-15T13:50:19.427-0900][gc,phases   ] GC(35)   Pre Evacuate Collection Set: 0.8ms
[2021-04-15T13:50:19.427-0900][gc,phases   ] GC(35)   Merge Heap Roots: 0.2ms
[2021-04-15T13:50:19.427-0900][gc,phases   ] GC(35)   Evacuate Collection Set: 14.2ms
[2021-04-15T13:50:19.427-0900][gc,phases   ] GC(35)   Post Evacuate Collection Set: 0.9ms
[2021-04-15T13:50:19.427-0900][gc,phases   ] GC(35)   Other: 1.2ms
[2021-04-15T13:50:19.427-0900][gc,heap     ] GC(35) Eden regions: 47->0(46)
[2021-04-15T13:50:19.427-0900][gc,heap     ] GC(35) Survivor regions: 4->5(7)
[2021-04-15T13:50:19.427-0900][gc,heap     ] GC(35) Old regions: 75->75
[2021-04-15T13:50:19.427-0900][gc,heap     ] GC(35) Archive regions: 2->2
[2021-04-15T13:50:19.427-0900][gc,heap     ] GC(35) Humongous regions: 129->129
[2021-04-15T13:50:19.427-0900][gc,metaspace] GC(35) Metaspace: 42543K(43436K)->42543K(43436K) NonClass: 37395K(38060K)->37395K(38060K) Class: 5147K(5376K)->5147K(5376K)
[2021-04-15T13:50:19.427-0900][gc          ] GC(35) Pause Young (Normal) (G1 Evacuation Pause) 254M->208M(1024M) 17.793ms
[2021-04-15T13:50:19.427-0900][gc,cpu      ] GC(35) User=0.04s Sys=0.02s Real=0.01s
[2021-04-15T13:53:35.123-0900][gc,start    ] GC(36) Pause Young (Normal) (G1 Evacuation Pause)
[2021-04-15T13:53:35.124-0900][gc,task     ] GC(36) Using 8 workers of 8 for evacuation
[2021-04-15T13:53:35.138-0900][gc,phases   ] GC(36)   Pre Evacuate Collection Set: 0.9ms
[2021-04-15T13:53:35.138-0900][gc,phases   ] GC(36)   Merge Heap Roots: 0.2ms
[2021-04-15T13:53:35.138-0900][gc,phases   ] GC(36)   Evacuate Collection Set: 12.2ms
[2021-04-15T13:53:35.138-0900][gc,phases   ] GC(36)   Post Evacuate Collection Set: 0.7ms
[2021-04-15T13:53:35.139-0900][gc,phases   ] GC(36)   Other: 1.8ms
[2021-04-15T13:53:35.139-0900][gc,heap     ] GC(36) Eden regions: 46->0(103)
[2021-04-15T13:53:35.139-0900][gc,heap     ] GC(36) Survivor regions: 5->3(7)
[2021-04-15T13:53:35.139-0900][gc,heap     ] GC(36) Old regions: 75->76
[2021-04-15T13:53:35.139-0900][gc,heap     ] GC(36) Archive regions: 2->2
[2021-04-15T13:53:35.139-0900][gc,heap     ] GC(36) Humongous regions: 129->129
[2021-04-15T13:53:35.139-0900][gc,metaspace] GC(36) Metaspace: 42573K(43436K)->42573K(43436K) NonClass: 37424K(38060K)->37424K(38060K) Class: 5148K(5376K)->5148K(5376K)
[2021-04-15T13:53:35.139-0900][gc          ] GC(36) Pause Young (Normal) (G1 Evacuation Pause) 254M->208M(1024M) 16.134ms
[2021-04-15T13:53:35.139-0900][gc,cpu      ] GC(36) User=0.04s Sys=0.01s Real=0.01s
[2021-04-15T14:01:01.393-0900][gc,start    ] GC(37) Pause Young (Normal) (G1 Evacuation Pause)
[2021-04-15T14:01:01.395-0900][gc,task     ] GC(37) Using 8 workers of 8 for evacuation
[2021-04-15T14:01:01.431-0900][gc,mmu      ] GC(37) MMU target violated: 21.0ms (20.0ms/21.0ms)
[2021-04-15T14:01:01.432-0900][gc,phases   ] GC(37)   Pre Evacuate Collection Set: 1.8ms
[2021-04-15T14:01:01.432-0900][gc,phases   ] GC(37)   Merge Heap Roots: 0.2ms
[2021-04-15T14:01:01.432-0900][gc,phases   ] GC(37)   Evacuate Collection Set: 32.2ms
[2021-04-15T14:01:01.432-0900][gc,phases   ] GC(37)   Post Evacuate Collection Set: 1.5ms
[2021-04-15T14:01:01.432-0900][gc,phases   ] GC(37)   Other: 3.2ms
[2021-04-15T14:01:01.432-0900][gc,heap     ] GC(37) Eden regions: 103->0(43)
[2021-04-15T14:01:01.432-0900][gc,heap     ] GC(37) Survivor regions: 3->8(14)
[2021-04-15T14:01:01.432-0900][gc,heap     ] GC(37) Old regions: 76->76
[2021-04-15T14:01:01.432-0900][gc,heap     ] GC(37) Archive regions: 2->2
[2021-04-15T14:01:01.432-0900][gc,heap     ] GC(37) Humongous regions: 129->129
[2021-04-15T14:01:01.432-0900][gc,metaspace] GC(37) Metaspace: 42575K(43436K)->42575K(43436K) NonClass: 37426K(38060K)->37426K(38060K) Class: 5148K(5376K)->5148K(5376K)
[2021-04-15T14:01:01.432-0900][gc          ] GC(37) Pause Young (Normal) (G1 Evacuation Pause) 311M->213M(1024M) 39.042ms
[2021-04-15T14:01:01.432-0900][gc,cpu      ] GC(37) User=0.06s Sys=0.05s Real=0.04s
[2021-04-15T14:04:04.835-0900][gc,start    ] GC(38) Pause Young (Normal) (G1 Evacuation Pause)
[2021-04-15T14:04:04.836-0900][gc,task     ] GC(38) Using 8 workers of 8 for evacuation
[2021-04-15T14:04:04.879-0900][gc,mmu      ] GC(38) MMU target violated: 21.0ms (20.0ms/21.0ms)
[2021-04-15T14:04:04.879-0900][gc,phases   ] GC(38)   Pre Evacuate Collection Set: 1.0ms
[2021-04-15T14:04:04.879-0900][gc,phases   ] GC(38)   Merge Heap Roots: 0.2ms
[2021-04-15T14:04:04.879-0900][gc,phases   ] GC(38)   Evacuate Collection Set: 40.7ms
[2021-04-15T14:04:04.879-0900][gc,phases   ] GC(38)   Post Evacuate Collection Set: 1.5ms
[2021-04-15T14:04:04.880-0900][gc,phases   ] GC(38)   Other: 1.5ms
[2021-04-15T14:04:04.880-0900][gc,heap     ] GC(38) Eden regions: 43->0(47)
[2021-04-15T14:04:04.880-0900][gc,heap     ] GC(38) Survivor regions: 8->4(7)
[2021-04-15T14:04:04.880-0900][gc,heap     ] GC(38) Old regions: 76->82
[2021-04-15T14:04:04.880-0900][gc,heap     ] GC(38) Archive regions: 2->2
[2021-04-15T14:04:04.880-0900][gc,heap     ] GC(38) Humongous regions: 129->129
[2021-04-15T14:04:04.880-0900][gc,metaspace] GC(38) Metaspace: 42575K(43436K)->42575K(43436K) NonClass: 37427K(38060K)->37427K(38060K) Class: 5148K(5376K)->5148K(5376K)
[2021-04-15T14:04:04.880-0900][gc          ] GC(38) Pause Young (Normal) (G1 Evacuation Pause) 256M->214M(1024M) 45.056ms
[2021-04-15T14:04:04.880-0900][gc,cpu      ] GC(38) User=0.06s Sys=0.04s Real=0.05s
[2021-04-15T14:07:27.316-0900][gc,start    ] GC(39) Pause Young (Normal) (G1 Evacuation Pause)
[2021-04-15T14:07:27.316-0900][gc,task     ] GC(39) Using 8 workers of 8 for evacuation
[2021-04-15T14:07:27.343-0900][gc,mmu      ] GC(39) MMU target violated: 21.0ms (20.0ms/21.0ms)
[2021-04-15T14:07:27.343-0900][gc,phases   ] GC(39)   Pre Evacuate Collection Set: 1.5ms
[2021-04-15T14:07:27.343-0900][gc,phases   ] GC(39)   Merge Heap Roots: 0.2ms
[2021-04-15T14:07:27.343-0900][gc,phases   ] GC(39)   Evacuate Collection Set: 17.3ms
[2021-04-15T14:07:27.343-0900][gc,phases   ] GC(39)   Post Evacuate Collection Set: 6.3ms
[2021-04-15T14:07:27.343-0900][gc,phases   ] GC(39)   Other: 1.7ms
[2021-04-15T14:07:27.343-0900][gc,heap     ] GC(39) Eden regions: 47->0(44)
[2021-04-15T14:07:27.343-0900][gc,heap     ] GC(39) Survivor regions: 4->7(7)
[2021-04-15T14:07:27.343-0900][gc,heap     ] GC(39) Old regions: 82->82
[2021-04-15T14:07:27.343-0900][gc,heap     ] GC(39) Archive regions: 2->2
[2021-04-15T14:07:27.343-0900][gc,heap     ] GC(39) Humongous regions: 129->129
[2021-04-15T14:07:27.343-0900][gc,metaspace] GC(39) Metaspace: 42575K(43436K)->42575K(43436K) NonClass: 37427K(38060K)->37427K(38060K) Class: 5148K(5376K)->5148K(5376K)
[2021-04-15T14:07:27.343-0900][gc          ] GC(39) Pause Young (Normal) (G1 Evacuation Pause) 261M->218M(1024M) 27.103ms
[2021-04-15T14:07:27.343-0900][gc,cpu      ] GC(39) User=0.04s Sys=0.05s Real=0.03s
[2021-04-15T14:10:35.984-0900][gc,start    ] GC(40) Pause Young (Normal) (G1 Evacuation Pause)
[2021-04-15T14:10:35.984-0900][gc,task     ] GC(40) Using 8 workers of 8 for evacuation
[2021-04-15T14:10:36.004-0900][gc,phases   ] GC(40)   Pre Evacuate Collection Set: 0.7ms
[2021-04-15T14:10:36.004-0900][gc,phases   ] GC(40)   Merge Heap Roots: 0.1ms
[2021-04-15T14:10:36.004-0900][gc,phases   ] GC(40)   Evacuate Collection Set: 16.8ms
[2021-04-15T14:10:36.004-0900][gc,phases   ] GC(40)   Post Evacuate Collection Set: 1.3ms
[2021-04-15T14:10:36.004-0900][gc,phases   ] GC(40)   Other: 1.1ms
[2021-04-15T14:10:36.004-0900][gc,heap     ] GC(40) Eden regions: 44->0(47)
[2021-04-15T14:10:36.004-0900][gc,heap     ] GC(40) Survivor regions: 7->4(7)
[2021-04-15T14:10:36.004-0900][gc,heap     ] GC(40) Old regions: 82->86
[2021-04-15T14:10:36.004-0900][gc,heap     ] GC(40) Archive regions: 2->2
[2021-04-15T14:10:36.004-0900][gc,heap     ] GC(40) Humongous regions: 129->129
[2021-04-15T14:10:36.004-0900][gc,metaspace] GC(40) Metaspace: 42578K(43436K)->42578K(43436K) NonClass: 37429K(38060K)->37429K(38060K) Class: 5148K(5376K)->5148K(5376K)
[2021-04-15T14:10:36.004-0900][gc          ] GC(40) Pause Young (Normal) (G1 Evacuation Pause) 262M->219M(1024M) 20.091ms
[2021-04-15T14:10:36.004-0900][gc,cpu      ] GC(40) User=0.06s Sys=0.01s Real=0.02s
[2021-04-15T14:13:59.370-0900][gc,start    ] GC(41) Pause Young (Normal) (G1 Evacuation Pause)
[2021-04-15T14:13:59.372-0900][gc,task     ] GC(41) Using 8 workers of 8 for evacuation
[2021-04-15T14:13:59.473-0900][gc,mmu      ] GC(41) MMU target violated: 21.0ms (20.0ms/21.0ms)
[2021-04-15T14:13:59.473-0900][gc,phases   ] GC(41)   Pre Evacuate Collection Set: 31.8ms
[2021-04-15T14:13:59.474-0900][gc,phases   ] GC(41)   Merge Heap Roots: 0.3ms
[2021-04-15T14:13:59.474-0900][gc,phases   ] GC(41)   Evacuate Collection Set: 62.9ms
[2021-04-15T14:13:59.474-0900][gc,phases   ] GC(41)   Post Evacuate Collection Set: 1.5ms
[2021-04-15T14:13:59.474-0900][gc,phases   ] GC(41)   Other: 6.9ms
[2021-04-15T14:13:59.474-0900][gc,heap     ] GC(41) Eden regions: 47->0(44)
[2021-04-15T14:13:59.474-0900][gc,heap     ] GC(41) Survivor regions: 4->7(7)
[2021-04-15T14:13:59.474-0900][gc,heap     ] GC(41) Old regions: 86->87
[2021-04-15T14:13:59.474-0900][gc,heap     ] GC(41) Archive regions: 2->2
[2021-04-15T14:13:59.474-0900][gc,heap     ] GC(41) Humongous regions: 129->129
[2021-04-15T14:13:59.474-0900][gc,metaspace] GC(41) Metaspace: 42588K(43436K)->42588K(43436K) NonClass: 37440K(38060K)->37440K(38060K) Class: 5148K(5376K)->5148K(5376K)
[2021-04-15T14:13:59.474-0900][gc          ] GC(41) Pause Young (Normal) (G1 Evacuation Pause) 266M->222M(1024M) 103.633ms
[2021-04-15T14:13:59.474-0900][gc,cpu      ] GC(41) User=0.04s Sys=0.04s Real=0.10s
[2021-04-15T14:17:06.737-0900][gc,start    ] GC(42) Pause Young (Normal) (G1 Evacuation Pause)
[2021-04-15T14:17:06.754-0900][gc,task     ] GC(42) Using 8 workers of 8 for evacuation
[2021-04-15T14:17:06.780-0900][gc,mmu      ] GC(42) MMU target violated: 21.0ms (20.0ms/21.0ms)
[2021-04-15T14:17:06.791-0900][gc,phases   ] GC(42)   Pre Evacuate Collection Set: 1.8ms
[2021-04-15T14:17:06.791-0900][gc,phases   ] GC(42)   Merge Heap Roots: 0.2ms
[2021-04-15T14:17:06.791-0900][gc,phases   ] GC(42)   Evacuate Collection Set: 21.6ms
[2021-04-15T14:17:06.791-0900][gc,phases   ] GC(42)   Post Evacuate Collection Set: 2.4ms
[2021-04-15T14:17:06.791-0900][gc,phases   ] GC(42)   Other: 27.6ms
[2021-04-15T14:17:06.791-0900][gc,heap     ] GC(42) Eden regions: 44->0(46)
[2021-04-15T14:17:06.791-0900][gc,heap     ] GC(42) Survivor regions: 7->5(7)
[2021-04-15T14:17:06.791-0900][gc,heap     ] GC(42) Old regions: 87->91
[2021-04-15T14:17:06.791-0900][gc,heap     ] GC(42) Archive regions: 2->2
[2021-04-15T14:17:06.791-0900][gc,heap     ] GC(42) Humongous regions: 129->129
[2021-04-15T14:17:06.791-0900][gc,metaspace] GC(42) Metaspace: 42588K(43436K)->42588K(43436K) NonClass: 37440K(38060K)->37440K(38060K) Class: 5148K(5376K)->5148K(5376K)
[2021-04-15T14:17:06.791-0900][gc          ] GC(42) Pause Young (Normal) (G1 Evacuation Pause) 266M->224M(1024M) 54.106ms
[2021-04-15T14:17:06.791-0900][gc,cpu      ] GC(42) User=0.06s Sys=0.04s Real=0.06s
[2021-04-15T14:20:25.258-0900][gc,start    ] GC(43) Pause Young (Normal) (G1 Evacuation Pause)
[2021-04-15T14:20:25.259-0900][gc,task     ] GC(43) Using 8 workers of 8 for evacuation
[2021-04-15T14:20:25.276-0900][gc,phases   ] GC(43)   Pre Evacuate Collection Set: 1.0ms
[2021-04-15T14:20:25.277-0900][gc,phases   ] GC(43)   Merge Heap Roots: 0.3ms
[2021-04-15T14:20:25.277-0900][gc,phases   ] GC(43)   Evacuate Collection Set: 14.7ms
[2021-04-15T14:20:25.277-0900][gc,phases   ] GC(43)   Post Evacuate Collection Set: 1.5ms
[2021-04-15T14:20:25.277-0900][gc,phases   ] GC(43)   Other: 1.0ms
[2021-04-15T14:20:25.277-0900][gc,heap     ] GC(43) Eden regions: 46->0(45)
[2021-04-15T14:20:25.277-0900][gc,heap     ] GC(43) Survivor regions: 5->6(7)
[2021-04-15T14:20:25.277-0900][gc,heap     ] GC(43) Old regions: 91->91
[2021-04-15T14:20:25.277-0900][gc,heap     ] GC(43) Archive regions: 2->2
[2021-04-15T14:20:25.277-0900][gc,heap     ] GC(43) Humongous regions: 129->129
[2021-04-15T14:20:25.277-0900][gc,metaspace] GC(43) Metaspace: 42590K(43436K)->42590K(43436K) NonClass: 37442K(38060K)->37442K(38060K) Class: 5148K(5376K)->5148K(5376K)
[2021-04-15T14:20:25.277-0900][gc          ] GC(43) Pause Young (Normal) (G1 Evacuation Pause) 270M->226M(1024M) 18.830ms
[2021-04-15T14:20:25.277-0900][gc,cpu      ] GC(43) User=0.03s Sys=0.02s Real=0.02s
[2021-04-15T14:23:38.671-0900][gc,start    ] GC(44) Pause Young (Normal) (G1 Evacuation Pause)
[2021-04-15T14:23:38.681-0900][gc,task     ] GC(44) Using 8 workers of 8 for evacuation
[2021-04-15T14:23:38.705-0900][gc,mmu      ] GC(44) MMU target violated: 21.0ms (20.0ms/21.0ms)
[2021-04-15T14:23:38.705-0900][gc,phases   ] GC(44)   Pre Evacuate Collection Set: 0.8ms
[2021-04-15T14:23:38.705-0900][gc,phases   ] GC(44)   Merge Heap Roots: 0.2ms
[2021-04-15T14:23:38.705-0900][gc,phases   ] GC(44)   Evacuate Collection Set: 21.2ms
[2021-04-15T14:23:38.705-0900][gc,phases   ] GC(44)   Post Evacuate Collection Set: 1.7ms
[2021-04-15T14:23:38.706-0900][gc,phases   ] GC(44)   Other: 10.2ms
[2021-04-15T14:23:38.706-0900][gc,heap     ] GC(44) Eden regions: 45->0(44)
[2021-04-15T14:23:38.706-0900][gc,heap     ] GC(44) Survivor regions: 6->7(7)
[2021-04-15T14:23:38.706-0900][gc,heap     ] GC(44) Old regions: 91->94
[2021-04-15T14:23:38.706-0900][gc,heap     ] GC(44) Archive regions: 2->2
[2021-04-15T14:23:38.706-0900][gc,heap     ] GC(44) Humongous regions: 129->129
[2021-04-15T14:23:38.706-0900][gc,metaspace] GC(44) Metaspace: 42592K(43436K)->42592K(43436K) NonClass: 37443K(38060K)->37443K(38060K) Class: 5148K(5376K)->5148K(5376K)
[2021-04-15T14:23:38.706-0900][gc          ] GC(44) Pause Young (Normal) (G1 Evacuation Pause) 271M->229M(1024M) 34.176ms
[2021-04-15T14:23:38.706-0900][gc,cpu      ] GC(44) User=0.06s Sys=0.02s Real=0.03s
[2021-04-15T14:26:47.911-0900][gc,start    ] GC(45) Pause Young (Normal) (G1 Evacuation Pause)
[2021-04-15T14:26:47.911-0900][gc,task     ] GC(45) Using 8 workers of 8 for evacuation
[2021-04-15T14:26:47.930-0900][gc,phases   ] GC(45)   Pre Evacuate Collection Set: 1.1ms
[2021-04-15T14:26:47.930-0900][gc,phases   ] GC(45)   Merge Heap Roots: 0.8ms
[2021-04-15T14:26:47.930-0900][gc,phases   ] GC(45)   Evacuate Collection Set: 15.2ms
[2021-04-15T14:26:47.930-0900][gc,phases   ] GC(45)   Post Evacuate Collection Set: 1.6ms
[2021-04-15T14:26:47.930-0900][gc,phases   ] GC(45)   Other: 0.9ms
[2021-04-15T14:26:47.930-0900][gc,heap     ] GC(45) Eden regions: 44->0(47)
[2021-04-15T14:26:47.930-0900][gc,heap     ] GC(45) Survivor regions: 7->4(7)
[2021-04-15T14:26:47.930-0900][gc,heap     ] GC(45) Old regions: 94->99
[2021-04-15T14:26:47.930-0900][gc,heap     ] GC(45) Archive regions: 2->2
[2021-04-15T14:26:47.930-0900][gc,heap     ] GC(45) Humongous regions: 129->129
[2021-04-15T14:26:47.930-0900][gc,metaspace] GC(45) Metaspace: 42592K(43436K)->42592K(43436K) NonClass: 37443K(38060K)->37443K(38060K) Class: 5148K(5376K)->5148K(5376K)
[2021-04-15T14:26:47.930-0900][gc          ] GC(45) Pause Young (Normal) (G1 Evacuation Pause) 273M->231M(1024M) 19.592ms
[2021-04-15T14:26:47.930-0900][gc,cpu      ] GC(45) User=0.03s Sys=0.02s Real=0.02s
[2021-04-15T14:30:10.997-0900][gc,start    ] GC(46) Pause Young (Normal) (G1 Evacuation Pause)
[2021-04-15T14:30:10.999-0900][gc,task     ] GC(46) Using 8 workers of 8 for evacuation
[2021-04-15T14:30:11.024-0900][gc,mmu      ] GC(46) MMU target violated: 21.0ms (20.0ms/21.0ms)
[2021-04-15T14:30:11.025-0900][gc,phases   ] GC(46)   Pre Evacuate Collection Set: 1.2ms
[2021-04-15T14:30:11.025-0900][gc,phases   ] GC(46)   Merge Heap Roots: 0.2ms
[2021-04-15T14:30:11.026-0900][gc,phases   ] GC(46)   Evacuate Collection Set: 15.9ms
[2021-04-15T14:30:11.026-0900][gc,phases   ] GC(46)   Post Evacuate Collection Set: 7.3ms
[2021-04-15T14:30:11.026-0900][gc,phases   ] GC(46)   Other: 4.1ms
[2021-04-15T14:30:11.026-0900][gc,heap     ] GC(46) Eden regions: 47->0(44)
[2021-04-15T14:30:11.026-0900][gc,heap     ] GC(46) Survivor regions: 4->7(7)
[2021-04-15T14:30:11.026-0900][gc,heap     ] GC(46) Old regions: 99->99
[2021-04-15T14:30:11.026-0900][gc,heap     ] GC(46) Archive regions: 2->2
[2021-04-15T14:30:11.026-0900][gc,heap     ] GC(46) Humongous regions: 129->129
[2021-04-15T14:30:11.026-0900][gc,metaspace] GC(46) Metaspace: 42594K(43436K)->42594K(43436K) NonClass: 37446K(38060K)->37446K(38060K) Class: 5148K(5376K)->5148K(5376K)
[2021-04-15T14:30:11.026-0900][gc          ] GC(46) Pause Young (Normal) (G1 Evacuation Pause) 278M->234M(1024M) 29.083ms
[2021-04-15T14:30:11.026-0900][gc,cpu      ] GC(46) User=0.05s Sys=0.02s Real=0.03s
[2021-04-15T14:33:19.854-0900][gc,start    ] GC(47) Pause Young (Normal) (G1 Evacuation Pause)
[2021-04-15T14:33:19.855-0900][gc,task     ] GC(47) Using 8 workers of 8 for evacuation
[2021-04-15T14:33:19.899-0900][gc,mmu      ] GC(47) MMU target violated: 21.0ms (20.0ms/21.0ms)
[2021-04-15T14:33:19.899-0900][gc,phases   ] GC(47)   Pre Evacuate Collection Set: 1.1ms
[2021-04-15T14:33:19.899-0900][gc,phases   ] GC(47)   Merge Heap Roots: 0.2ms
[2021-04-15T14:33:19.899-0900][gc,phases   ] GC(47)   Evacuate Collection Set: 32.1ms
[2021-04-15T14:33:19.899-0900][gc,phases   ] GC(47)   Post Evacuate Collection Set: 10.3ms
[2021-04-15T14:33:19.899-0900][gc,phases   ] GC(47)   Other: 1.2ms
[2021-04-15T14:33:19.899-0900][gc,heap     ] GC(47) Eden regions: 44->0(47)
[2021-04-15T14:33:19.899-0900][gc,heap     ] GC(47) Survivor regions: 7->4(7)
[2021-04-15T14:33:19.899-0900][gc,heap     ] GC(47) Old regions: 99->103
[2021-04-15T14:33:19.899-0900][gc,heap     ] GC(47) Archive regions: 2->2
[2021-04-15T14:33:19.899-0900][gc,heap     ] GC(47) Humongous regions: 129->129
[2021-04-15T14:33:19.899-0900][gc,metaspace] GC(47) Metaspace: 42596K(43436K)->42596K(43436K) NonClass: 37447K(38060K)->37447K(38060K) Class: 5148K(5376K)->5148K(5376K)
[2021-04-15T14:33:19.899-0900][gc          ] GC(47) Pause Young (Normal) (G1 Evacuation Pause) 278M->236M(1024M) 45.123ms
[2021-04-15T14:33:19.899-0900][gc,cpu      ] GC(47) User=0.06s Sys=0.04s Real=0.04s
[2021-04-15T14:36:42.971-0900][gc,start    ] GC(48) Pause Young (Normal) (G1 Evacuation Pause)
[2021-04-15T14:36:42.972-0900][gc,task     ] GC(48) Using 8 workers of 8 for evacuation
[2021-04-15T14:36:42.991-0900][gc,phases   ] GC(48)   Pre Evacuate Collection Set: 0.5ms
[2021-04-15T14:36:42.991-0900][gc,phases   ] GC(48)   Merge Heap Roots: 0.2ms
[2021-04-15T14:36:42.991-0900][gc,phases   ] GC(48)   Evacuate Collection Set: 16.9ms
[2021-04-15T14:36:42.991-0900][gc,phases   ] GC(48)   Post Evacuate Collection Set: 0.7ms
[2021-04-15T14:36:42.991-0900][gc,phases   ] GC(48)   Other: 1.3ms
[2021-04-15T14:36:42.991-0900][gc,heap     ] GC(48) Eden regions: 47->0(44)
[2021-04-15T14:36:42.991-0900][gc,heap     ] GC(48) Survivor regions: 4->7(7)
[2021-04-15T14:36:42.991-0900][gc,heap     ] GC(48) Old regions: 103->103
[2021-04-15T14:36:42.991-0900][gc,heap     ] GC(48) Archive regions: 2->2
[2021-04-15T14:36:42.991-0900][gc,heap     ] GC(48) Humongous regions: 129->129
[2021-04-15T14:36:42.991-0900][gc,metaspace] GC(48) Metaspace: 42611K(43436K)->42611K(43436K) NonClass: 37463K(38060K)->37463K(38060K) Class: 5148K(5376K)->5148K(5376K)
[2021-04-15T14:36:42.991-0900][gc          ] GC(48) Pause Young (Normal) (G1 Evacuation Pause) 283M->239M(1024M) 19.682ms
[2021-04-15T14:36:42.991-0900][gc,cpu      ] GC(48) User=0.06s Sys=0.02s Real=0.02s
[2021-04-15T14:39:49.587-0900][gc,start    ] GC(49) Pause Young (Normal) (G1 Evacuation Pause)
[2021-04-15T14:39:49.589-0900][gc,task     ] GC(49) Using 8 workers of 8 for evacuation
[2021-04-15T14:39:49.622-0900][gc,mmu      ] GC(49) MMU target violated: 21.0ms (20.0ms/21.0ms)
[2021-04-15T14:39:49.622-0900][gc,phases   ] GC(49)   Pre Evacuate Collection Set: 1.3ms
[2021-04-15T14:39:49.622-0900][gc,phases   ] GC(49)   Merge Heap Roots: 0.2ms
[2021-04-15T14:39:49.622-0900][gc,phases   ] GC(49)   Evacuate Collection Set: 28.3ms
[2021-04-15T14:39:49.622-0900][gc,phases   ] GC(49)   Post Evacuate Collection Set: 2.4ms
[2021-04-15T14:39:49.622-0900][gc,phases   ] GC(49)   Other: 2.4ms
[2021-04-15T14:39:49.622-0900][gc,heap     ] GC(49) Eden regions: 44->0(47)
[2021-04-15T14:39:49.622-0900][gc,heap     ] GC(49) Survivor regions: 7->4(7)
[2021-04-15T14:39:49.622-0900][gc,heap     ] GC(49) Old regions: 103->108
[2021-04-15T14:39:49.622-0900][gc,heap     ] GC(49) Archive regions: 2->2
[2021-04-15T14:39:49.622-0900][gc,heap     ] GC(49) Humongous regions: 129->129
[2021-04-15T14:39:49.622-0900][gc,metaspace] GC(49) Metaspace: 42611K(43436K)->42611K(43436K) NonClass: 37463K(38060K)->37463K(38060K) Class: 5148K(5376K)->5148K(5376K)
[2021-04-15T14:39:49.622-0900][gc          ] GC(49) Pause Young (Normal) (G1 Evacuation Pause) 283M->241M(1024M) 34.786ms
[2021-04-15T14:39:49.622-0900][gc,cpu      ] GC(49) User=0.05s Sys=0.03s Real=0.04s
[2021-04-15T14:43:13.419-0900][gc,start    ] GC(50) Pause Young (Normal) (G1 Evacuation Pause)
[2021-04-15T14:43:13.420-0900][gc,task     ] GC(50) Using 8 workers of 8 for evacuation
[2021-04-15T14:43:13.454-0900][gc,mmu      ] GC(50) MMU target violated: 21.0ms (20.0ms/21.0ms)
[2021-04-15T14:43:13.454-0900][gc,phases   ] GC(50)   Pre Evacuate Collection Set: 1.1ms
[2021-04-15T14:43:13.454-0900][gc,phases   ] GC(50)   Merge Heap Roots: 0.2ms
[2021-04-15T14:43:13.454-0900][gc,phases   ] GC(50)   Evacuate Collection Set: 31.2ms
[2021-04-15T14:43:13.454-0900][gc,phases   ] GC(50)   Post Evacuate Collection Set: 1.1ms
[2021-04-15T14:43:13.454-0900][gc,phases   ] GC(50)   Other: 0.8ms
[2021-04-15T14:43:13.454-0900][gc,heap     ] GC(50) Eden regions: 47->0(44)
[2021-04-15T14:43:13.454-0900][gc,heap     ] GC(50) Survivor regions: 4->7(7)
[2021-04-15T14:43:13.454-0900][gc,heap     ] GC(50) Old regions: 108->108
[2021-04-15T14:43:13.454-0900][gc,heap     ] GC(50) Archive regions: 2->2
[2021-04-15T14:43:13.454-0900][gc,heap     ] GC(50) Humongous regions: 129->129
[2021-04-15T14:43:13.454-0900][gc,metaspace] GC(50) Metaspace: 42612K(43436K)->42612K(43436K) NonClass: 37463K(38060K)->37463K(38060K) Class: 5148K(5376K)->5148K(5376K)
[2021-04-15T14:43:13.454-0900][gc          ] GC(50) Pause Young (Normal) (G1 Evacuation Pause) 288M->244M(1024M) 34.508ms
[2021-04-15T14:43:13.454-0900][gc,cpu      ] GC(50) User=0.04s Sys=0.05s Real=0.04s
[2021-04-15T14:46:07.743-0900][gc,start    ] GC(51) Pause Young (Normal) (G1 Evacuation Pause)
[2021-04-15T14:46:07.744-0900][gc,task     ] GC(51) Using 8 workers of 8 for evacuation
[2021-04-15T14:46:07.769-0900][gc,mmu      ] GC(51) MMU target violated: 21.0ms (20.0ms/21.0ms)
[2021-04-15T14:46:07.769-0900][gc,phases   ] GC(51)   Pre Evacuate Collection Set: 1.3ms
[2021-04-15T14:46:07.769-0900][gc,phases   ] GC(51)   Merge Heap Roots: 0.3ms
[2021-04-15T14:46:07.769-0900][gc,phases   ] GC(51)   Evacuate Collection Set: 22.0ms
[2021-04-15T14:46:07.770-0900][gc,phases   ] GC(51)   Post Evacuate Collection Set: 1.9ms
[2021-04-15T14:46:07.770-0900][gc,phases   ] GC(51)   Other: 1.6ms
[2021-04-15T14:46:07.770-0900][gc,heap     ] GC(51) Eden regions: 44->0(46)
[2021-04-15T14:46:07.770-0900][gc,heap     ] GC(51) Survivor regions: 7->5(7)
[2021-04-15T14:46:07.770-0900][gc,heap     ] GC(51) Old regions: 108->113
[2021-04-15T14:46:07.770-0900][gc,heap     ] GC(51) Archive regions: 2->2
[2021-04-15T14:46:07.770-0900][gc,heap     ] GC(51) Humongous regions: 129->129
[2021-04-15T14:46:07.770-0900][gc,metaspace] GC(51) Metaspace: 42615K(43436K)->42615K(43436K) NonClass: 37466K(38060K)->37466K(38060K) Class: 5148K(5376K)->5148K(5376K)
[2021-04-15T14:46:07.770-0900][gc          ] GC(51) Pause Young (Normal) (G1 Evacuation Pause) 288M->246M(1024M) 27.007ms
[2021-04-15T14:46:07.770-0900][gc,cpu      ] GC(51) User=0.06s Sys=0.07s Real=0.03s
[2021-04-15T14:49:25.630-0900][gc,start    ] GC(52) Pause Young (Normal) (G1 Evacuation Pause)
[2021-04-15T14:49:25.632-0900][gc,task     ] GC(52) Using 8 workers of 8 for evacuation
[2021-04-15T14:49:25.653-0900][gc,mmu      ] GC(52) MMU target violated: 20.7ms (20.0ms/21.0ms)
[2021-04-15T14:49:25.653-0900][gc,phases   ] GC(52)   Pre Evacuate Collection Set: 1.5ms
[2021-04-15T14:49:25.653-0900][gc,phases   ] GC(52)   Merge Heap Roots: 0.4ms
[2021-04-15T14:49:25.653-0900][gc,phases   ] GC(52)   Evacuate Collection Set: 17.8ms
[2021-04-15T14:49:25.653-0900][gc,phases   ] GC(52)   Post Evacuate Collection Set: 1.2ms
[2021-04-15T14:49:25.653-0900][gc,phases   ] GC(52)   Other: 2.1ms
[2021-04-15T14:49:25.653-0900][gc,heap     ] GC(52) Eden regions: 46->0(47)
[2021-04-15T14:49:25.653-0900][gc,heap     ] GC(52) Survivor regions: 5->4(7)
[2021-04-15T14:49:25.653-0900][gc,heap     ] GC(52) Old regions: 113->115
[2021-04-15T14:49:25.653-0900][gc,heap     ] GC(52) Archive regions: 2->2
[2021-04-15T14:49:25.653-0900][gc,heap     ] GC(52) Humongous regions: 129->129
[2021-04-15T14:49:25.653-0900][gc,metaspace] GC(52) Metaspace: 42615K(43436K)->42615K(43436K) NonClass: 37466K(38060K)->37466K(38060K) Class: 5148K(5376K)->5148K(5376K)
[2021-04-15T14:49:25.653-0900][gc          ] GC(52) Pause Young (Normal) (G1 Evacuation Pause) 292M->248M(1024M) 22.989ms
[2021-04-15T14:49:25.653-0900][gc,cpu      ] GC(52) User=0.05s Sys=0.03s Real=0.02s
[2021-04-15T14:52:48.453-0900][gc,start    ] GC(53) Pause Young (Normal) (G1 Evacuation Pause)
[2021-04-15T14:52:48.453-0900][gc,task     ] GC(53) Using 8 workers of 8 for evacuation
[2021-04-15T14:52:48.469-0900][gc,phases   ] GC(53)   Pre Evacuate Collection Set: 0.9ms
[2021-04-15T14:52:48.470-0900][gc,phases   ] GC(53)   Merge Heap Roots: 0.2ms
[2021-04-15T14:52:48.470-0900][gc,phases   ] GC(53)   Evacuate Collection Set: 12.7ms
[2021-04-15T14:52:48.470-0900][gc,phases   ] GC(53)   Post Evacuate Collection Set: 2.0ms
[2021-04-15T14:52:48.470-0900][gc,phases   ] GC(53)   Other: 1.0ms
[2021-04-15T14:52:48.470-0900][gc,heap     ] GC(53) Eden regions: 47->0(46)
[2021-04-15T14:52:48.470-0900][gc,heap     ] GC(53) Survivor regions: 4->5(7)
[2021-04-15T14:52:48.470-0900][gc,heap     ] GC(53) Old regions: 115->115
[2021-04-15T14:52:48.470-0900][gc,heap     ] GC(53) Archive regions: 2->2
[2021-04-15T14:52:48.470-0900][gc,heap     ] GC(53) Humongous regions: 129->129
[2021-04-15T14:52:48.470-0900][gc,metaspace] GC(53) Metaspace: 42615K(43436K)->42615K(43436K) NonClass: 37466K(38060K)->37466K(38060K) Class: 5148K(5376K)->5148K(5376K)
[2021-04-15T14:52:48.470-0900][gc          ] GC(53) Pause Young (Normal) (G1 Evacuation Pause) 295M->249M(1024M) 16.958ms
[2021-04-15T14:52:48.470-0900][gc,cpu      ] GC(53) User=0.03s Sys=0.02s Real=0.02s
[2021-04-15T14:56:05.257-0900][gc,start    ] GC(54) Pause Young (Normal) (G1 Evacuation Pause)
[2021-04-15T14:56:05.258-0900][gc,task     ] GC(54) Using 8 workers of 8 for evacuation
[2021-04-15T14:56:05.279-0900][gc,mmu      ] GC(54) MMU target violated: 21.0ms (20.0ms/21.0ms)
[2021-04-15T14:56:05.280-0900][gc,phases   ] GC(54)   Pre Evacuate Collection Set: 1.2ms
[2021-04-15T14:56:05.280-0900][gc,phases   ] GC(54)   Merge Heap Roots: 0.2ms
[2021-04-15T14:56:05.280-0900][gc,phases   ] GC(54)   Evacuate Collection Set: 17.6ms
[2021-04-15T14:56:05.280-0900][gc,phases   ] GC(54)   Post Evacuate Collection Set: 2.1ms
[2021-04-15T14:56:05.280-0900][gc,phases   ] GC(54)   Other: 1.3ms
[2021-04-15T14:56:05.280-0900][gc,heap     ] GC(54) Eden regions: 46->0(67)
[2021-04-15T14:56:05.280-0900][gc,heap     ] GC(54) Survivor regions: 5->3(7)
[2021-04-15T14:56:05.280-0900][gc,heap     ] GC(54) Old regions: 115->119
[2021-04-15T14:56:05.280-0900][gc,heap     ] GC(54) Archive regions: 2->2
[2021-04-15T14:56:05.280-0900][gc,heap     ] GC(54) Humongous regions: 129->129
[2021-04-15T14:56:05.280-0900][gc,metaspace] GC(54) Metaspace: 42617K(43436K)->42617K(43436K) NonClass: 37469K(38060K)->37469K(38060K) Class: 5148K(5376K)->5148K(5376K)
[2021-04-15T14:56:05.280-0900][gc          ] GC(54) Pause Young (Normal) (G1 Evacuation Pause) 295M->251M(1024M) 22.632ms
[2021-04-15T14:56:05.280-0900][gc,cpu      ] GC(54) User=0.04s Sys=0.02s Real=0.03s
[2021-04-15T15:00:55.186-0900][gc,start    ] GC(55) Pause Young (Normal) (G1 Evacuation Pause)
[2021-04-15T15:00:55.187-0900][gc,task     ] GC(55) Using 8 workers of 8 for evacuation
[2021-04-15T15:00:55.208-0900][gc,mmu      ] GC(55) MMU target violated: 20.5ms (20.0ms/21.0ms)
[2021-04-15T15:00:55.208-0900][gc,phases   ] GC(55)   Pre Evacuate Collection Set: 0.7ms
[2021-04-15T15:00:55.208-0900][gc,phases   ] GC(55)   Merge Heap Roots: 0.2ms
[2021-04-15T15:00:55.208-0900][gc,phases   ] GC(55)   Evacuate Collection Set: 18.6ms
[2021-04-15T15:00:55.208-0900][gc,phases   ] GC(55)   Post Evacuate Collection Set: 0.8ms
[2021-04-15T15:00:55.208-0900][gc,phases   ] GC(55)   Other: 2.0ms
[2021-04-15T15:00:55.208-0900][gc,heap     ] GC(55) Eden regions: 67->0(44)
[2021-04-15T15:00:55.208-0900][gc,heap     ] GC(55) Survivor regions: 3->7(9)
[2021-04-15T15:00:55.208-0900][gc,heap     ] GC(55) Old regions: 119->119
[2021-04-15T15:00:55.208-0900][gc,heap     ] GC(55) Archive regions: 2->2
[2021-04-15T15:00:55.208-0900][gc,heap     ] GC(55) Humongous regions: 129->129
[2021-04-15T15:00:55.208-0900][gc,metaspace] GC(55) Metaspace: 42618K(43436K)->42618K(43436K) NonClass: 37469K(38060K)->37469K(38060K) Class: 5148K(5376K)->5148K(5376K)
[2021-04-15T15:00:55.208-0900][gc          ] GC(55) Pause Young (Normal) (G1 Evacuation Pause) 318M->255M(1024M) 22.337ms
[2021-04-15T15:00:55.209-0900][gc,cpu      ] GC(55) User=0.05s Sys=0.03s Real=0.02s
[2021-04-15T15:04:05.708-0900][gc,start    ] GC(56) Pause Young (Normal) (G1 Evacuation Pause)
[2021-04-15T15:04:05.710-0900][gc,task     ] GC(56) Using 8 workers of 8 for evacuation
[2021-04-15T15:04:05.731-0900][gc,mmu      ] GC(56) MMU target violated: 21.0ms (20.0ms/21.0ms)
[2021-04-15T15:04:05.731-0900][gc,phases   ] GC(56)   Pre Evacuate Collection Set: 0.4ms
[2021-04-15T15:04:05.731-0900][gc,phases   ] GC(56)   Merge Heap Roots: 0.2ms
[2021-04-15T15:04:05.731-0900][gc,phases   ] GC(56)   Evacuate Collection Set: 19.5ms
[2021-04-15T15:04:05.731-0900][gc,phases   ] GC(56)   Post Evacuate Collection Set: 0.8ms
[2021-04-15T15:04:05.732-0900][gc,phases   ] GC(56)   Other: 2.3ms
[2021-04-15T15:04:05.732-0900][gc,heap     ] GC(56) Eden regions: 44->0(46)
[2021-04-15T15:04:05.732-0900][gc,heap     ] GC(56) Survivor regions: 7->5(7)
[2021-04-15T15:04:05.732-0900][gc,heap     ] GC(56) Old regions: 119->125
[2021-04-15T15:04:05.732-0900][gc,heap     ] GC(56) Archive regions: 2->2
[2021-04-15T15:04:05.732-0900][gc,heap     ] GC(56) Humongous regions: 129->129
[2021-04-15T15:04:05.732-0900][gc,metaspace] GC(56) Metaspace: 42624K(43436K)->42624K(43436K) NonClass: 37475K(38060K)->37475K(38060K) Class: 5148K(5376K)->5148K(5376K)
[2021-04-15T15:04:05.732-0900][gc          ] GC(56) Pause Young (Normal) (G1 Evacuation Pause) 299M->258M(1024M) 23.317ms
[2021-04-15T15:04:05.732-0900][gc,cpu      ] GC(56) User=0.08s Sys=0.01s Real=0.03s
[2021-04-15T15:07:24.804-0900][gc,start    ] GC(57) Pause Young (Normal) (G1 Evacuation Pause)
[2021-04-15T15:07:24.805-0900][gc,task     ] GC(57) Using 8 workers of 8 for evacuation
[2021-04-15T15:07:24.825-0900][gc,phases   ] GC(57)   Pre Evacuate Collection Set: 0.8ms
[2021-04-15T15:07:24.825-0900][gc,phases   ] GC(57)   Merge Heap Roots: 0.3ms
[2021-04-15T15:07:24.825-0900][gc,phases   ] GC(57)   Evacuate Collection Set: 16.6ms
[2021-04-15T15:07:24.825-0900][gc,phases   ] GC(57)   Post Evacuate Collection Set: 1.5ms
[2021-04-15T15:07:24.825-0900][gc,phases   ] GC(57)   Other: 1.3ms
[2021-04-15T15:07:24.825-0900][gc,heap     ] GC(57) Eden regions: 46->0(71)
[2021-04-15T15:07:24.825-0900][gc,heap     ] GC(57) Survivor regions: 5->4(7)
[2021-04-15T15:07:24.825-0900][gc,heap     ] GC(57) Old regions: 125->127
[2021-04-15T15:07:24.825-0900][gc,heap     ] GC(57) Archive regions: 2->2
[2021-04-15T15:07:24.825-0900][gc,heap     ] GC(57) Humongous regions: 129->129
[2021-04-15T15:07:24.825-0900][gc,metaspace] GC(57) Metaspace: 42624K(43436K)->42624K(43436K) NonClass: 37475K(38060K)->37475K(38060K) Class: 5148K(5376K)->5148K(5376K)
[2021-04-15T15:07:24.825-0900][gc          ] GC(57) Pause Young (Normal) (G1 Evacuation Pause) 304M->260M(1024M) 20.621ms
[2021-04-15T15:07:24.825-0900][gc,cpu      ] GC(57) User=0.06s Sys=0.02s Real=0.02s
[2021-04-15T15:12:27.357-0900][gc,start    ] GC(58) Pause Young (Normal) (G1 Evacuation Pause)
[2021-04-15T15:12:27.358-0900][gc,task     ] GC(58) Using 8 workers of 8 for evacuation
[2021-04-15T15:12:27.410-0900][gc,mmu      ] GC(58) MMU target violated: 21.0ms (20.0ms/21.0ms)
[2021-04-15T15:12:27.410-0900][gc,phases   ] GC(58)   Pre Evacuate Collection Set: 2.6ms
[2021-04-15T15:12:27.410-0900][gc,phases   ] GC(58)   Merge Heap Roots: 0.4ms
[2021-04-15T15:12:27.410-0900][gc,phases   ] GC(58)   Evacuate Collection Set: 46.6ms
[2021-04-15T15:12:27.410-0900][gc,phases   ] GC(58)   Post Evacuate Collection Set: 1.6ms
[2021-04-15T15:12:27.410-0900][gc,phases   ] GC(58)   Other: 2.2ms
[2021-04-15T15:12:27.410-0900][gc,heap     ] GC(58) Eden regions: 70->0(42)
[2021-04-15T15:12:27.410-0900][gc,heap     ] GC(58) Survivor regions: 4->9(10)
[2021-04-15T15:12:27.410-0900][gc,heap     ] GC(58) Old regions: 127->127
[2021-04-15T15:12:27.410-0900][gc,heap     ] GC(58) Archive regions: 2->2
[2021-04-15T15:12:27.410-0900][gc,heap     ] GC(58) Humongous regions: 129->129
[2021-04-15T15:12:27.410-0900][gc,metaspace] GC(58) Metaspace: 42624K(43436K)->42624K(43436K) NonClass: 37475K(38060K)->37475K(38060K) Class: 5148K(5376K)->5148K(5376K)
[2021-04-15T15:12:27.410-0900][gc          ] GC(58) Pause Young (Normal) (G1 Evacuation Pause) 330M->264M(1024M) 53.487ms
[2021-04-15T15:12:27.410-0900][gc,cpu      ] GC(58) User=0.06s Sys=0.05s Real=0.06s
[2021-04-15T15:15:27.294-0900][gc,start    ] GC(59) Pause Young (Normal) (G1 Evacuation Pause)
[2021-04-15T15:15:27.311-0900][gc,task     ] GC(59) Using 8 workers of 8 for evacuation
[2021-04-15T15:15:27.337-0900][gc,mmu      ] GC(59) MMU target violated: 21.0ms (20.0ms/21.0ms)
[2021-04-15T15:15:27.337-0900][gc,phases   ] GC(59)   Pre Evacuate Collection Set: 0.9ms
[2021-04-15T15:15:27.337-0900][gc,phases   ] GC(59)   Merge Heap Roots: 0.2ms
[2021-04-15T15:15:27.337-0900][gc,phases   ] GC(59)   Evacuate Collection Set: 22.1ms
[2021-04-15T15:15:27.337-0900][gc,phases   ] GC(59)   Post Evacuate Collection Set: 2.3ms
[2021-04-15T15:15:27.337-0900][gc,phases   ] GC(59)   Other: 17.2ms
[2021-04-15T15:15:27.337-0900][gc,heap     ] GC(59) Eden regions: 42->0(47)
[2021-04-15T15:15:27.337-0900][gc,heap     ] GC(59) Survivor regions: 9->4(7)
[2021-04-15T15:15:27.337-0900][gc,heap     ] GC(59) Old regions: 127->134
[2021-04-15T15:15:27.337-0900][gc,heap     ] GC(59) Archive regions: 2->2
[2021-04-15T15:15:27.337-0900][gc,heap     ] GC(59) Humongous regions: 129->129
[2021-04-15T15:15:27.337-0900][gc,metaspace] GC(59) Metaspace: 42625K(43436K)->42625K(43436K) NonClass: 37476K(38060K)->37476K(38060K) Class: 5148K(5376K)->5148K(5376K)
[2021-04-15T15:15:27.337-0900][gc          ] GC(59) Pause Young (Normal) (G1 Evacuation Pause) 306M->266M(1024M) 42.882ms
[2021-04-15T15:15:27.337-0900][gc,cpu      ] GC(59) User=0.06s Sys=0.03s Real=0.04s
[2021-04-15T15:18:50.409-0900][gc,start    ] GC(60) Pause Young (Normal) (G1 Evacuation Pause)
[2021-04-15T15:18:50.410-0900][gc,task     ] GC(60) Using 8 workers of 8 for evacuation
[2021-04-15T15:18:50.446-0900][gc,mmu      ] GC(60) MMU target violated: 21.0ms (20.0ms/21.0ms)
[2021-04-15T15:18:50.446-0900][gc,phases   ] GC(60)   Pre Evacuate Collection Set: 4.1ms
[2021-04-15T15:18:50.446-0900][gc,phases   ] GC(60)   Merge Heap Roots: 0.3ms
[2021-04-15T15:18:50.446-0900][gc,phases   ] GC(60)   Evacuate Collection Set: 27.6ms
[2021-04-15T15:18:50.446-0900][gc,phases   ] GC(60)   Post Evacuate Collection Set: 1.7ms
[2021-04-15T15:18:50.446-0900][gc,phases   ] GC(60)   Other: 2.8ms
[2021-04-15T15:18:50.446-0900][gc,heap     ] GC(60) Eden regions: 47->0(44)
[2021-04-15T15:18:50.446-0900][gc,heap     ] GC(60) Survivor regions: 4->7(7)
[2021-04-15T15:18:50.446-0900][gc,heap     ] GC(60) Old regions: 134->134
[2021-04-15T15:18:50.446-0900][gc,heap     ] GC(60) Archive regions: 2->2
[2021-04-15T15:18:50.446-0900][gc,heap     ] GC(60) Humongous regions: 129->129
[2021-04-15T15:18:50.446-0900][gc,metaspace] GC(60) Metaspace: 42625K(43436K)->42625K(43436K) NonClass: 37476K(38060K)->37476K(38060K) Class: 5148K(5376K)->5148K(5376K)
[2021-04-15T15:18:50.446-0900][gc          ] GC(60) Pause Young (Normal) (G1 Evacuation Pause) 313M->269M(1024M) 36.553ms
[2021-04-15T15:18:50.446-0900][gc,cpu      ] GC(60) User=0.04s Sys=0.04s Real=0.04s
[2021-04-15T15:22:00.581-0900][gc,start    ] GC(61) Pause Young (Normal) (G1 Evacuation Pause)
[2021-04-15T15:22:00.582-0900][gc,task     ] GC(61) Using 8 workers of 8 for evacuation
[2021-04-15T15:22:00.606-0900][gc,mmu      ] GC(61) MMU target violated: 21.0ms (20.0ms/21.0ms)
[2021-04-15T15:22:00.606-0900][gc,phases   ] GC(61)   Pre Evacuate Collection Set: 1.2ms
[2021-04-15T15:22:00.606-0900][gc,phases   ] GC(61)   Merge Heap Roots: 0.3ms
[2021-04-15T15:22:00.606-0900][gc,phases   ] GC(61)   Evacuate Collection Set: 19.5ms
[2021-04-15T15:22:00.606-0900][gc,phases   ] GC(61)   Post Evacuate Collection Set: 1.9ms
[2021-04-15T15:22:00.606-0900][gc,phases   ] GC(61)   Other: 1.8ms
[2021-04-15T15:22:00.606-0900][gc,heap     ] GC(61) Eden regions: 44->0(47)
[2021-04-15T15:22:00.606-0900][gc,heap     ] GC(61) Survivor regions: 7->4(7)
[2021-04-15T15:22:00.606-0900][gc,heap     ] GC(61) Old regions: 134->138
[2021-04-15T15:22:00.606-0900][gc,heap     ] GC(61) Archive regions: 2->2
[2021-04-15T15:22:00.606-0900][gc,heap     ] GC(61) Humongous regions: 129->129
[2021-04-15T15:22:00.606-0900][gc,metaspace] GC(61) Metaspace: 42625K(43436K)->42625K(43436K) NonClass: 37476K(38060K)->37476K(38060K) Class: 5148K(5376K)->5148K(5376K)
[2021-04-15T15:22:00.606-0900][gc          ] GC(61) Pause Young (Normal) (G1 Evacuation Pause) 313M->271M(1024M) 24.855ms
[2021-04-15T15:22:00.606-0900][gc,cpu      ] GC(61) User=0.05s Sys=0.04s Real=0.02s
[2021-04-15T15:25:24.468-0900][gc,start    ] GC(62) Pause Young (Normal) (G1 Evacuation Pause)
[2021-04-15T15:25:24.469-0900][gc,task     ] GC(62) Using 8 workers of 8 for evacuation
[2021-04-15T15:25:24.499-0900][gc,mmu      ] GC(62) MMU target violated: 21.0ms (20.0ms/21.0ms)
[2021-04-15T15:25:24.499-0900][gc,phases   ] GC(62)   Pre Evacuate Collection Set: 1.2ms
[2021-04-15T15:25:24.499-0900][gc,phases   ] GC(62)   Merge Heap Roots: 0.3ms
[2021-04-15T15:25:24.499-0900][gc,phases   ] GC(62)   Evacuate Collection Set: 26.2ms
[2021-04-15T15:25:24.499-0900][gc,phases   ] GC(62)   Post Evacuate Collection Set: 1.6ms
[2021-04-15T15:25:24.499-0900][gc,phases   ] GC(62)   Other: 1.2ms
[2021-04-15T15:25:24.499-0900][gc,heap     ] GC(62) Eden regions: 47->0(44)
[2021-04-15T15:25:24.499-0900][gc,heap     ] GC(62) Survivor regions: 4->7(7)
[2021-04-15T15:25:24.499-0900][gc,heap     ] GC(62) Old regions: 138->139
[2021-04-15T15:25:24.499-0900][gc,heap     ] GC(62) Archive regions: 2->2
[2021-04-15T15:25:24.499-0900][gc,heap     ] GC(62) Humongous regions: 129->129
[2021-04-15T15:25:24.499-0900][gc,metaspace] GC(62) Metaspace: 42626K(43436K)->42626K(43436K) NonClass: 37478K(38060K)->37478K(38060K) Class: 5148K(5376K)->5148K(5376K)
[2021-04-15T15:25:24.499-0900][gc          ] GC(62) Pause Young (Normal) (G1 Evacuation Pause) 318M->274M(1024M) 30.603ms
[2021-04-15T15:25:24.499-0900][gc,cpu      ] GC(62) User=0.05s Sys=0.05s Real=0.03s
[2021-04-15T15:28:32.743-0900][gc,start    ] GC(63) Pause Young (Normal) (G1 Evacuation Pause)
[2021-04-15T15:28:32.744-0900][gc,task     ] GC(63) Using 8 workers of 8 for evacuation
[2021-04-15T15:28:32.773-0900][gc,mmu      ] GC(63) MMU target violated: 21.0ms (20.0ms/21.0ms)
[2021-04-15T15:28:32.773-0900][gc,phases   ] GC(63)   Pre Evacuate Collection Set: 1.2ms
[2021-04-15T15:28:32.773-0900][gc,phases   ] GC(63)   Merge Heap Roots: 0.2ms
[2021-04-15T15:28:32.773-0900][gc,phases   ] GC(63)   Evacuate Collection Set: 25.4ms
[2021-04-15T15:28:32.773-0900][gc,phases   ] GC(63)   Post Evacuate Collection Set: 2.5ms
[2021-04-15T15:28:32.774-0900][gc,phases   ] GC(63)   Other: 1.4ms
[2021-04-15T15:28:32.774-0900][gc,heap     ] GC(63) Eden regions: 44->0(47)
[2021-04-15T15:28:32.774-0900][gc,heap     ] GC(63) Survivor regions: 7->4(7)
[2021-04-15T15:28:32.774-0900][gc,heap     ] GC(63) Old regions: 139->143
[2021-04-15T15:28:32.774-0900][gc,heap     ] GC(63) Archive regions: 2->2
[2021-04-15T15:28:32.774-0900][gc,heap     ] GC(63) Humongous regions: 129->129
[2021-04-15T15:28:32.774-0900][gc,metaspace] GC(63) Metaspace: 42628K(43436K)->42628K(43436K) NonClass: 37479K(38060K)->37479K(38060K) Class: 5148K(5376K)->5148K(5376K)
[2021-04-15T15:28:32.774-0900][gc          ] GC(63) Pause Young (Normal) (G1 Evacuation Pause) 318M->276M(1024M) 30.888ms
[2021-04-15T15:28:32.774-0900][gc,cpu      ] GC(63) User=0.06s Sys=0.04s Real=0.03s
[2021-04-15T15:31:54.628-0900][gc,start    ] GC(64) Pause Young (Normal) (G1 Evacuation Pause)
[2021-04-15T15:31:54.629-0900][gc,task     ] GC(64) Using 8 workers of 8 for evacuation
[2021-04-15T15:31:54.648-0900][gc,phases   ] GC(64)   Pre Evacuate Collection Set: 1.2ms
[2021-04-15T15:31:54.648-0900][gc,phases   ] GC(64)   Merge Heap Roots: 0.3ms
[2021-04-15T15:31:54.648-0900][gc,phases   ] GC(64)   Evacuate Collection Set: 15.2ms
[2021-04-15T15:31:54.648-0900][gc,phases   ] GC(64)   Post Evacuate Collection Set: 2.3ms
[2021-04-15T15:31:54.648-0900][gc,phases   ] GC(64)   Other: 1.2ms
[2021-04-15T15:31:54.648-0900][gc,heap     ] GC(64) Eden regions: 47->0(45)
[2021-04-15T15:31:54.648-0900][gc,heap     ] GC(64) Survivor regions: 4->6(7)
[2021-04-15T15:31:54.648-0900][gc,heap     ] GC(64) Old regions: 143->143
[2021-04-15T15:31:54.648-0900][gc,heap     ] GC(64) Archive regions: 2->2
[2021-04-15T15:31:54.648-0900][gc,heap     ] GC(64) Humongous regions: 129->129
[2021-04-15T15:31:54.648-0900][gc,metaspace] GC(64) Metaspace: 42628K(43436K)->42628K(43436K) NonClass: 37479K(38060K)->37479K(38060K) Class: 5148K(5376K)->5148K(5376K)
[2021-04-15T15:31:54.649-0900][gc          ] GC(64) Pause Young (Normal) (G1 Evacuation Pause) 323M->278M(1024M) 20.531ms
[2021-04-15T15:31:54.649-0900][gc,cpu      ] GC(64) User=0.04s Sys=0.03s Real=0.02s
[2021-04-15T15:35:09.109-0900][gc,start    ] GC(65) Pause Young (Normal) (G1 Evacuation Pause)
[2021-04-15T15:35:09.110-0900][gc,task     ] GC(65) Using 8 workers of 8 for evacuation
[2021-04-15T15:35:09.174-0900][gc,mmu      ] GC(65) MMU target violated: 21.0ms (20.0ms/21.0ms)
[2021-04-15T15:35:09.174-0900][gc,phases   ] GC(65)   Pre Evacuate Collection Set: 1.1ms
[2021-04-15T15:35:09.174-0900][gc,phases   ] GC(65)   Merge Heap Roots: 0.4ms
[2021-04-15T15:35:09.174-0900][gc,phases   ] GC(65)   Evacuate Collection Set: 59.7ms
[2021-04-15T15:35:09.174-0900][gc,phases   ] GC(65)   Post Evacuate Collection Set: 2.4ms
[2021-04-15T15:35:09.174-0900][gc,phases   ] GC(65)   Other: 1.4ms
[2021-04-15T15:35:09.174-0900][gc,heap     ] GC(65) Eden regions: 45->0(44)
[2021-04-15T15:35:09.174-0900][gc,heap     ] GC(65) Survivor regions: 6->7(7)
[2021-04-15T15:35:09.174-0900][gc,heap     ] GC(65) Old regions: 143->146
[2021-04-15T15:35:09.174-0900][gc,heap     ] GC(65) Archive regions: 2->2
[2021-04-15T15:35:09.174-0900][gc,heap     ] GC(65) Humongous regions: 129->129
[2021-04-15T15:35:09.174-0900][gc,metaspace] GC(65) Metaspace: 42630K(43436K)->42630K(43436K) NonClass: 37482K(38060K)->37482K(38060K) Class: 5148K(5376K)->5148K(5376K)
[2021-04-15T15:35:09.174-0900][gc          ] GC(65) Pause Young (Normal) (G1 Evacuation Pause) 323M->281M(1024M) 65.284ms
[2021-04-15T15:35:09.174-0900][gc,cpu      ] GC(65) User=0.05s Sys=0.05s Real=0.07s
[2021-04-15T15:38:19.851-0900][gc,start    ] GC(66) Pause Young (Normal) (G1 Evacuation Pause)
[2021-04-15T15:38:19.851-0900][gc,task     ] GC(66) Using 8 workers of 8 for evacuation
[2021-04-15T15:38:19.875-0900][gc,mmu      ] GC(66) MMU target violated: 21.0ms (20.0ms/21.0ms)
[2021-04-15T15:38:19.876-0900][gc,phases   ] GC(66)   Pre Evacuate Collection Set: 1.3ms
[2021-04-15T15:38:19.876-0900][gc,phases   ] GC(66)   Merge Heap Roots: 0.3ms
[2021-04-15T15:38:19.876-0900][gc,phases   ] GC(66)   Evacuate Collection Set: 20.1ms
[2021-04-15T15:38:19.876-0900][gc,phases   ] GC(66)   Post Evacuate Collection Set: 2.1ms
[2021-04-15T15:38:19.876-0900][gc,phases   ] GC(66)   Other: 1.4ms
[2021-04-15T15:38:19.876-0900][gc,heap     ] GC(66) Eden regions: 44->0(47)
[2021-04-15T15:38:19.876-0900][gc,heap     ] GC(66) Survivor regions: 7->4(7)
[2021-04-15T15:38:19.876-0900][gc,heap     ] GC(66) Old regions: 146->151
[2021-04-15T15:38:19.876-0900][gc,heap     ] GC(66) Archive regions: 2->2
[2021-04-15T15:38:19.876-0900][gc,heap     ] GC(66) Humongous regions: 129->129
[2021-04-15T15:38:19.876-0900][gc,metaspace] GC(66) Metaspace: 42630K(43436K)->42630K(43436K) NonClass: 37482K(38060K)->37482K(38060K) Class: 5148K(5376K)->5148K(5376K)
[2021-04-15T15:38:19.876-0900][gc          ] GC(66) Pause Young (Normal) (G1 Evacuation Pause) 325M->283M(1024M) 25.351ms
[2021-04-15T15:38:19.876-0900][gc,cpu      ] GC(66) User=0.05s Sys=0.04s Real=0.02s
[2021-04-15T15:41:41.746-0900][gc,start    ] GC(67) Pause Young (Normal) (G1 Evacuation Pause)
[2021-04-15T15:41:41.762-0900][gc,task     ] GC(67) Using 8 workers of 8 for evacuation
[2021-04-15T15:41:41.818-0900][gc,mmu      ] GC(67) MMU target violated: 21.0ms (20.0ms/21.0ms)
[2021-04-15T15:41:41.818-0900][gc,phases   ] GC(67)   Pre Evacuate Collection Set: 2.0ms
[2021-04-15T15:41:41.818-0900][gc,phases   ] GC(67)   Merge Heap Roots: 0.4ms
[2021-04-15T15:41:41.818-0900][gc,phases   ] GC(67)   Evacuate Collection Set: 51.0ms
[2021-04-15T15:41:41.819-0900][gc,phases   ] GC(67)   Post Evacuate Collection Set: 1.8ms
[2021-04-15T15:41:41.819-0900][gc,phases   ] GC(67)   Other: 16.6ms
[2021-04-15T15:41:41.836-0900][gc,heap     ] GC(67) Eden regions: 47->0(44)
[2021-04-15T15:41:41.836-0900][gc,heap     ] GC(67) Survivor regions: 4->7(7)
[2021-04-15T15:41:41.836-0900][gc,heap     ] GC(67) Old regions: 151->151
[2021-04-15T15:41:41.836-0900][gc,heap     ] GC(67) Archive regions: 2->2
[2021-04-15T15:41:41.836-0900][gc,heap     ] GC(67) Humongous regions: 129->129
[2021-04-15T15:41:41.836-0900][gc,metaspace] GC(67) Metaspace: 42632K(43436K)->42632K(43436K) NonClass: 37483K(38060K)->37483K(38060K) Class: 5148K(5376K)->5148K(5376K)
[2021-04-15T15:41:41.837-0900][gc          ] GC(67) Pause Young (Normal) (G1 Evacuation Pause) 330M->286M(1024M) 90.272ms
[2021-04-15T15:41:41.837-0900][gc,cpu      ] GC(67) User=0.05s Sys=0.06s Real=0.09s
[2021-04-15T15:44:35.811-0900][gc,start    ] GC(68) Pause Young (Normal) (G1 Evacuation Pause)
[2021-04-15T15:44:35.812-0900][gc,task     ] GC(68) Using 8 workers of 8 for evacuation
[2021-04-15T15:44:35.836-0900][gc,mmu      ] GC(68) MMU target violated: 21.0ms (20.0ms/21.0ms)
[2021-04-15T15:44:35.836-0900][gc,phases   ] GC(68)   Pre Evacuate Collection Set: 1.0ms
[2021-04-15T15:44:35.836-0900][gc,phases   ] GC(68)   Merge Heap Roots: 0.2ms
[2021-04-15T15:44:35.836-0900][gc,phases   ] GC(68)   Evacuate Collection Set: 21.0ms
[2021-04-15T15:44:35.836-0900][gc,phases   ] GC(68)   Post Evacuate Collection Set: 1.8ms
[2021-04-15T15:44:35.837-0900][gc,phases   ] GC(68)   Other: 1.3ms
[2021-04-15T15:44:35.837-0900][gc,heap     ] GC(68) Eden regions: 44->0(46)
[2021-04-15T15:44:35.837-0900][gc,heap     ] GC(68) Survivor regions: 7->5(7)
[2021-04-15T15:44:35.837-0900][gc,heap     ] GC(68) Old regions: 151->155
[2021-04-15T15:44:35.837-0900][gc,heap     ] GC(68) Archive regions: 2->2
[2021-04-15T15:44:35.837-0900][gc,heap     ] GC(68) Humongous regions: 129->129
[2021-04-15T15:44:35.837-0900][gc,metaspace] GC(68) Metaspace: 42639K(43436K)->42639K(43436K) NonClass: 37490K(38060K)->37490K(38060K) Class: 5148K(5376K)->5148K(5376K)
[2021-04-15T15:44:35.837-0900][gc          ] GC(68) Pause Young (Normal) (G1 Evacuation Pause) 330M->289M(1024M) 25.378ms
[2021-04-15T15:44:35.837-0900][gc,cpu      ] GC(68) User=0.06s Sys=0.05s Real=0.02s
[2021-04-15T15:47:55.909-0900][gc,start    ] GC(69) Pause Young (Normal) (G1 Evacuation Pause)
[2021-04-15T15:47:55.910-0900][gc,task     ] GC(69) Using 8 workers of 8 for evacuation
[2021-04-15T15:47:55.969-0900][gc,mmu      ] GC(69) MMU target violated: 21.0ms (20.0ms/21.0ms)
[2021-04-15T15:47:55.970-0900][gc,phases   ] GC(69)   Pre Evacuate Collection Set: 2.0ms
[2021-04-15T15:47:55.970-0900][gc,phases   ] GC(69)   Merge Heap Roots: 0.4ms
[2021-04-15T15:47:55.970-0900][gc,phases   ] GC(69)   Evacuate Collection Set: 54.9ms
[2021-04-15T15:47:55.970-0900][gc,phases   ] GC(69)   Post Evacuate Collection Set: 1.8ms
[2021-04-15T15:47:55.970-0900][gc,phases   ] GC(69)   Other: 1.6ms
[2021-04-15T15:47:55.970-0900][gc,heap     ] GC(69) Eden regions: 46->0(47)
[2021-04-15T15:47:55.970-0900][gc,heap     ] GC(69) Survivor regions: 5->4(7)
[2021-04-15T15:47:55.970-0900][gc,heap     ] GC(69) Old regions: 155->159
[2021-04-15T15:47:55.970-0900][gc,heap     ] GC(69) Archive regions: 2->2
[2021-04-15T15:47:55.970-0900][gc,heap     ] GC(69) Humongous regions: 129->129
[2021-04-15T15:47:55.970-0900][gc,metaspace] GC(69) Metaspace: 42639K(43436K)->42639K(43436K) NonClass: 37490K(38060K)->37490K(38060K) Class: 5148K(5376K)->5148K(5376K)
[2021-04-15T15:47:55.970-0900][gc          ] GC(69) Pause Young (Normal) (G1 Evacuation Pause) 335M->291M(1024M) 60.820ms
[2021-04-15T15:47:55.970-0900][gc,cpu      ] GC(69) User=0.05s Sys=0.06s Real=0.07s
[2021-04-15T15:51:19.108-0900][gc,start    ] GC(70) Pause Young (Normal) (G1 Evacuation Pause)
[2021-04-15T15:51:19.109-0900][gc,task     ] GC(70) Using 8 workers of 8 for evacuation
[2021-04-15T15:51:19.121-0900][gc,phases   ] GC(70)   Pre Evacuate Collection Set: 0.7ms
[2021-04-15T15:51:19.122-0900][gc,phases   ] GC(70)   Merge Heap Roots: 0.2ms
[2021-04-15T15:51:19.122-0900][gc,phases   ] GC(70)   Evacuate Collection Set: 10.1ms
[2021-04-15T15:51:19.122-0900][gc,phases   ] GC(70)   Post Evacuate Collection Set: 1.4ms
[2021-04-15T15:51:19.122-0900][gc,phases   ] GC(70)   Other: 0.9ms
[2021-04-15T15:51:19.122-0900][gc,heap     ] GC(70) Eden regions: 47->0(46)
[2021-04-15T15:51:19.122-0900][gc,heap     ] GC(70) Survivor regions: 4->5(7)
[2021-04-15T15:51:19.122-0900][gc,heap     ] GC(70) Old regions: 159->159
[2021-04-15T15:51:19.122-0900][gc,heap     ] GC(70) Archive regions: 2->2
[2021-04-15T15:51:19.122-0900][gc,heap     ] GC(70) Humongous regions: 129->129
[2021-04-15T15:51:19.122-0900][gc,metaspace] GC(70) Metaspace: 42640K(43436K)->42640K(43436K) NonClass: 37491K(38060K)->37491K(38060K) Class: 5148K(5376K)->5148K(5376K)
[2021-04-15T15:51:19.122-0900][gc          ] GC(70) Pause Young (Normal) (G1 Evacuation Pause) 338M->292M(1024M) 13.574ms
[2021-04-15T15:51:19.122-0900][gc,cpu      ] GC(70) User=0.02s Sys=0.01s Real=0.02s
[2021-04-15T15:54:36.114-0900][gc,start    ] GC(71) Pause Young (Normal) (G1 Evacuation Pause)
[2021-04-15T15:54:36.115-0900][gc,task     ] GC(71) Using 8 workers of 8 for evacuation
[2021-04-15T15:54:36.159-0900][gc,mmu      ] GC(71) MMU target violated: 21.0ms (20.0ms/21.0ms)
[2021-04-15T15:54:36.159-0900][gc,phases   ] GC(71)   Pre Evacuate Collection Set: 0.8ms
[2021-04-15T15:54:36.159-0900][gc,phases   ] GC(71)   Merge Heap Roots: 0.1ms
[2021-04-15T15:54:36.159-0900][gc,phases   ] GC(71)   Evacuate Collection Set: 41.7ms
[2021-04-15T15:54:36.159-0900][gc,phases   ] GC(71)   Post Evacuate Collection Set: 1.5ms
[2021-04-15T15:54:36.159-0900][gc,phases   ] GC(71)   Other: 1.2ms
[2021-04-15T15:54:36.159-0900][gc,heap     ] GC(71) Eden regions: 46->0(44)
[2021-04-15T15:54:36.159-0900][gc,heap     ] GC(71) Survivor regions: 5->7(7)
[2021-04-15T15:54:36.159-0900][gc,heap     ] GC(71) Old regions: 159->160
[2021-04-15T15:54:36.159-0900][gc,heap     ] GC(71) Archive regions: 2->2
[2021-04-15T15:54:36.159-0900][gc,heap     ] GC(71) Humongous regions: 129->129
[2021-04-15T15:54:36.159-0900][gc,metaspace] GC(71) Metaspace: 42644K(43436K)->42644K(43436K) NonClass: 37495K(38060K)->37495K(38060K) Class: 5148K(5376K)->5148K(5376K)
[2021-04-15T15:54:36.159-0900][gc          ] GC(71) Pause Young (Normal) (G1 Evacuation Pause) 338M->296M(1024M) 45.470ms
[2021-04-15T15:54:36.159-0900][gc,cpu      ] GC(71) User=0.04s Sys=0.04s Real=0.04s
[2021-04-15T15:57:45.564-0900][gc,start    ] GC(72) Pause Young (Normal) (G1 Evacuation Pause)
[2021-04-15T15:57:45.565-0900][gc,task     ] GC(72) Using 8 workers of 8 for evacuation
[2021-04-15T15:57:45.596-0900][gc,mmu      ] GC(72) MMU target violated: 21.0ms (20.0ms/21.0ms)
[2021-04-15T15:57:45.596-0900][gc,phases   ] GC(72)   Pre Evacuate Collection Set: 1.5ms
[2021-04-15T15:57:45.596-0900][gc,phases   ] GC(72)   Merge Heap Roots: 0.4ms
[2021-04-15T15:57:45.596-0900][gc,phases   ] GC(72)   Evacuate Collection Set: 26.8ms
[2021-04-15T15:57:45.596-0900][gc,phases   ] GC(72)   Post Evacuate Collection Set: 2.2ms
[2021-04-15T15:57:45.596-0900][gc,phases   ] GC(72)   Other: 1.5ms
[2021-04-15T15:57:45.596-0900][gc,heap     ] GC(72) Eden regions: 44->0(47)
[2021-04-15T15:57:45.596-0900][gc,heap     ] GC(72) Survivor regions: 7->4(7)
[2021-04-15T15:57:45.596-0900][gc,heap     ] GC(72) Old regions: 160->165
[2021-04-15T15:57:45.596-0900][gc,heap     ] GC(72) Archive regions: 2->2
[2021-04-15T15:57:45.596-0900][gc,heap     ] GC(72) Humongous regions: 129->129
[2021-04-15T15:57:45.596-0900][gc,metaspace] GC(72) Metaspace: 42652K(43436K)->42652K(43436K) NonClass: 37503K(38060K)->37503K(38060K) Class: 5148K(5376K)->5148K(5376K)
[2021-04-15T15:57:45.597-0900][gc          ] GC(72) Pause Young (Normal) (G1 Evacuation Pause) 340M->297M(1024M) 32.562ms
[2021-04-15T15:57:45.597-0900][gc,cpu      ] GC(72) User=0.06s Sys=0.04s Real=0.03s
[2021-04-15T16:01:08.039-0900][gc,start    ] GC(73) Pause Young (Normal) (G1 Evacuation Pause)
[2021-04-15T16:01:08.041-0900][gc,task     ] GC(73) Using 8 workers of 8 for evacuation
[2021-04-15T16:01:08.069-0900][gc,mmu      ] GC(73) MMU target violated: 21.0ms (20.0ms/21.0ms)
[2021-04-15T16:01:08.069-0900][gc,phases   ] GC(73)   Pre Evacuate Collection Set: 1.2ms
[2021-04-15T16:01:08.069-0900][gc,phases   ] GC(73)   Merge Heap Roots: 0.2ms
[2021-04-15T16:01:08.069-0900][gc,phases   ] GC(73)   Evacuate Collection Set: 25.0ms
[2021-04-15T16:01:08.069-0900][gc,phases   ] GC(73)   Post Evacuate Collection Set: 1.4ms
[2021-04-15T16:01:08.069-0900][gc,phases   ] GC(73)   Other: 1.5ms
[2021-04-15T16:01:08.069-0900][gc,heap     ] GC(73) Eden regions: 47->0(44)
[2021-04-15T16:01:08.069-0900][gc,heap     ] GC(73) Survivor regions: 4->7(7)
[2021-04-15T16:01:08.069-0900][gc,heap     ] GC(73) Old regions: 165->165
[2021-04-15T16:01:08.069-0900][gc,heap     ] GC(73) Archive regions: 2->2
[2021-04-15T16:01:08.069-0900][gc,heap     ] GC(73) Humongous regions: 129->129
[2021-04-15T16:01:08.069-0900][gc,metaspace] GC(73) Metaspace: 42657K(43436K)->42657K(43436K) NonClass: 37508K(38060K)->37508K(38060K) Class: 5148K(5376K)->5148K(5376K)
[2021-04-15T16:01:08.069-0900][gc          ] GC(73) Pause Young (Normal) (G1 Evacuation Pause) 344M->301M(1024M) 29.314ms
[2021-04-15T16:01:08.069-0900][gc,cpu      ] GC(73) User=0.05s Sys=0.03s Real=0.03s
[2021-04-15T16:04:17.771-0900][gc,start    ] GC(74) Pause Young (Normal) (G1 Evacuation Pause)
[2021-04-15T16:04:17.772-0900][gc,task     ] GC(74) Using 8 workers of 8 for evacuation
[2021-04-15T16:04:17.794-0900][gc,mmu      ] GC(74) MMU target violated: 21.0ms (20.0ms/21.0ms)
[2021-04-15T16:04:17.794-0900][gc,phases   ] GC(74)   Pre Evacuate Collection Set: 1.2ms
[2021-04-15T16:04:17.795-0900][gc,phases   ] GC(74)   Merge Heap Roots: 0.3ms
[2021-04-15T16:04:17.795-0900][gc,phases   ] GC(74)   Evacuate Collection Set: 18.7ms
[2021-04-15T16:04:17.795-0900][gc,phases   ] GC(74)   Post Evacuate Collection Set: 2.2ms
[2021-04-15T16:04:17.795-0900][gc,phases   ] GC(74)   Other: 1.5ms
[2021-04-15T16:04:17.795-0900][gc,heap     ] GC(74) Eden regions: 44->0(47)
[2021-04-15T16:04:17.795-0900][gc,heap     ] GC(74) Survivor regions: 7->4(7)
[2021-04-15T16:04:17.795-0900][gc,heap     ] GC(74) Old regions: 165->170
[2021-04-15T16:04:17.795-0900][gc,heap     ] GC(74) Archive regions: 2->2
[2021-04-15T16:04:17.795-0900][gc,heap     ] GC(74) Humongous regions: 129->129
[2021-04-15T16:04:17.795-0900][gc,metaspace] GC(74) Metaspace: 42657K(43436K)->42657K(43436K) NonClass: 37508K(38060K)->37508K(38060K) Class: 5148K(5376K)->5148K(5376K)
[2021-04-15T16:04:17.795-0900][gc          ] GC(74) Pause Young (Normal) (G1 Evacuation Pause) 345M->303M(1024M) 23.992ms
[2021-04-15T16:04:17.795-0900][gc,cpu      ] GC(74) User=0.06s Sys=0.04s Real=0.02s
[2021-04-15T16:07:40.139-0900][gc,start    ] GC(75) Pause Young (Normal) (G1 Evacuation Pause)
[2021-04-15T16:07:40.153-0900][gc,task     ] GC(75) Using 8 workers of 8 for evacuation
[2021-04-15T16:07:40.180-0900][gc,mmu      ] GC(75) MMU target violated: 21.0ms (20.0ms/21.0ms)
[2021-04-15T16:07:40.187-0900][gc,phases   ] GC(75)   Pre Evacuate Collection Set: 1.4ms
[2021-04-15T16:07:40.187-0900][gc,phases   ] GC(75)   Merge Heap Roots: 0.3ms
[2021-04-15T16:07:40.187-0900][gc,phases   ] GC(75)   Evacuate Collection Set: 22.6ms
[2021-04-15T16:07:40.187-0900][gc,phases   ] GC(75)   Post Evacuate Collection Set: 2.3ms
[2021-04-15T16:07:40.187-0900][gc,phases   ] GC(75)   Other: 21.7ms
[2021-04-15T16:07:40.187-0900][gc,heap     ] GC(75) Eden regions: 47->0(45)
[2021-04-15T16:07:40.187-0900][gc,heap     ] GC(75) Survivor regions: 4->6(7)
[2021-04-15T16:07:40.187-0900][gc,heap     ] GC(75) Old regions: 170->170
[2021-04-15T16:07:40.187-0900][gc,heap     ] GC(75) Archive regions: 2->2
[2021-04-15T16:07:40.187-0900][gc,heap     ] GC(75) Humongous regions: 129->129
[2021-04-15T16:07:40.187-0900][gc,metaspace] GC(75) Metaspace: 42657K(43436K)->42657K(43436K) NonClass: 37508K(38060K)->37508K(38060K) Class: 5148K(5376K)->5148K(5376K)
[2021-04-15T16:07:40.187-0900][gc          ] GC(75) Pause Young (Normal) (G1 Evacuation Pause) 350M->304M(1024M) 48.693ms
[2021-04-15T16:07:40.187-0900][gc,cpu      ] GC(75) User=0.04s Sys=0.02s Real=0.05s
[2021-04-15T16:10:55.316-0900][gc,start    ] GC(76) Pause Young (Normal) (G1 Evacuation Pause)
[2021-04-15T16:10:55.324-0900][gc,task     ] GC(76) Using 8 workers of 8 for evacuation
[2021-04-15T16:10:55.354-0900][gc,mmu      ] GC(76) MMU target violated: 21.0ms (20.0ms/21.0ms)
[2021-04-15T16:10:55.354-0900][gc,phases   ] GC(76)   Pre Evacuate Collection Set: 1.1ms
[2021-04-15T16:10:55.354-0900][gc,phases   ] GC(76)   Merge Heap Roots: 0.2ms
[2021-04-15T16:10:55.354-0900][gc,phases   ] GC(76)   Evacuate Collection Set: 26.4ms
[2021-04-15T16:10:55.354-0900][gc,phases   ] GC(76)   Post Evacuate Collection Set: 1.4ms
[2021-04-15T16:10:55.354-0900][gc,phases   ] GC(76)   Other: 8.9ms
[2021-04-15T16:10:55.354-0900][gc,heap     ] GC(76) Eden regions: 45->0(44)
[2021-04-15T16:10:55.354-0900][gc,heap     ] GC(76) Survivor regions: 6->7(7)
[2021-04-15T16:10:55.354-0900][gc,heap     ] GC(76) Old regions: 170->172
[2021-04-15T16:10:55.354-0900][gc,heap     ] GC(76) Archive regions: 2->2
[2021-04-15T16:10:55.354-0900][gc,heap     ] GC(76) Humongous regions: 129->129
[2021-04-15T16:10:55.354-0900][gc,metaspace] GC(76) Metaspace: 42658K(43436K)->42658K(43436K) NonClass: 37509K(38060K)->37509K(38060K) Class: 5148K(5376K)->5148K(5376K)
[2021-04-15T16:10:55.354-0900][gc          ] GC(76) Pause Young (Normal) (G1 Evacuation Pause) 349M->308M(1024M) 38.169ms
[2021-04-15T16:10:55.354-0900][gc,cpu      ] GC(76) User=0.05s Sys=0.03s Real=0.04s
[2021-04-15T16:14:05.950-0900][gc,start    ] GC(77) Pause Young (Normal) (G1 Evacuation Pause)
[2021-04-15T16:14:05.952-0900][gc,task     ] GC(77) Using 8 workers of 8 for evacuation
[2021-04-15T16:14:05.973-0900][gc,mmu      ] GC(77) MMU target violated: 20.6ms (20.0ms/21.0ms)
[2021-04-15T16:14:05.974-0900][gc,phases   ] GC(77)   Pre Evacuate Collection Set: 2.0ms
[2021-04-15T16:14:05.974-0900][gc,phases   ] GC(77)   Merge Heap Roots: 0.5ms
[2021-04-15T16:14:05.974-0900][gc,phases   ] GC(77)   Evacuate Collection Set: 16.5ms
[2021-04-15T16:14:05.974-0900][gc,phases   ] GC(77)   Post Evacuate Collection Set: 1.9ms
[2021-04-15T16:14:05.974-0900][gc,phases   ] GC(77)   Other: 3.0ms
[2021-04-15T16:14:05.974-0900][gc,heap     ] GC(77) Eden regions: 44->0(47)
[2021-04-15T16:14:05.974-0900][gc,heap     ] GC(77) Survivor regions: 7->4(7)
[2021-04-15T16:14:05.974-0900][gc,heap     ] GC(77) Old regions: 172->177
[2021-04-15T16:14:05.974-0900][gc,heap     ] GC(77) Archive regions: 2->2
[2021-04-15T16:14:05.974-0900][gc,heap     ] GC(77) Humongous regions: 129->129
[2021-04-15T16:14:05.974-0900][gc,metaspace] GC(77) Metaspace: 42658K(43436K)->42658K(43436K) NonClass: 37509K(38060K)->37509K(38060K) Class: 5148K(5376K)->5148K(5376K)
[2021-04-15T16:14:05.974-0900][gc          ] GC(77) Pause Young (Normal) (G1 Evacuation Pause) 352M->309M(1024M) 23.931ms
[2021-04-15T16:14:05.974-0900][gc,cpu      ] GC(77) User=0.05s Sys=0.04s Real=0.02s
[2021-04-15T16:17:29.239-0900][gc,start    ] GC(78) Pause Young (Normal) (G1 Evacuation Pause)
[2021-04-15T16:17:29.240-0900][gc,task     ] GC(78) Using 8 workers of 8 for evacuation
[2021-04-15T16:17:29.281-0900][gc,mmu      ] GC(78) MMU target violated: 21.0ms (20.0ms/21.0ms)
[2021-04-15T16:17:29.281-0900][gc,phases   ] GC(78)   Pre Evacuate Collection Set: 1.0ms
[2021-04-15T16:17:29.281-0900][gc,phases   ] GC(78)   Merge Heap Roots: 0.3ms
[2021-04-15T16:17:29.281-0900][gc,phases   ] GC(78)   Evacuate Collection Set: 29.8ms
[2021-04-15T16:17:29.281-0900][gc,phases   ] GC(78)   Post Evacuate Collection Set: 9.4ms
[2021-04-15T16:17:29.281-0900][gc,phases   ] GC(78)   Other: 2.1ms
[2021-04-15T16:17:29.281-0900][gc,heap     ] GC(78) Eden regions: 47->0(44)
[2021-04-15T16:17:29.281-0900][gc,heap     ] GC(78) Survivor regions: 4->7(7)
[2021-04-15T16:17:29.281-0900][gc,heap     ] GC(78) Old regions: 177->177
[2021-04-15T16:17:29.281-0900][gc,heap     ] GC(78) Archive regions: 2->2
[2021-04-15T16:17:29.281-0900][gc,heap     ] GC(78) Humongous regions: 129->129
[2021-04-15T16:17:29.281-0900][gc,metaspace] GC(78) Metaspace: 42658K(43436K)->42658K(43436K) NonClass: 37509K(38060K)->37509K(38060K) Class: 5148K(5376K)->5148K(5376K)
[2021-04-15T16:17:29.281-0900][gc          ] GC(78) Pause Young (Normal) (G1 Evacuation Pause) 356M->313M(1024M) 42.701ms
[2021-04-15T16:17:29.281-0900][gc,cpu      ] GC(78) User=0.04s Sys=0.04s Real=0.05s
[2021-04-15T16:20:38.484-0900][gc,start    ] GC(79) Pause Young (Normal) (G1 Evacuation Pause)
[2021-04-15T16:20:38.486-0900][gc,task     ] GC(79) Using 8 workers of 8 for evacuation
[2021-04-15T16:20:38.522-0900][gc,mmu      ] GC(79) MMU target violated: 21.0ms (20.0ms/21.0ms)
[2021-04-15T16:20:38.522-0900][gc,phases   ] GC(79)   Pre Evacuate Collection Set: 1.7ms
[2021-04-15T16:20:38.522-0900][gc,phases   ] GC(79)   Merge Heap Roots: 0.2ms
[2021-04-15T16:20:38.522-0900][gc,phases   ] GC(79)   Evacuate Collection Set: 30.7ms
[2021-04-15T16:20:38.522-0900][gc,phases   ] GC(79)   Post Evacuate Collection Set: 3.0ms
[2021-04-15T16:20:38.522-0900][gc,phases   ] GC(79)   Other: 1.9ms
[2021-04-15T16:20:38.522-0900][gc,heap     ] GC(79) Eden regions: 44->0(47)
[2021-04-15T16:20:38.522-0900][gc,heap     ] GC(79) Survivor regions: 7->4(7)
[2021-04-15T16:20:38.522-0900][gc,heap     ] GC(79) Old regions: 177->182
[2021-04-15T16:20:38.522-0900][gc,heap     ] GC(79) Archive regions: 2->2
[2021-04-15T16:20:38.522-0900][gc,heap     ] GC(79) Humongous regions: 129->129
[2021-04-15T16:20:38.522-0900][gc,metaspace] GC(79) Metaspace: 42659K(43436K)->42659K(43436K) NonClass: 37510K(38060K)->37510K(38060K) Class: 5148K(5376K)->5148K(5376K)
[2021-04-15T16:20:38.522-0900][gc          ] GC(79) Pause Young (Normal) (G1 Evacuation Pause) 357M->314M(1024M) 37.814ms
[2021-04-15T16:20:38.522-0900][gc,cpu      ] GC(79) User=0.05s Sys=0.04s Real=0.04s
[2021-04-15T16:24:01.209-0900][gc,start    ] GC(80) Pause Young (Normal) (G1 Evacuation Pause)
[2021-04-15T16:24:01.209-0900][gc,task     ] GC(80) Using 8 workers of 8 for evacuation
[2021-04-15T16:24:01.261-0900][gc,mmu      ] GC(80) MMU target violated: 21.0ms (20.0ms/21.0ms)
[2021-04-15T16:24:01.261-0900][gc,phases   ] GC(80)   Pre Evacuate Collection Set: 1.9ms
[2021-04-15T16:24:01.261-0900][gc,phases   ] GC(80)   Merge Heap Roots: 0.4ms
[2021-04-15T16:24:01.261-0900][gc,phases   ] GC(80)   Evacuate Collection Set: 47.0ms
[2021-04-15T16:24:01.261-0900][gc,phases   ] GC(80)   Post Evacuate Collection Set: 1.6ms
[2021-04-15T16:24:01.261-0900][gc,phases   ] GC(80)   Other: 1.7ms
[2021-04-15T16:24:01.261-0900][gc,heap     ] GC(80) Eden regions: 47->0(44)
[2021-04-15T16:24:01.261-0900][gc,heap     ] GC(80) Survivor regions: 4->7(7)
[2021-04-15T16:24:01.261-0900][gc,heap     ] GC(80) Old regions: 182->182
[2021-04-15T16:24:01.261-0900][gc,heap     ] GC(80) Archive regions: 2->2
[2021-04-15T16:24:01.261-0900][gc,heap     ] GC(80) Humongous regions: 129->129
[2021-04-15T16:24:01.261-0900][gc,metaspace] GC(80) Metaspace: 42660K(43436K)->42660K(43436K) NonClass: 37511K(38060K)->37511K(38060K) Class: 5148K(5376K)->5148K(5376K)
[2021-04-15T16:24:01.261-0900][gc          ] GC(80) Pause Young (Normal) (G1 Evacuation Pause) 361M->318M(1024M) 52.713ms
[2021-04-15T16:24:01.261-0900][gc,cpu      ] GC(80) User=0.05s Sys=0.04s Real=0.06s
[2021-04-15T16:27:09.284-0900][gc,start    ] GC(81) Pause Young (Normal) (G1 Evacuation Pause)
[2021-04-15T16:27:09.286-0900][gc,task     ] GC(81) Using 8 workers of 8 for evacuation
[2021-04-15T16:27:09.304-0900][gc,phases   ] GC(81)   Pre Evacuate Collection Set: 0.5ms
[2021-04-15T16:27:09.304-0900][gc,phases   ] GC(81)   Merge Heap Roots: 0.3ms
[2021-04-15T16:27:09.305-0900][gc,phases   ] GC(81)   Evacuate Collection Set: 16.7ms
[2021-04-15T16:27:09.305-0900][gc,phases   ] GC(81)   Post Evacuate Collection Set: 0.7ms
[2021-04-15T16:27:09.305-0900][gc,phases   ] GC(81)   Other: 2.3ms
[2021-04-15T16:27:09.305-0900][gc,heap     ] GC(81) Eden regions: 44->0(47)
[2021-04-15T16:27:09.305-0900][gc,heap     ] GC(81) Survivor regions: 7->4(7)
[2021-04-15T16:27:09.305-0900][gc,heap     ] GC(81) Old regions: 182->187
[2021-04-15T16:27:09.305-0900][gc,heap     ] GC(81) Archive regions: 2->2
[2021-04-15T16:27:09.305-0900][gc,heap     ] GC(81) Humongous regions: 129->129
[2021-04-15T16:27:09.305-0900][gc,metaspace] GC(81) Metaspace: 42660K(43436K)->42660K(43436K) NonClass: 37511K(38060K)->37511K(38060K) Class: 5148K(5376K)->5148K(5376K)
[2021-04-15T16:27:09.305-0900][gc          ] GC(81) Pause Young (Normal) (G1 Evacuation Pause) 362M->320M(1024M) 20.512ms
[2021-04-15T16:27:09.305-0900][gc,cpu      ] GC(81) User=0.07s Sys=0.02s Real=0.02s
[2021-04-15T16:30:31.523-0900][gc,start    ] GC(82) Pause Young (Normal) (G1 Evacuation Pause)
[2021-04-15T16:30:31.524-0900][gc,task     ] GC(82) Using 8 workers of 8 for evacuation
[2021-04-15T16:30:31.543-0900][gc,phases   ] GC(82)   Pre Evacuate Collection Set: 1.6ms
[2021-04-15T16:30:31.543-0900][gc,phases   ] GC(82)   Merge Heap Roots: 0.2ms
[2021-04-15T16:30:31.543-0900][gc,phases   ] GC(82)   Evacuate Collection Set: 15.3ms
[2021-04-15T16:30:31.543-0900][gc,phases   ] GC(82)   Post Evacuate Collection Set: 1.3ms
[2021-04-15T16:30:31.543-0900][gc,phases   ] GC(82)   Other: 1.8ms
[2021-04-15T16:30:31.543-0900][gc,heap     ] GC(82) Eden regions: 47->0(44)
[2021-04-15T16:30:31.543-0900][gc,heap     ] GC(82) Survivor regions: 4->7(7)
[2021-04-15T16:30:31.543-0900][gc,heap     ] GC(82) Old regions: 187->187
[2021-04-15T16:30:31.543-0900][gc,heap     ] GC(82) Archive regions: 2->2
[2021-04-15T16:30:31.543-0900][gc,heap     ] GC(82) Humongous regions: 129->129
[2021-04-15T16:30:31.543-0900][gc,metaspace] GC(82) Metaspace: 42660K(43436K)->42660K(43436K) NonClass: 37511K(38060K)->37511K(38060K) Class: 5148K(5376K)->5148K(5376K)
[2021-04-15T16:30:31.543-0900][gc          ] GC(82) Pause Young (Normal) (G1 Evacuation Pause) 367M->323M(1024M) 20.475ms
[2021-04-15T16:30:31.543-0900][gc,cpu      ] GC(82) User=0.05s Sys=0.02s Real=0.02s
[2021-04-15T16:33:40.750-0900][gc,start    ] GC(83) Pause Young (Normal) (G1 Evacuation Pause)
[2021-04-15T16:33:40.752-0900][gc,task     ] GC(83) Using 8 workers of 8 for evacuation
[2021-04-15T16:33:40.776-0900][gc,mmu      ] GC(83) MMU target violated: 21.0ms (20.0ms/21.0ms)
[2021-04-15T16:33:40.776-0900][gc,phases   ] GC(83)   Pre Evacuate Collection Set: 0.7ms
[2021-04-15T16:33:40.776-0900][gc,phases   ] GC(83)   Merge Heap Roots: 0.2ms
[2021-04-15T16:33:40.776-0900][gc,phases   ] GC(83)   Evacuate Collection Set: 21.9ms
[2021-04-15T16:33:40.776-0900][gc,phases   ] GC(83)   Post Evacuate Collection Set: 1.5ms
[2021-04-15T16:33:40.776-0900][gc,phases   ] GC(83)   Other: 1.6ms
[2021-04-15T16:33:40.776-0900][gc,heap     ] GC(83) Eden regions: 44->0(46)
[2021-04-15T16:33:40.776-0900][gc,heap     ] GC(83) Survivor regions: 7->5(7)
[2021-04-15T16:33:40.776-0900][gc,heap     ] GC(83) Old regions: 187->192
[2021-04-15T16:33:40.776-0900][gc,heap     ] GC(83) Archive regions: 2->2
[2021-04-15T16:33:40.776-0900][gc,heap     ] GC(83) Humongous regions: 129->129
[2021-04-15T16:33:40.776-0900][gc,metaspace] GC(83) Metaspace: 42660K(43436K)->42660K(43436K) NonClass: 37511K(38060K)->37511K(38060K) Class: 5148K(5376K)->5148K(5376K)
[2021-04-15T16:33:40.776-0900][gc          ] GC(83) Pause Young (Normal) (G1 Evacuation Pause) 367M->325M(1024M) 25.925ms
[2021-04-15T16:33:40.776-0900][gc,cpu      ] GC(83) User=0.07s Sys=0.02s Real=0.02s
[2021-04-15T16:36:58.528-0900][gc,start    ] GC(84) Pause Young (Normal) (G1 Evacuation Pause)
[2021-04-15T16:36:58.529-0900][gc,task     ] GC(84) Using 8 workers of 8 for evacuation
[2021-04-15T16:36:58.553-0900][gc,mmu      ] GC(84) MMU target violated: 21.0ms (20.0ms/21.0ms)
[2021-04-15T16:36:58.566-0900][gc,phases   ] GC(84)   Pre Evacuate Collection Set: 0.9ms
[2021-04-15T16:36:58.566-0900][gc,phases   ] GC(84)   Merge Heap Roots: 0.2ms
[2021-04-15T16:36:58.566-0900][gc,phases   ] GC(84)   Evacuate Collection Set: 22.1ms
[2021-04-15T16:36:58.566-0900][gc,phases   ] GC(84)   Post Evacuate Collection Set: 1.2ms
[2021-04-15T16:36:58.566-0900][gc,phases   ] GC(84)   Other: 13.9ms
[2021-04-15T16:36:58.566-0900][gc,heap     ] GC(84) Eden regions: 46->0(59)
[2021-04-15T16:36:58.566-0900][gc,heap     ] GC(84) Survivor regions: 5->3(7)
[2021-04-15T16:36:58.566-0900][gc,heap     ] GC(84) Old regions: 192->195
[2021-04-15T16:36:58.566-0900][gc,heap     ] GC(84) Archive regions: 2->2
[2021-04-15T16:36:58.566-0900][gc,heap     ] GC(84) Humongous regions: 129->129
[2021-04-15T16:36:58.566-0900][gc,metaspace] GC(84) Metaspace: 42661K(43436K)->42661K(43436K) NonClass: 37512K(38060K)->37512K(38060K) Class: 5148K(5376K)->5148K(5376K)
[2021-04-15T16:36:58.566-0900][gc          ] GC(84) Pause Young (Normal) (G1 Evacuation Pause) 371M->327M(1024M) 38.403ms
[2021-04-15T16:36:58.566-0900][gc,cpu      ] GC(84) User=0.04s Sys=0.02s Real=0.04s
[2021-04-15T16:40:51.210-0900][gc,start    ] GC(85) Pause Young (Normal) (G1 Evacuation Pause)
[2021-04-15T16:40:51.211-0900][gc,task     ] GC(85) Using 8 workers of 8 for evacuation
[2021-04-15T16:40:51.241-0900][gc,mmu      ] GC(85) MMU target violated: 21.0ms (20.0ms/21.0ms)
[2021-04-15T16:40:51.241-0900][gc,phases   ] GC(85)   Pre Evacuate Collection Set: 0.8ms
[2021-04-15T16:40:51.241-0900][gc,phases   ] GC(85)   Merge Heap Roots: 0.2ms
[2021-04-15T16:40:51.241-0900][gc,phases   ] GC(85)   Evacuate Collection Set: 27.5ms
[2021-04-15T16:40:51.241-0900][gc,phases   ] GC(85)   Post Evacuate Collection Set: 1.7ms
[2021-04-15T16:40:51.241-0900][gc,phases   ] GC(85)   Other: 1.1ms
[2021-04-15T16:40:51.242-0900][gc,heap     ] GC(85) Eden regions: 54->0(43)
[2021-04-15T16:40:51.242-0900][gc,heap     ] GC(85) Survivor regions: 3->8(8)
[2021-04-15T16:40:51.242-0900][gc,heap     ] GC(85) Old regions: 195->195
[2021-04-15T16:40:51.242-0900][gc,heap     ] GC(85) Archive regions: 2->2
[2021-04-15T16:40:51.242-0900][gc,heap     ] GC(85) Humongous regions: 129->129
[2021-04-15T16:40:51.242-0900][gc,metaspace] GC(85) Metaspace: 42661K(43436K)->42661K(43436K) NonClass: 37512K(38060K)->37512K(38060K) Class: 5148K(5376K)->5148K(5376K)
[2021-04-15T16:40:51.242-0900][gc          ] GC(85) Pause Young (Normal) (G1 Evacuation Pause) 381M->331M(1024M) 31.472ms
[2021-04-15T16:40:51.242-0900][gc,cpu      ] GC(85) User=0.05s Sys=0.05s Real=0.03s
[2021-04-15T16:43:56.712-0900][gc,start    ] GC(86) Pause Young (Normal) (G1 Evacuation Pause)
[2021-04-15T16:43:56.713-0900][gc,task     ] GC(86) Using 8 workers of 8 for evacuation
[2021-04-15T16:43:56.751-0900][gc,mmu      ] GC(86) MMU target violated: 21.0ms (20.0ms/21.0ms)
[2021-04-15T16:43:56.751-0900][gc,phases   ] GC(86)   Pre Evacuate Collection Set: 1.2ms
[2021-04-15T16:43:56.751-0900][gc,phases   ] GC(86)   Merge Heap Roots: 0.2ms
[2021-04-15T16:43:56.751-0900][gc,phases   ] GC(86)   Evacuate Collection Set: 33.9ms
[2021-04-15T16:43:56.751-0900][gc,phases   ] GC(86)   Post Evacuate Collection Set: 3.0ms
[2021-04-15T16:43:56.751-0900][gc,phases   ] GC(86)   Other: 1.3ms
[2021-04-15T16:43:56.751-0900][gc,heap     ] GC(86) Eden regions: 43->0(47)
[2021-04-15T16:43:56.751-0900][gc,heap     ] GC(86) Survivor regions: 8->4(7)
[2021-04-15T16:43:56.751-0900][gc,heap     ] GC(86) Old regions: 195->200
[2021-04-15T16:43:56.751-0900][gc,heap     ] GC(86) Archive regions: 2->2
[2021-04-15T16:43:56.751-0900][gc,heap     ] GC(86) Humongous regions: 129->129
[2021-04-15T16:43:56.751-0900][gc,metaspace] GC(86) Metaspace: 42661K(43436K)->42661K(43436K) NonClass: 37512K(38060K)->37512K(38060K) Class: 5148K(5376K)->5148K(5376K)
[2021-04-15T16:43:56.752-0900][gc          ] GC(86) Pause Young (Normal) (G1 Evacuation Pause) 374M->333M(1024M) 39.792ms
[2021-04-15T16:43:56.752-0900][gc,cpu      ] GC(86) User=0.05s Sys=0.05s Real=0.04s
[2021-04-15T16:47:06.040-0900][gc,start    ] GC(87) Pause Young (Normal) (G1 Evacuation Pause)
[2021-04-15T16:47:06.041-0900][gc,task     ] GC(87) Using 8 workers of 8 for evacuation
[2021-04-15T16:47:06.080-0900][gc,mmu      ] GC(87) MMU target violated: 21.0ms (20.0ms/21.0ms)
[2021-04-15T16:47:06.080-0900][gc,phases   ] GC(87)   Pre Evacuate Collection Set: 1.2ms
[2021-04-15T16:47:06.080-0900][gc,phases   ] GC(87)   Merge Heap Roots: 0.3ms
[2021-04-15T16:47:06.080-0900][gc,phases   ] GC(87)   Evacuate Collection Set: 36.7ms
[2021-04-15T16:47:06.080-0900][gc,phases   ] GC(87)   Post Evacuate Collection Set: 1.3ms
[2021-04-15T16:47:06.081-0900][gc,phases   ] GC(87)   Other: 1.5ms
[2021-04-15T16:47:06.081-0900][gc,heap     ] GC(87) Eden regions: 47->0(44)
[2021-04-15T16:47:06.081-0900][gc,heap     ] GC(87) Survivor regions: 4->7(7)
[2021-04-15T16:47:06.081-0900][gc,heap     ] GC(87) Old regions: 200->200
[2021-04-15T16:47:06.081-0900][gc,heap     ] GC(87) Archive regions: 2->2
[2021-04-15T16:47:06.081-0900][gc,heap     ] GC(87) Humongous regions: 129->129
[2021-04-15T16:47:06.081-0900][gc,metaspace] GC(87) Metaspace: 42661K(43436K)->42661K(43436K) NonClass: 37512K(38060K)->37512K(38060K) Class: 5148K(5376K)->5148K(5376K)
[2021-04-15T16:47:06.081-0900][gc          ] GC(87) Pause Young (Normal) (G1 Evacuation Pause) 380M->336M(1024M) 41.174ms
[2021-04-15T16:47:06.081-0900][gc,cpu      ] GC(87) User=0.05s Sys=0.06s Real=0.04s
[2021-04-15T16:50:14.303-0900][gc,start    ] GC(88) Pause Young (Normal) (G1 Evacuation Pause)
[2021-04-15T16:50:14.304-0900][gc,task     ] GC(88) Using 8 workers of 8 for evacuation
[2021-04-15T16:50:14.328-0900][gc,mmu      ] GC(88) MMU target violated: 21.0ms (20.0ms/21.0ms)
[2021-04-15T16:50:14.328-0900][gc,phases   ] GC(88)   Pre Evacuate Collection Set: 1.6ms
[2021-04-15T16:50:14.328-0900][gc,phases   ] GC(88)   Merge Heap Roots: 0.3ms
[2021-04-15T16:50:14.328-0900][gc,phases   ] GC(88)   Evacuate Collection Set: 19.4ms
[2021-04-15T16:50:14.328-0900][gc,phases   ] GC(88)   Post Evacuate Collection Set: 2.0ms
[2021-04-15T16:50:14.328-0900][gc,phases   ] GC(88)   Other: 1.5ms
[2021-04-15T16:50:14.328-0900][gc,heap     ] GC(88) Eden regions: 44->0(48)
[2021-04-15T16:50:14.328-0900][gc,heap     ] GC(88) Survivor regions: 7->3(7)
[2021-04-15T16:50:14.328-0900][gc,heap     ] GC(88) Old regions: 200->204
[2021-04-15T16:50:14.328-0900][gc,heap     ] GC(88) Archive regions: 2->2
[2021-04-15T16:50:14.328-0900][gc,heap     ] GC(88) Humongous regions: 129->129
[2021-04-15T16:50:14.328-0900][gc,metaspace] GC(88) Metaspace: 42661K(43436K)->42661K(43436K) NonClass: 37512K(38060K)->37512K(38060K) Class: 5148K(5376K)->5148K(5376K)
[2021-04-15T16:50:14.328-0900][gc          ] GC(88) Pause Young (Normal) (G1 Evacuation Pause) 380M->336M(1024M) 24.941ms
[2021-04-15T16:50:14.328-0900][gc,cpu      ] GC(88) User=0.04s Sys=0.04s Real=0.02s
[2021-04-15T16:53:42.066-0900][gc,start    ] GC(89) Pause Young (Normal) (G1 Evacuation Pause)
[2021-04-15T16:53:42.067-0900][gc,task     ] GC(89) Using 8 workers of 8 for evacuation
[2021-04-15T16:53:42.083-0900][gc,phases   ] GC(89)   Pre Evacuate Collection Set: 0.8ms
[2021-04-15T16:53:42.083-0900][gc,phases   ] GC(89)   Merge Heap Roots: 0.1ms
[2021-04-15T16:53:42.083-0900][gc,phases   ] GC(89)   Evacuate Collection Set: 13.8ms
[2021-04-15T16:53:42.083-0900][gc,phases   ] GC(89)   Post Evacuate Collection Set: 1.2ms
[2021-04-15T16:53:42.083-0900][gc,phases   ] GC(89)   Other: 0.8ms
[2021-04-15T16:53:42.083-0900][gc,heap     ] GC(89) Eden regions: 48->0(44)
[2021-04-15T16:53:42.083-0900][gc,heap     ] GC(89) Survivor regions: 3->7(7)
[2021-04-15T16:53:42.083-0900][gc,heap     ] GC(89) Old regions: 204->204
[2021-04-15T16:53:42.083-0900][gc,heap     ] GC(89) Archive regions: 2->2
[2021-04-15T16:53:42.083-0900][gc,heap     ] GC(89) Humongous regions: 129->129
[2021-04-15T16:53:42.083-0900][gc,metaspace] GC(89) Metaspace: 42661K(43436K)->42661K(43436K) NonClass: 37512K(38060K)->37512K(38060K) Class: 5148K(5376K)->5148K(5376K)
[2021-04-15T16:53:42.083-0900][gc          ] GC(89) Pause Young (Normal) (G1 Evacuation Pause) 384M->339M(1024M) 16.947ms
[2021-04-15T16:53:42.083-0900][gc,cpu      ] GC(89) User=0.03s Sys=0.02s Real=0.02s
[2021-04-15T16:56:52.079-0900][gc,start    ] GC(90) Pause Young (Normal) (G1 Evacuation Pause)
[2021-04-15T16:56:52.081-0900][gc,task     ] GC(90) Using 8 workers of 8 for evacuation
[2021-04-15T16:56:52.103-0900][gc,mmu      ] GC(90) MMU target violated: 21.0ms (20.0ms/21.0ms)
[2021-04-15T16:56:52.103-0900][gc,phases   ] GC(90)   Pre Evacuate Collection Set: 1.2ms
[2021-04-15T16:56:52.103-0900][gc,phases   ] GC(90)   Merge Heap Roots: 0.2ms
[2021-04-15T16:56:52.103-0900][gc,phases   ] GC(90)   Evacuate Collection Set: 17.6ms
[2021-04-15T16:56:52.103-0900][gc,phases   ] GC(90)   Post Evacuate Collection Set: 2.4ms
[2021-04-15T16:56:52.103-0900][gc,phases   ] GC(90)   Other: 2.5ms
[2021-04-15T16:56:52.103-0900][gc,heap     ] GC(90) Eden regions: 44->0(46)
[2021-04-15T16:56:52.103-0900][gc,heap     ] GC(90) Survivor regions: 7->5(7)
[2021-04-15T16:56:52.103-0900][gc,heap     ] GC(90) Old regions: 204->208
[2021-04-15T16:56:52.103-0900][gc,heap     ] GC(90) Archive regions: 2->2
[2021-04-15T16:56:52.103-0900][gc,heap     ] GC(90) Humongous regions: 129->129
[2021-04-15T16:56:52.103-0900][gc,metaspace] GC(90) Metaspace: 42661K(43436K)->42661K(43436K) NonClass: 37512K(38060K)->37512K(38060K) Class: 5148K(5376K)->5148K(5376K)
[2021-04-15T16:56:52.103-0900][gc          ] GC(90) Pause Young (Normal) (G1 Evacuation Pause) 383M->340M(1024M) 23.919ms
[2021-04-15T16:56:52.103-0900][gc,cpu      ] GC(90) User=0.05s Sys=0.03s Real=0.03s
[2021-04-15T17:00:10.981-0900][gc,start    ] GC(91) Pause Young (Normal) (G1 Evacuation Pause)
[2021-04-15T17:00:10.987-0900][gc,task     ] GC(91) Using 8 workers of 8 for evacuation
[2021-04-15T17:00:11.027-0900][gc,mmu      ] GC(91) MMU target violated: 21.0ms (20.0ms/21.0ms)
[2021-04-15T17:00:11.027-0900][gc,phases   ] GC(91)   Pre Evacuate Collection Set: 19.3ms
[2021-04-15T17:00:11.027-0900][gc,phases   ] GC(91)   Merge Heap Roots: 0.3ms
[2021-04-15T17:00:11.027-0900][gc,phases   ] GC(91)   Evacuate Collection Set: 17.3ms
[2021-04-15T17:00:11.028-0900][gc,phases   ] GC(91)   Post Evacuate Collection Set: 1.7ms
[2021-04-15T17:00:11.028-0900][gc,phases   ] GC(91)   Other: 7.5ms
[2021-04-15T17:00:11.028-0900][gc,heap     ] GC(91) Eden regions: 46->0(45)
[2021-04-15T17:00:11.028-0900][gc,heap     ] GC(91) Survivor regions: 5->6(7)
[2021-04-15T17:00:11.028-0900][gc,heap     ] GC(91) Old regions: 208->208
[2021-04-15T17:00:11.028-0900][gc,heap     ] GC(91) Archive regions: 2->2
[2021-04-15T17:00:11.028-0900][gc,heap     ] GC(91) Humongous regions: 129->129
[2021-04-15T17:00:11.028-0900][gc,metaspace] GC(91) Metaspace: 42661K(43436K)->42661K(43436K) NonClass: 37512K(38060K)->37512K(38060K) Class: 5148K(5376K)->5148K(5376K)
[2021-04-15T17:00:11.028-0900][gc          ] GC(91) Pause Young (Normal) (G1 Evacuation Pause) 386M->342M(1024M) 46.511ms
[2021-04-15T17:00:11.028-0900][gc,cpu      ] GC(91) User=0.04s Sys=0.02s Real=0.04s
[2021-04-15T17:03:24.824-0900][gc,start    ] GC(92) Pause Young (Normal) (G1 Evacuation Pause)
[2021-04-15T17:03:24.824-0900][gc,task     ] GC(92) Using 8 workers of 8 for evacuation
[2021-04-15T17:03:24.851-0900][gc,mmu      ] GC(92) MMU target violated: 21.0ms (20.0ms/21.0ms)
[2021-04-15T17:03:24.851-0900][gc,phases   ] GC(92)   Pre Evacuate Collection Set: 1.5ms
[2021-04-15T17:03:24.851-0900][gc,phases   ] GC(92)   Merge Heap Roots: 0.7ms
[2021-04-15T17:03:24.851-0900][gc,phases   ] GC(92)   Evacuate Collection Set: 22.9ms
[2021-04-15T17:03:24.851-0900][gc,phases   ] GC(92)   Post Evacuate Collection Set: 1.4ms
[2021-04-15T17:03:24.851-0900][gc,phases   ] GC(92)   Other: 1.1ms
[2021-04-15T17:03:24.851-0900][gc,heap     ] GC(92) Eden regions: 45->0(44)
[2021-04-15T17:03:24.851-0900][gc,heap     ] GC(92) Survivor regions: 6->7(7)
[2021-04-15T17:03:24.851-0900][gc,heap     ] GC(92) Old regions: 208->210
[2021-04-15T17:03:24.851-0900][gc,heap     ] GC(92) Archive regions: 2->2
[2021-04-15T17:03:24.851-0900][gc,heap     ] GC(92) Humongous regions: 129->129
[2021-04-15T17:03:24.851-0900][gc,metaspace] GC(92) Metaspace: 42661K(43436K)->42661K(43436K) NonClass: 37512K(38060K)->37512K(38060K) Class: 5148K(5376K)->5148K(5376K)
[2021-04-15T17:03:24.852-0900][gc          ] GC(92) Pause Young (Normal) (G1 Evacuation Pause) 387M->345M(1024M) 27.831ms
[2021-04-15T17:03:24.852-0900][gc,cpu      ] GC(92) User=0.05s Sys=0.04s Real=0.03s
[2021-04-15T17:06:32.938-0900][gc,start    ] GC(93) Pause Young (Normal) (G1 Evacuation Pause)
[2021-04-15T17:06:32.939-0900][gc,task     ] GC(93) Using 8 workers of 8 for evacuation
[2021-04-15T17:06:32.962-0900][gc,mmu      ] GC(93) MMU target violated: 21.0ms (20.0ms/21.0ms)
[2021-04-15T17:06:32.962-0900][gc,phases   ] GC(93)   Pre Evacuate Collection Set: 1.3ms
[2021-04-15T17:06:32.963-0900][gc,phases   ] GC(93)   Merge Heap Roots: 0.2ms
[2021-04-15T17:06:32.963-0900][gc,phases   ] GC(93)   Evacuate Collection Set: 19.3ms
[2021-04-15T17:06:32.963-0900][gc,phases   ] GC(93)   Post Evacuate Collection Set: 2.3ms
[2021-04-15T17:06:32.963-0900][gc,phases   ] GC(93)   Other: 1.7ms
[2021-04-15T17:06:32.963-0900][gc,heap     ] GC(93) Eden regions: 44->0(52)
[2021-04-15T17:06:32.963-0900][gc,heap     ] GC(93) Survivor regions: 7->4(7)
[2021-04-15T17:06:32.963-0900][gc,heap     ] GC(93) Old regions: 210->215
[2021-04-15T17:06:32.963-0900][gc,heap     ] GC(93) Archive regions: 2->2
[2021-04-15T17:06:32.963-0900][gc,heap     ] GC(93) Humongous regions: 129->129
[2021-04-15T17:06:32.963-0900][gc,metaspace] GC(93) Metaspace: 42661K(43436K)->42661K(43436K) NonClass: 37512K(38060K)->37512K(38060K) Class: 5148K(5376K)->5148K(5376K)
[2021-04-15T17:06:32.963-0900][gc          ] GC(93) Pause Young (Normal) (G1 Evacuation Pause) 389M->347M(1024M) 25.013ms
[2021-04-15T17:06:32.963-0900][gc,cpu      ] GC(93) User=0.05s Sys=0.04s Real=0.03s
[2021-04-15T17:10:18.480-0900][gc,start    ] GC(94) Pause Young (Normal) (G1 Evacuation Pause)
[2021-04-15T17:10:18.480-0900][gc,task     ] GC(94) Using 8 workers of 8 for evacuation
[2021-04-15T17:10:18.501-0900][gc,mmu      ] GC(94) MMU target violated: 21.0ms (20.0ms/21.0ms)
[2021-04-15T17:10:18.502-0900][gc,phases   ] GC(94)   Pre Evacuate Collection Set: 0.4ms
[2021-04-15T17:10:18.502-0900][gc,phases   ] GC(94)   Merge Heap Roots: 0.2ms
[2021-04-15T17:10:18.502-0900][gc,phases   ] GC(94)   Evacuate Collection Set: 19.5ms
[2021-04-15T17:10:18.502-0900][gc,phases   ] GC(94)   Post Evacuate Collection Set: 1.0ms
[2021-04-15T17:10:18.502-0900][gc,phases   ] GC(94)   Other: 1.2ms
[2021-04-15T17:10:18.502-0900][gc,heap     ] GC(94) Eden regions: 52->0(44)
[2021-04-15T17:10:18.502-0900][gc,heap     ] GC(94) Survivor regions: 4->7(7)
[2021-04-15T17:10:18.502-0900][gc,heap     ] GC(94) Old regions: 215->215
[2021-04-15T17:10:18.502-0900][gc,heap     ] GC(94) Archive regions: 2->2
[2021-04-15T17:10:18.502-0900][gc,heap     ] GC(94) Humongous regions: 129->129
[2021-04-15T17:10:18.502-0900][gc,metaspace] GC(94) Metaspace: 42661K(43436K)->42661K(43436K) NonClass: 37512K(38060K)->37512K(38060K) Class: 5148K(5376K)->5148K(5376K)
[2021-04-15T17:10:18.502-0900][gc          ] GC(94) Pause Young (Normal) (G1 Evacuation Pause) 399M->351M(1024M) 22.293ms
[2021-04-15T17:10:18.502-0900][gc,cpu      ] GC(94) User=0.05s Sys=0.02s Real=0.02s
[2021-04-15T17:13:27.049-0900][gc,start    ] GC(95) Pause Young (Normal) (G1 Evacuation Pause)
[2021-04-15T17:13:27.055-0900][gc,task     ] GC(95) Using 8 workers of 8 for evacuation
[2021-04-15T17:13:27.087-0900][gc,mmu      ] GC(95) MMU target violated: 21.0ms (20.0ms/21.0ms)
[2021-04-15T17:13:27.087-0900][gc,phases   ] GC(95)   Pre Evacuate Collection Set: 1.2ms
[2021-04-15T17:13:27.087-0900][gc,phases   ] GC(95)   Merge Heap Roots: 0.2ms
[2021-04-15T17:13:27.087-0900][gc,phases   ] GC(95)   Evacuate Collection Set: 28.7ms
[2021-04-15T17:13:27.087-0900][gc,phases   ] GC(95)   Post Evacuate Collection Set: 1.8ms
[2021-04-15T17:13:27.087-0900][gc,phases   ] GC(95)   Other: 6.0ms
[2021-04-15T17:13:27.087-0900][gc,heap     ] GC(95) Eden regions: 44->0(62)
[2021-04-15T17:13:27.087-0900][gc,heap     ] GC(95) Survivor regions: 7->4(7)
[2021-04-15T17:13:27.087-0900][gc,heap     ] GC(95) Old regions: 215->220
[2021-04-15T17:13:27.087-0900][gc,heap     ] GC(95) Archive regions: 2->2
[2021-04-15T17:13:27.087-0900][gc,heap     ] GC(95) Humongous regions: 129->129
[2021-04-15T17:13:27.087-0900][gc,metaspace] GC(95) Metaspace: 42663K(43436K)->42663K(43436K) NonClass: 37514K(38060K)->37514K(38060K) Class: 5148K(5376K)->5148K(5376K)
[2021-04-15T17:13:27.088-0900][gc          ] GC(95) Pause Young (Normal) (G1 Evacuation Pause) 395M->353M(1024M) 38.076ms
[2021-04-15T17:13:27.088-0900][gc,cpu      ] GC(95) User=0.05s Sys=0.03s Real=0.04s
[2021-04-15T17:17:53.899-0900][gc,start    ] GC(96) Pause Young (Normal) (G1 Evacuation Pause)
[2021-04-15T17:17:53.911-0900][gc,task     ] GC(96) Using 8 workers of 8 for evacuation
[2021-04-15T17:17:53.989-0900][gc,mmu      ] GC(96) MMU target violated: 21.0ms (20.0ms/21.0ms)
[2021-04-15T17:17:53.989-0900][gc,phases   ] GC(96)   Pre Evacuate Collection Set: 0.6ms
[2021-04-15T17:17:53.989-0900][gc,phases   ] GC(96)   Merge Heap Roots: 0.2ms
[2021-04-15T17:17:53.989-0900][gc,phases   ] GC(96)   Evacuate Collection Set: 76.1ms
[2021-04-15T17:17:53.989-0900][gc,phases   ] GC(96)   Post Evacuate Collection Set: 1.1ms
[2021-04-15T17:17:53.989-0900][gc,phases   ] GC(96)   Other: 12.0ms
[2021-04-15T17:17:53.989-0900][gc,heap     ] GC(96) Eden regions: 62->0(43)
[2021-04-15T17:17:53.989-0900][gc,heap     ] GC(96) Survivor regions: 4->8(9)
[2021-04-15T17:17:53.989-0900][gc,heap     ] GC(96) Old regions: 220->220
[2021-04-15T17:17:53.989-0900][gc,heap     ] GC(96) Archive regions: 2->2
[2021-04-15T17:17:53.989-0900][gc,heap     ] GC(96) Humongous regions: 129->129
[2021-04-15T17:17:53.989-0900][gc,metaspace] GC(96) Metaspace: 42663K(43436K)->42663K(43436K) NonClass: 37514K(38060K)->37514K(38060K) Class: 5148K(5376K)->5148K(5376K)
[2021-04-15T17:17:53.989-0900][gc          ] GC(96) Pause Young (Normal) (G1 Evacuation Pause) 415M->356M(1024M) 90.156ms
[2021-04-15T17:17:53.989-0900][gc,cpu      ] GC(96) User=0.06s Sys=0.07s Real=0.09s
[2021-04-15T17:20:58.673-0900][gc,start    ] GC(97) Pause Young (Normal) (G1 Evacuation Pause)
[2021-04-15T17:20:58.674-0900][gc,task     ] GC(97) Using 8 workers of 8 for evacuation
[2021-04-15T17:20:58.694-0900][gc,phases   ] GC(97)   Pre Evacuate Collection Set: 0.4ms
[2021-04-15T17:20:58.694-0900][gc,phases   ] GC(97)   Merge Heap Roots: 0.2ms
[2021-04-15T17:20:58.694-0900][gc,phases   ] GC(97)   Evacuate Collection Set: 19.1ms
[2021-04-15T17:20:58.694-0900][gc,phases   ] GC(97)   Post Evacuate Collection Set: 0.4ms
[2021-04-15T17:20:58.694-0900][gc,phases   ] GC(97)   Other: 0.9ms
[2021-04-15T17:20:58.694-0900][gc,heap     ] GC(97) Eden regions: 43->0(46)
[2021-04-15T17:20:58.694-0900][gc,heap     ] GC(97) Survivor regions: 8->5(7)
[2021-04-15T17:20:58.694-0900][gc,heap     ] GC(97) Old regions: 220->226
[2021-04-15T17:20:58.694-0900][gc,heap     ] GC(97) Archive regions: 2->2
[2021-04-15T17:20:58.694-0900][gc,heap     ] GC(97) Humongous regions: 129->129
[2021-04-15T17:20:58.694-0900][gc,metaspace] GC(97) Metaspace: 42663K(43436K)->42663K(43436K) NonClass: 37514K(38060K)->37514K(38060K) Class: 5148K(5376K)->5148K(5376K)
[2021-04-15T17:20:58.694-0900][gc          ] GC(97) Pause Young (Normal) (G1 Evacuation Pause) 399M->359M(1024M) 20.916ms
[2021-04-15T17:20:58.694-0900][gc,cpu      ] GC(97) User=0.07s Sys=0.01s Real=0.02s
[2021-04-15T17:24:16.339-0900][gc,start    ] GC(98) Pause Young (Normal) (G1 Evacuation Pause)
[2021-04-15T17:24:16.340-0900][gc,task     ] GC(98) Using 8 workers of 8 for evacuation
[2021-04-15T17:24:16.359-0900][gc,phases   ] GC(98)   Pre Evacuate Collection Set: 1.1ms
[2021-04-15T17:24:16.359-0900][gc,phases   ] GC(98)   Merge Heap Roots: 0.2ms
[2021-04-15T17:24:16.359-0900][gc,phases   ] GC(98)   Evacuate Collection Set: 14.9ms
[2021-04-15T17:24:16.359-0900][gc,phases   ] GC(98)   Post Evacuate Collection Set: 2.4ms
[2021-04-15T17:24:16.359-0900][gc,phases   ] GC(98)   Other: 1.6ms
[2021-04-15T17:24:16.359-0900][gc,heap     ] GC(98) Eden regions: 46->0(47)
[2021-04-15T17:24:16.359-0900][gc,heap     ] GC(98) Survivor regions: 5->4(7)
[2021-04-15T17:24:16.359-0900][gc,heap     ] GC(98) Old regions: 226->228
[2021-04-15T17:24:16.359-0900][gc,heap     ] GC(98) Archive regions: 2->2
[2021-04-15T17:24:16.359-0900][gc,heap     ] GC(98) Humongous regions: 129->129
[2021-04-15T17:24:16.359-0900][gc,metaspace] GC(98) Metaspace: 42663K(43692K)->42663K(43692K) NonClass: 37514K(38316K)->37514K(38316K) Class: 5148K(5376K)->5148K(5376K)
[2021-04-15T17:24:16.359-0900][gc          ] GC(98) Pause Young (Normal) (G1 Evacuation Pause) 405M->361M(1024M) 20.383ms
[2021-04-15T17:24:16.360-0900][gc,cpu      ] GC(98) User=0.05s Sys=0.02s Real=0.03s
[2021-04-15T17:27:38.461-0900][gc,start    ] GC(99) Pause Young (Concurrent Start) (G1 Evacuation Pause)
[2021-04-15T17:27:38.462-0900][gc,task     ] GC(99) Using 8 workers of 8 for evacuation
[2021-04-15T17:27:38.506-0900][gc,mmu      ] GC(99) MMU target violated: 21.0ms (20.0ms/21.0ms)
[2021-04-15T17:27:38.506-0900][gc,phases   ] GC(99)   Pre Evacuate Collection Set: 3.3ms
[2021-04-15T17:27:38.506-0900][gc,phases   ] GC(99)   Merge Heap Roots: 0.2ms
[2021-04-15T17:27:38.506-0900][gc,phases   ] GC(99)   Evacuate Collection Set: 36.7ms
[2021-04-15T17:27:38.506-0900][gc,phases   ] GC(99)   Post Evacuate Collection Set: 1.2ms
[2021-04-15T17:27:38.506-0900][gc,phases   ] GC(99)   Other: 3.7ms
[2021-04-15T17:27:38.506-0900][gc,heap     ] GC(99) Eden regions: 47->0(48)
[2021-04-15T17:27:38.506-0900][gc,heap     ] GC(99) Survivor regions: 4->3(7)
[2021-04-15T17:27:38.506-0900][gc,heap     ] GC(99) Old regions: 228->231
[2021-04-15T17:27:38.506-0900][gc,heap     ] GC(99) Archive regions: 2->2
[2021-04-15T17:27:38.506-0900][gc,heap     ] GC(99) Humongous regions: 129->129
[2021-04-15T17:27:38.506-0900][gc,metaspace] GC(99) Metaspace: 42663K(43692K)->42663K(43692K) NonClass: 37514K(38316K)->37514K(38316K) Class: 5148K(5376K)->5148K(5376K)
[2021-04-15T17:27:38.506-0900][gc          ] GC(99) Pause Young (Concurrent Start) (G1 Evacuation Pause) 408M->363M(1024M) 45.271ms
[2021-04-15T17:27:38.506-0900][gc,cpu      ] GC(99) User=0.07s Sys=0.05s Real=0.04s
[2021-04-15T17:27:38.507-0900][gc          ] GC(100) Concurrent Cycle
[2021-04-15T17:27:38.507-0900][gc,marking  ] GC(100) Concurrent Clear Claimed Marks
[2021-04-15T17:27:38.507-0900][gc,marking  ] GC(100) Concurrent Clear Claimed Marks 0.116ms
[2021-04-15T17:27:38.507-0900][gc,marking  ] GC(100) Concurrent Scan Root Regions
[2021-04-15T17:27:38.532-0900][gc,marking  ] GC(100) Concurrent Scan Root Regions 25.341ms
[2021-04-15T17:27:38.532-0900][gc,marking  ] GC(100) Concurrent Mark (20624.282s)
[2021-04-15T17:27:38.532-0900][gc,marking  ] GC(100) Concurrent Mark From Roots
[2021-04-15T17:27:38.532-0900][gc,task     ] GC(100) Using 2 workers of 2 for marking
[2021-04-15T17:27:38.638-0900][gc,marking  ] GC(100) Concurrent Mark From Roots 105.498ms
[2021-04-15T17:27:38.638-0900][gc,marking  ] GC(100) Concurrent Preclean
[2021-04-15T17:27:38.638-0900][gc,marking  ] GC(100) Concurrent Preclean 0.219ms
[2021-04-15T17:27:38.638-0900][gc,marking  ] GC(100) Concurrent Mark (20624.282s, 20624.388s) 105.781ms
[2021-04-15T17:27:38.639-0900][gc,start    ] GC(100) Pause Remark
[2021-04-15T17:27:38.952-0900][gc,mmu      ] GC(100) MMU target violated: 21.0ms (20.0ms/21.0ms)
[2021-04-15T17:27:38.953-0900][gc          ] GC(100) Pause Remark 363M->272M(1024M) 314.057ms
[2021-04-15T17:27:38.953-0900][gc,cpu      ] GC(100) User=0.03s Sys=0.13s Real=0.32s
[2021-04-15T17:27:38.953-0900][gc,marking  ] GC(100) Concurrent Rebuild Remembered Sets
[2021-04-15T17:27:39.072-0900][gc,marking  ] GC(100) Concurrent Rebuild Remembered Sets 118.472ms
[2021-04-15T17:27:39.099-0900][gc,start    ] GC(100) Pause Cleanup
[2021-04-15T17:27:39.112-0900][gc          ] GC(100) Pause Cleanup 273M->273M(1024M) 13.179ms
[2021-04-15T17:27:39.112-0900][gc,cpu      ] GC(100) User=0.00s Sys=0.00s Real=0.02s
[2021-04-15T17:27:39.112-0900][gc,marking  ] GC(100) Concurrent Cleanup for Next Mark
[2021-04-15T17:27:39.116-0900][gc,marking  ] GC(100) Concurrent Cleanup for Next Mark 3.654ms
[2021-04-15T17:27:39.116-0900][gc          ] GC(100) Concurrent Cycle 609.213ms
[2021-04-15T17:31:06.115-0900][gc,start    ] GC(101) Pause Young (Prepare Mixed) (G1 Evacuation Pause)
[2021-04-15T17:31:06.116-0900][gc,task     ] GC(101) Using 8 workers of 8 for evacuation
[2021-04-15T17:31:06.175-0900][gc,mmu      ] GC(101) MMU target violated: 21.0ms (20.0ms/21.0ms)
[2021-04-15T17:31:06.175-0900][gc,phases   ] GC(101)   Pre Evacuate Collection Set: 7.3ms
[2021-04-15T17:31:06.175-0900][gc,phases   ] GC(101)   Merge Heap Roots: 1.1ms
[2021-04-15T17:31:06.175-0900][gc,phases   ] GC(101)   Evacuate Collection Set: 41.3ms
[2021-04-15T17:31:06.175-0900][gc,phases   ] GC(101)   Post Evacuate Collection Set: 8.5ms
[2021-04-15T17:31:06.175-0900][gc,phases   ] GC(101)   Other: 1.9ms
[2021-04-15T17:31:06.175-0900][gc,heap     ] GC(101) Eden regions: 48->0(44)
[2021-04-15T17:31:06.175-0900][gc,heap     ] GC(101) Survivor regions: 3->7(7)
[2021-04-15T17:31:06.176-0900][gc,heap     ] GC(101) Old regions: 140->140
[2021-04-15T17:31:06.176-0900][gc,heap     ] GC(101) Archive regions: 2->2
[2021-04-15T17:31:06.176-0900][gc,heap     ] GC(101) Humongous regions: 129->129
[2021-04-15T17:31:06.176-0900][gc,metaspace] GC(101) Metaspace: 42621K(43692K)->42621K(43692K) NonClass: 37481K(38316K)->37481K(38316K) Class: 5140K(5376K)->5140K(5376K)
[2021-04-15T17:31:06.176-0900][gc          ] GC(101) Pause Young (Prepare Mixed) (G1 Evacuation Pause) 320M->276M(1024M) 60.465ms
[2021-04-15T17:31:06.176-0900][gc,cpu      ] GC(101) User=0.06s Sys=0.08s Real=0.06s
[2021-04-15T17:34:16.170-0900][gc,start    ] GC(102) Pause Young (Mixed) (G1 Evacuation Pause)
[2021-04-15T17:34:16.172-0900][gc,task     ] GC(102) Using 8 workers of 8 for evacuation
[2021-04-15T17:34:16.209-0900][gc,mmu      ] GC(102) MMU target violated: 21.0ms (20.0ms/21.0ms)
[2021-04-15T17:34:16.209-0900][gc,phases   ] GC(102)   Pre Evacuate Collection Set: 0.9ms
[2021-04-15T17:34:16.209-0900][gc,phases   ] GC(102)   Merge Heap Roots: 0.7ms
[2021-04-15T17:34:16.209-0900][gc,phases   ] GC(102)   Evacuate Collection Set: 28.9ms
[2021-04-15T17:34:16.210-0900][gc,phases   ] GC(102)   Post Evacuate Collection Set: 6.8ms
[2021-04-15T17:34:16.210-0900][gc,phases   ] GC(102)   Other: 2.5ms
[2021-04-15T17:34:16.210-0900][gc,heap     ] GC(102) Eden regions: 44->0(47)
[2021-04-15T17:34:16.210-0900][gc,heap     ] GC(102) Survivor regions: 7->4(7)
[2021-04-15T17:34:16.210-0900][gc,heap     ] GC(102) Old regions: 140->129
[2021-04-15T17:34:16.210-0900][gc,heap     ] GC(102) Archive regions: 2->2
[2021-04-15T17:34:16.210-0900][gc,heap     ] GC(102) Humongous regions: 129->129
[2021-04-15T17:34:16.210-0900][gc,metaspace] GC(102) Metaspace: 42621K(43692K)->42621K(43692K) NonClass: 37481K(38316K)->37481K(38316K) Class: 5140K(5376K)->5140K(5376K)
[2021-04-15T17:34:16.210-0900][gc          ] GC(102) Pause Young (Mixed) (G1 Evacuation Pause) 320M->261M(1024M) 40.101ms
[2021-04-15T17:34:16.210-0900][gc,cpu      ] GC(102) User=0.05s Sys=0.05s Real=0.04s
[2021-04-15T17:37:38.104-0900][gc,start    ] GC(103) Pause Young (Mixed) (G1 Evacuation Pause)
[2021-04-15T17:37:38.105-0900][gc,task     ] GC(103) Using 8 workers of 8 for evacuation
[2021-04-15T17:37:38.158-0900][gc,mmu      ] GC(103) MMU target violated: 21.0ms (20.0ms/21.0ms)
[2021-04-15T17:37:38.158-0900][gc,phases   ] GC(103)   Pre Evacuate Collection Set: 1.8ms
[2021-04-15T17:37:38.158-0900][gc,phases   ] GC(103)   Merge Heap Roots: 1.2ms
[2021-04-15T17:37:38.158-0900][gc,phases   ] GC(103)   Evacuate Collection Set: 40.6ms
[2021-04-15T17:37:38.158-0900][gc,phases   ] GC(103)   Post Evacuate Collection Set: 8.0ms
[2021-04-15T17:37:38.158-0900][gc,phases   ] GC(103)   Other: 3.0ms
[2021-04-15T17:37:38.158-0900][gc,heap     ] GC(103) Eden regions: 47->0(44)
[2021-04-15T17:37:38.158-0900][gc,heap     ] GC(103) Survivor regions: 4->7(7)
[2021-04-15T17:37:38.158-0900][gc,heap     ] GC(103) Old regions: 129->113
[2021-04-15T17:37:38.158-0900][gc,heap     ] GC(103) Archive regions: 2->2
[2021-04-15T17:37:38.158-0900][gc,heap     ] GC(103) Humongous regions: 129->129
[2021-04-15T17:37:38.158-0900][gc,metaspace] GC(103) Metaspace: 42621K(43692K)->42621K(43692K) NonClass: 37481K(38316K)->37481K(38316K) Class: 5140K(5376K)->5140K(5376K)
[2021-04-15T17:37:38.158-0900][gc          ] GC(103) Pause Young (Mixed) (G1 Evacuation Pause) 308M->249M(1024M) 53.655ms
[2021-04-15T17:37:38.158-0900][gc,cpu      ] GC(103) User=0.05s Sys=0.06s Real=0.05s
[2021-04-15T17:40:46.349-0900][gc,start    ] GC(104) Pause Young (Mixed) (G1 Evacuation Pause)
[2021-04-15T17:40:46.350-0900][gc,task     ] GC(104) Using 8 workers of 8 for evacuation
[2021-04-15T17:40:46.412-0900][gc,mmu      ] GC(104) MMU target violated: 21.0ms (20.0ms/21.0ms)
[2021-04-15T17:40:46.412-0900][gc,phases   ] GC(104)   Pre Evacuate Collection Set: 1.6ms
[2021-04-15T17:40:46.412-0900][gc,phases   ] GC(104)   Merge Heap Roots: 0.4ms
[2021-04-15T17:40:46.412-0900][gc,phases   ] GC(104)   Evacuate Collection Set: 40.8ms
[2021-04-15T17:40:46.412-0900][gc,phases   ] GC(104)   Post Evacuate Collection Set: 19.0ms
[2021-04-15T17:40:46.412-0900][gc,phases   ] GC(104)   Other: 1.5ms
[2021-04-15T17:40:46.412-0900][gc,heap     ] GC(104) Eden regions: 44->0(47)
[2021-04-15T17:40:46.412-0900][gc,heap     ] GC(104) Survivor regions: 7->4(7)
[2021-04-15T17:40:46.412-0900][gc,heap     ] GC(104) Old regions: 113->102
[2021-04-15T17:40:46.412-0900][gc,heap     ] GC(104) Archive regions: 2->2
[2021-04-15T17:40:46.412-0900][gc,heap     ] GC(104) Humongous regions: 129->129
[2021-04-15T17:40:46.412-0900][gc,metaspace] GC(104) Metaspace: 42621K(43692K)->42621K(43692K) NonClass: 37481K(38316K)->37481K(38316K) Class: 5140K(5376K)->5140K(5376K)
[2021-04-15T17:40:46.412-0900][gc          ] GC(104) Pause Young (Mixed) (G1 Evacuation Pause) 293M->235M(1024M) 63.326ms
[2021-04-15T17:40:46.412-0900][gc,cpu      ] GC(104) User=0.05s Sys=0.07s Real=0.07s
[2021-04-15T17:44:00.109-0900][gc,start    ] GC(105) Pause Young (Mixed) (G1 Evacuation Pause)
[2021-04-15T17:44:00.122-0900][gc,task     ] GC(105) Using 8 workers of 8 for evacuation
[2021-04-15T17:44:00.159-0900][gc,mmu      ] GC(105) MMU target violated: 21.0ms (20.0ms/21.0ms)
[2021-04-15T17:44:00.159-0900][gc,phases   ] GC(105)   Pre Evacuate Collection Set: 1.1ms
[2021-04-15T17:44:00.159-0900][gc,phases   ] GC(105)   Merge Heap Roots: 1.0ms
[2021-04-15T17:44:00.159-0900][gc,phases   ] GC(105)   Evacuate Collection Set: 30.9ms
[2021-04-15T17:44:00.159-0900][gc,phases   ] GC(105)   Post Evacuate Collection Set: 3.7ms
[2021-04-15T17:44:00.160-0900][gc,phases   ] GC(105)   Other: 14.2ms
[2021-04-15T17:44:00.160-0900][gc,heap     ] GC(105) Eden regions: 47->0(44)
[2021-04-15T17:44:00.160-0900][gc,heap     ] GC(105) Survivor regions: 4->7(7)
[2021-04-15T17:44:00.160-0900][gc,heap     ] GC(105) Old regions: 102->88
[2021-04-15T17:44:00.160-0900][gc,heap     ] GC(105) Archive regions: 2->2
[2021-04-15T17:44:00.160-0900][gc,heap     ] GC(105) Humongous regions: 129->129
[2021-04-15T17:44:00.160-0900][gc,metaspace] GC(105) Metaspace: 42621K(43692K)->42621K(43692K) NonClass: 37481K(38316K)->37481K(38316K) Class: 5140K(5376K)->5140K(5376K)
[2021-04-15T17:44:00.160-0900][gc          ] GC(105) Pause Young (Mixed) (G1 Evacuation Pause) 282M->224M(1024M) 50.978ms
[2021-04-15T17:44:00.160-0900][gc,cpu      ] GC(105) User=0.06s Sys=0.06s Real=0.06s
[2021-04-15T17:48:41.264-0900][gc,heap,exit] Heap
[2021-04-15T17:48:41.264-0900][gc,heap,exit]  garbage-first heap   total 1048576K, used 262408K [0x00000007c0000000, 0x0000000800000000)
[2021-04-15T17:48:41.264-0900][gc,heap,exit]   region size 1024K, 41 young (41984K), 7 survivors (7168K)
[2021-04-15T17:48:41.264-0900][gc,heap,exit]  Metaspace       used 43257K, capacity 43823K, committed 44332K, reserved 1087488K
[2021-04-15T17:48:41.264-0900][gc,heap,exit]   class space    used 5271K, capacity 5456K, committed 5504K, reserved 1048576K
