[2021-04-19T11:01:54.394-0900][gc] Using G1
[2021-04-19T11:01:54.401-0900][gc,init] Version: 15.0.2+7-27 (release)
[2021-04-19T11:01:54.401-0900][gc,init] CPUs: 8 total, 8 available
[2021-04-19T11:01:54.401-0900][gc,init] Memory: 8192M
[2021-04-19T11:01:54.401-0900][gc,init] Large Page Support: Disabled
[2021-04-19T11:01:54.401-0900][gc,init] NUMA Support: Disabled
[2021-04-19T11:01:54.401-0900][gc,init] Compressed Oops: Enabled (Zero based)
[2021-04-19T11:01:54.401-0900][gc,init] Heap Region Size: 1M
[2021-04-19T11:01:54.401-0900][gc,init] Heap Min Capacity: 1G
[2021-04-19T11:01:54.401-0900][gc,init] Heap Initial Capacity: 1G
[2021-04-19T11:01:54.401-0900][gc,init] Heap Max Capacity: 1G
[2021-04-19T11:01:54.401-0900][gc,init] Pre-touch: Disabled
[2021-04-19T11:01:54.401-0900][gc,init] Parallel Workers: 8
[2021-04-19T11:01:54.401-0900][gc,init] Concurrent Workers: 2
[2021-04-19T11:01:54.401-0900][gc,init] Concurrent Refinement Workers: 8
[2021-04-19T11:01:54.401-0900][gc,init] Periodic GC: Disabled
[2021-04-19T11:01:54.401-0900][gc,cds ] Mark closed archive regions in map: [0x00000007fff00000, 0x00000007fff78ff8]
[2021-04-19T11:01:54.401-0900][gc,cds ] Mark open archive regions in map: [0x00000007ffe00000, 0x00000007ffe50ff8]
[2021-04-19T11:01:54.401-0900][gc,metaspace] CDS archive(s) mapped at: [0x0000000800000000-0x0000000800b2d000-0x0000000800b2d000), size 11718656, SharedBaseAddress: 0x0000000800000000, ArchiveRelocationMode: 0.
[2021-04-19T11:01:54.401-0900][gc,metaspace] Compressed class space mapped at: 0x0000000800b30000-0x0000000840b30000, size: 1073741824
[2021-04-19T11:01:54.401-0900][gc,metaspace] Narrow klass base: 0x0000000800000000, Narrow klass shift: 3, Narrow klass range: 0x100000000
[2021-04-19T11:01:56.052-0900][gc,start    ] GC(0) Pause Young (Normal) (G1 Evacuation Pause)
[2021-04-19T11:01:56.052-0900][gc,task     ] GC(0) Using 8 workers of 8 for evacuation
[2021-04-19T11:01:56.063-0900][gc,phases   ] GC(0)   Pre Evacuate Collection Set: 0.2ms
[2021-04-19T11:01:56.063-0900][gc,phases   ] GC(0)   Merge Heap Roots: 0.1ms
[2021-04-19T11:01:56.063-0900][gc,phases   ] GC(0)   Evacuate Collection Set: 9.4ms
[2021-04-19T11:01:56.063-0900][gc,phases   ] GC(0)   Post Evacuate Collection Set: 0.3ms
[2021-04-19T11:01:56.063-0900][gc,phases   ] GC(0)   Other: 0.6ms
[2021-04-19T11:01:56.063-0900][gc,heap     ] GC(0) Eden regions: 51->0(44)
[2021-04-19T11:01:56.063-0900][gc,heap     ] GC(0) Survivor regions: 0->7(7)
[2021-04-19T11:01:56.063-0900][gc,heap     ] GC(0) Old regions: 0->0
[2021-04-19T11:01:56.063-0900][gc,heap     ] GC(0) Archive regions: 2->2
[2021-04-19T11:01:56.063-0900][gc,heap     ] GC(0) Humongous regions: 0->0
[2021-04-19T11:01:56.063-0900][gc,metaspace] GC(0) Metaspace: 19807K(20352K)->19807K(20352K) NonClass: 17185K(17664K)->17185K(17664K) Class: 2621K(2688K)->2621K(2688K)
[2021-04-19T11:01:56.063-0900][gc          ] GC(0) Pause Young (Normal) (G1 Evacuation Pause) 51M->7M(1024M) 10.698ms
[2021-04-19T11:01:56.063-0900][gc,cpu      ] GC(0) User=0.01s Sys=0.01s Real=0.01s
[2021-04-19T11:01:56.179-0900][gc,start    ] GC(1) Pause Young (Concurrent Start) (Metadata GC Threshold)
[2021-04-19T11:01:56.179-0900][gc,task     ] GC(1) Using 8 workers of 8 for evacuation
[2021-04-19T11:01:56.186-0900][gc,phases   ] GC(1)   Pre Evacuate Collection Set: 0.1ms
[2021-04-19T11:01:56.186-0900][gc,phases   ] GC(1)   Merge Heap Roots: 0.0ms
[2021-04-19T11:01:56.186-0900][gc,phases   ] GC(1)   Evacuate Collection Set: 6.9ms
[2021-04-19T11:01:56.186-0900][gc,phases   ] GC(1)   Post Evacuate Collection Set: 0.2ms
[2021-04-19T11:01:56.186-0900][gc,phases   ] GC(1)   Other: 0.2ms
[2021-04-19T11:01:56.186-0900][gc,heap     ] GC(1) Eden regions: 4->0(50)
[2021-04-19T11:01:56.186-0900][gc,heap     ] GC(1) Survivor regions: 7->1(7)
[2021-04-19T11:01:56.186-0900][gc,heap     ] GC(1) Old regions: 0->7
[2021-04-19T11:01:56.186-0900][gc,heap     ] GC(1) Archive regions: 2->2
[2021-04-19T11:01:56.186-0900][gc,heap     ] GC(1) Humongous regions: 0->0
[2021-04-19T11:01:56.186-0900][gc,metaspace] GC(1) Metaspace: 20532K(21248K)->20532K(21248K) NonClass: 17798K(18432K)->17798K(18432K) Class: 2733K(2816K)->2733K(2816K)
[2021-04-19T11:01:56.186-0900][gc          ] GC(1) Pause Young (Concurrent Start) (Metadata GC Threshold) 11M->8M(1024M) 7.469ms
[2021-04-19T11:01:56.186-0900][gc,cpu      ] GC(1) User=0.02s Sys=0.01s Real=0.01s
[2021-04-19T11:01:56.186-0900][gc          ] GC(2) Concurrent Cycle
[2021-04-19T11:01:56.186-0900][gc,marking  ] GC(2) Concurrent Clear Claimed Marks
[2021-04-19T11:01:56.186-0900][gc,marking  ] GC(2) Concurrent Clear Claimed Marks 0.019ms
[2021-04-19T11:01:56.186-0900][gc,marking  ] GC(2) Concurrent Scan Root Regions
[2021-04-19T11:01:56.188-0900][gc,marking  ] GC(2) Concurrent Scan Root Regions 1.952ms
[2021-04-19T11:01:56.188-0900][gc,marking  ] GC(2) Concurrent Mark (1.802s)
[2021-04-19T11:01:56.188-0900][gc,marking  ] GC(2) Concurrent Mark From Roots
[2021-04-19T11:01:56.188-0900][gc,task     ] GC(2) Using 2 workers of 2 for marking
[2021-04-19T11:01:56.189-0900][gc,marking  ] GC(2) Concurrent Mark From Roots 0.647ms
[2021-04-19T11:01:56.189-0900][gc,marking  ] GC(2) Concurrent Preclean
[2021-04-19T11:01:56.189-0900][gc,marking  ] GC(2) Concurrent Preclean 0.027ms
[2021-04-19T11:01:56.189-0900][gc,marking  ] GC(2) Concurrent Mark (1.802s, 1.803s) 0.694ms
[2021-04-19T11:01:56.189-0900][gc,start    ] GC(2) Pause Remark
[2021-04-19T11:01:56.194-0900][gc          ] GC(2) Pause Remark 8M->8M(1024M) 4.389ms
[2021-04-19T11:01:56.194-0900][gc,cpu      ] GC(2) User=0.01s Sys=0.01s Real=0.01s
[2021-04-19T11:01:56.195-0900][gc,marking  ] GC(2) Concurrent Rebuild Remembered Sets
[2021-04-19T11:01:56.196-0900][gc,marking  ] GC(2) Concurrent Rebuild Remembered Sets 1.499ms
[2021-04-19T11:01:56.197-0900][gc,start    ] GC(2) Pause Cleanup
[2021-04-19T11:01:56.197-0900][gc          ] GC(2) Pause Cleanup 8M->8M(1024M) 0.091ms
[2021-04-19T11:01:56.197-0900][gc,cpu      ] GC(2) User=0.00s Sys=0.00s Real=0.00s
[2021-04-19T11:01:56.197-0900][gc,marking  ] GC(2) Concurrent Cleanup for Next Mark
[2021-04-19T11:01:56.200-0900][gc,marking  ] GC(2) Concurrent Cleanup for Next Mark 3.164ms
[2021-04-19T11:01:56.200-0900][gc          ] GC(2) Concurrent Cycle 14.086ms
[2021-04-19T11:01:57.556-0900][gc,start    ] GC(3) Pause Young (Normal) (G1 Evacuation Pause)
[2021-04-19T11:01:57.556-0900][gc,task     ] GC(3) Using 8 workers of 8 for evacuation
[2021-04-19T11:01:57.560-0900][gc,phases   ] GC(3)   Pre Evacuate Collection Set: 0.1ms
[2021-04-19T11:01:57.560-0900][gc,phases   ] GC(3)   Merge Heap Roots: 0.0ms
[2021-04-19T11:01:57.560-0900][gc,phases   ] GC(3)   Evacuate Collection Set: 3.2ms
[2021-04-19T11:01:57.560-0900][gc,phases   ] GC(3)   Post Evacuate Collection Set: 0.3ms
[2021-04-19T11:01:57.560-0900][gc,phases   ] GC(3)   Other: 0.1ms
[2021-04-19T11:01:57.560-0900][gc,heap     ] GC(3) Eden regions: 50->0(46)
[2021-04-19T11:01:57.560-0900][gc,heap     ] GC(3) Survivor regions: 1->5(7)
[2021-04-19T11:01:57.560-0900][gc,heap     ] GC(3) Old regions: 7->7
[2021-04-19T11:01:57.560-0900][gc,heap     ] GC(3) Archive regions: 2->2
[2021-04-19T11:01:57.560-0900][gc,heap     ] GC(3) Humongous regions: 129->129
[2021-04-19T11:01:57.560-0900][gc,metaspace] GC(3) Metaspace: 30074K(30976K)->30074K(30976K) NonClass: 26444K(27136K)->26444K(27136K) Class: 3629K(3840K)->3629K(3840K)
[2021-04-19T11:01:57.560-0900][gc          ] GC(3) Pause Young (Normal) (G1 Evacuation Pause) 187M->141M(1024M) 3.920ms
[2021-04-19T11:01:57.560-0900][gc,cpu      ] GC(3) User=0.02s Sys=0.00s Real=0.01s
[2021-04-19T11:01:57.938-0900][gc,start    ] GC(4) Pause Young (Concurrent Start) (Metadata GC Threshold)
[2021-04-19T11:01:57.938-0900][gc,task     ] GC(4) Using 8 workers of 8 for evacuation
[2021-04-19T11:01:57.942-0900][gc,phases   ] GC(4)   Pre Evacuate Collection Set: 0.1ms
[2021-04-19T11:01:57.942-0900][gc,phases   ] GC(4)   Merge Heap Roots: 0.0ms
[2021-04-19T11:01:57.942-0900][gc,phases   ] GC(4)   Evacuate Collection Set: 3.7ms
[2021-04-19T11:01:57.942-0900][gc,phases   ] GC(4)   Post Evacuate Collection Set: 0.3ms
[2021-04-19T11:01:57.942-0900][gc,phases   ] GC(4)   Other: 0.1ms
[2021-04-19T11:01:57.942-0900][gc,heap     ] GC(4) Eden regions: 18->0(49)
[2021-04-19T11:01:57.942-0900][gc,heap     ] GC(4) Survivor regions: 5->2(7)
[2021-04-19T11:01:57.942-0900][gc,heap     ] GC(4) Old regions: 7->12
[2021-04-19T11:01:57.942-0900][gc,heap     ] GC(4) Archive regions: 2->2
[2021-04-19T11:01:57.942-0900][gc,heap     ] GC(4) Humongous regions: 129->129
[2021-04-19T11:01:57.942-0900][gc,metaspace] GC(4) Metaspace: 34498K(35584K)->34498K(35584K) NonClass: 30494K(31488K)->30494K(31488K) Class: 4004K(4096K)->4004K(4096K)
[2021-04-19T11:01:57.942-0900][gc          ] GC(4) Pause Young (Concurrent Start) (Metadata GC Threshold) 158M->142M(1024M) 4.482ms
[2021-04-19T11:01:57.942-0900][gc,cpu      ] GC(4) User=0.02s Sys=0.00s Real=0.01s
[2021-04-19T11:01:57.942-0900][gc          ] GC(5) Concurrent Cycle
[2021-04-19T11:01:57.942-0900][gc,marking  ] GC(5) Concurrent Clear Claimed Marks
[2021-04-19T11:01:57.942-0900][gc,marking  ] GC(5) Concurrent Clear Claimed Marks 0.015ms
[2021-04-19T11:01:57.942-0900][gc,marking  ] GC(5) Concurrent Scan Root Regions
[2021-04-19T11:01:57.944-0900][gc,marking  ] GC(5) Concurrent Scan Root Regions 1.625ms
[2021-04-19T11:01:57.944-0900][gc,marking  ] GC(5) Concurrent Mark (3.558s)
[2021-04-19T11:01:57.944-0900][gc,marking  ] GC(5) Concurrent Mark From Roots
[2021-04-19T11:01:57.944-0900][gc,task     ] GC(5) Using 2 workers of 2 for marking
[2021-04-19T11:01:57.949-0900][gc,marking  ] GC(5) Concurrent Mark From Roots 5.385ms
[2021-04-19T11:01:57.949-0900][gc,marking  ] GC(5) Concurrent Preclean
[2021-04-19T11:01:57.949-0900][gc,marking  ] GC(5) Concurrent Preclean 0.041ms
[2021-04-19T11:01:57.949-0900][gc,marking  ] GC(5) Concurrent Mark (3.558s, 3.563s) 5.472ms
[2021-04-19T11:01:57.950-0900][gc,start    ] GC(5) Pause Remark
[2021-04-19T11:01:57.961-0900][gc          ] GC(5) Pause Remark 143M->143M(1024M) 11.561ms
[2021-04-19T11:01:57.961-0900][gc,cpu      ] GC(5) User=0.01s Sys=0.01s Real=0.01s
[2021-04-19T11:01:57.962-0900][gc,marking  ] GC(5) Concurrent Rebuild Remembered Sets
[2021-04-19T11:01:57.965-0900][gc,marking  ] GC(5) Concurrent Rebuild Remembered Sets 3.428ms
[2021-04-19T11:01:57.965-0900][gc,start    ] GC(5) Pause Cleanup
[2021-04-19T11:01:57.966-0900][gc          ] GC(5) Pause Cleanup 143M->143M(1024M) 0.137ms
[2021-04-19T11:01:57.966-0900][gc,cpu      ] GC(5) User=0.00s Sys=0.00s Real=0.00s
[2021-04-19T11:01:57.966-0900][gc,marking  ] GC(5) Concurrent Cleanup for Next Mark
[2021-04-19T11:01:57.969-0900][gc,marking  ] GC(5) Concurrent Cleanup for Next Mark 3.222ms
[2021-04-19T11:01:57.969-0900][gc          ] GC(5) Concurrent Cycle 26.720ms
[2021-04-19T11:03:05.986-0900][gc,start    ] GC(6) Pause Young (Normal) (G1 Evacuation Pause)
[2021-04-19T11:03:05.987-0900][gc,task     ] GC(6) Using 8 workers of 8 for evacuation
[2021-04-19T11:03:06.005-0900][gc,phases   ] GC(6)   Pre Evacuate Collection Set: 0.5ms
[2021-04-19T11:03:06.005-0900][gc,phases   ] GC(6)   Merge Heap Roots: 0.2ms
[2021-04-19T11:03:06.005-0900][gc,phases   ] GC(6)   Evacuate Collection Set: 16.6ms
[2021-04-19T11:03:06.005-0900][gc,phases   ] GC(6)   Post Evacuate Collection Set: 0.8ms
[2021-04-19T11:03:06.005-0900][gc,phases   ] GC(6)   Other: 1.6ms
[2021-04-19T11:03:06.005-0900][gc,heap     ] GC(6) Eden regions: 49->0(46)
[2021-04-19T11:03:06.005-0900][gc,heap     ] GC(6) Survivor regions: 2->5(7)
[2021-04-19T11:03:06.005-0900][gc,heap     ] GC(6) Old regions: 12->12
[2021-04-19T11:03:06.005-0900][gc,heap     ] GC(6) Archive regions: 2->2
[2021-04-19T11:03:06.005-0900][gc,heap     ] GC(6) Humongous regions: 213->129
[2021-04-19T11:03:06.005-0900][gc,metaspace] GC(6) Metaspace: 40574K(41600K)->40574K(41600K) NonClass: 35649K(36352K)->35649K(36352K) Class: 4925K(5248K)->4925K(5248K)
[2021-04-19T11:03:06.005-0900][gc          ] GC(6) Pause Young (Normal) (G1 Evacuation Pause) 275M->145M(1024M) 19.805ms
[2021-04-19T11:03:06.005-0900][gc,cpu      ] GC(6) User=0.04s Sys=0.01s Real=0.02s
[2021-04-19T11:06:08.380-0900][gc,start    ] GC(7) Pause Young (Normal) (G1 Evacuation Pause)
[2021-04-19T11:06:08.381-0900][gc,task     ] GC(7) Using 8 workers of 8 for evacuation
[2021-04-19T11:06:08.391-0900][gc,phases   ] GC(7)   Pre Evacuate Collection Set: 0.2ms
[2021-04-19T11:06:08.391-0900][gc,phases   ] GC(7)   Merge Heap Roots: 0.1ms
[2021-04-19T11:06:08.391-0900][gc,phases   ] GC(7)   Evacuate Collection Set: 10.0ms
[2021-04-19T11:06:08.391-0900][gc,phases   ] GC(7)   Post Evacuate Collection Set: 0.5ms
[2021-04-19T11:06:08.391-0900][gc,phases   ] GC(7)   Other: 0.4ms
[2021-04-19T11:06:08.391-0900][gc,heap     ] GC(7) Eden regions: 46->0(45)
[2021-04-19T11:06:08.391-0900][gc,heap     ] GC(7) Survivor regions: 5->6(7)
[2021-04-19T11:06:08.391-0900][gc,heap     ] GC(7) Old regions: 12->13
[2021-04-19T11:06:08.391-0900][gc,heap     ] GC(7) Archive regions: 2->2
[2021-04-19T11:06:08.391-0900][gc,heap     ] GC(7) Humongous regions: 129->129
[2021-04-19T11:06:08.391-0900][gc,metaspace] GC(7) Metaspace: 41257K(42112K)->41257K(42112K) NonClass: 36281K(36864K)->36281K(36864K) Class: 4976K(5248K)->4976K(5248K)
[2021-04-19T11:06:08.392-0900][gc          ] GC(7) Pause Young (Normal) (G1 Evacuation Pause) 191M->147M(1024M) 11.172ms
[2021-04-19T11:06:08.392-0900][gc,cpu      ] GC(7) User=0.03s Sys=0.01s Real=0.01s
[2021-04-19T11:09:30.836-0900][gc,start    ] GC(8) Pause Young (Normal) (G1 Evacuation Pause)
[2021-04-19T11:09:30.838-0900][gc,task     ] GC(8) Using 8 workers of 8 for evacuation
[2021-04-19T11:09:30.851-0900][gc,phases   ] GC(8)   Pre Evacuate Collection Set: 0.6ms
[2021-04-19T11:09:30.852-0900][gc,phases   ] GC(8)   Merge Heap Roots: 0.1ms
[2021-04-19T11:09:30.852-0900][gc,phases   ] GC(8)   Evacuate Collection Set: 12.5ms
[2021-04-19T11:09:30.852-0900][gc,phases   ] GC(8)   Post Evacuate Collection Set: 0.6ms
[2021-04-19T11:09:30.852-0900][gc,phases   ] GC(8)   Other: 1.2ms
[2021-04-19T11:09:30.852-0900][gc,heap     ] GC(8) Eden regions: 45->0(53)
[2021-04-19T11:09:30.852-0900][gc,heap     ] GC(8) Survivor regions: 6->4(7)
[2021-04-19T11:09:30.852-0900][gc,heap     ] GC(8) Old regions: 13->15
[2021-04-19T11:09:30.852-0900][gc,heap     ] GC(8) Archive regions: 2->2
[2021-04-19T11:09:30.852-0900][gc,heap     ] GC(8) Humongous regions: 129->129
[2021-04-19T11:09:30.852-0900][gc,metaspace] GC(8) Metaspace: 41320K(42112K)->41320K(42112K) NonClass: 36343K(36864K)->36343K(36864K) Class: 4977K(5248K)->4977K(5248K)
[2021-04-19T11:09:30.852-0900][gc          ] GC(8) Pause Young (Normal) (G1 Evacuation Pause) 192M->148M(1024M) 15.160ms
[2021-04-19T11:09:30.852-0900][gc,cpu      ] GC(8) User=0.03s Sys=0.03s Real=0.02s
[2021-04-19T11:13:33.675-0900][gc,start    ] GC(9) Pause Young (Normal) (G1 Evacuation Pause)
[2021-04-19T11:13:33.677-0900][gc,task     ] GC(9) Using 8 workers of 8 for evacuation
[2021-04-19T11:13:33.685-0900][gc,phases   ] GC(9)   Pre Evacuate Collection Set: 0.6ms
[2021-04-19T11:13:33.685-0900][gc,phases   ] GC(9)   Merge Heap Roots: 0.1ms
[2021-04-19T11:13:33.685-0900][gc,phases   ] GC(9)   Evacuate Collection Set: 6.6ms
[2021-04-19T11:13:33.685-0900][gc,phases   ] GC(9)   Post Evacuate Collection Set: 0.5ms
[2021-04-19T11:13:33.685-0900][gc,phases   ] GC(9)   Other: 1.7ms
[2021-04-19T11:13:33.685-0900][gc,heap     ] GC(9) Eden regions: 53->0(99)
[2021-04-19T11:13:33.685-0900][gc,heap     ] GC(9) Survivor regions: 4->4(8)
[2021-04-19T11:13:33.685-0900][gc,heap     ] GC(9) Old regions: 15->15
[2021-04-19T11:13:33.685-0900][gc,heap     ] GC(9) Archive regions: 2->2
[2021-04-19T11:13:33.685-0900][gc,heap     ] GC(9) Humongous regions: 129->129
[2021-04-19T11:13:33.685-0900][gc,metaspace] GC(9) Metaspace: 41482K(42368K)->41482K(42368K) NonClass: 36485K(37120K)->36485K(37120K) Class: 4996K(5248K)->4996K(5248K)
[2021-04-19T11:13:33.685-0900][gc          ] GC(9) Pause Young (Normal) (G1 Evacuation Pause) 201M->148M(1024M) 9.768ms
[2021-04-19T11:13:33.685-0900][gc,cpu      ] GC(9) User=0.03s Sys=0.01s Real=0.01s
[2021-04-19T11:21:27.063-0900][gc,start    ] GC(10) Pause Young (Normal) (G1 Evacuation Pause)
[2021-04-19T11:21:27.064-0900][gc,task     ] GC(10) Using 8 workers of 8 for evacuation
[2021-04-19T11:21:27.084-0900][gc,phases   ] GC(10)   Pre Evacuate Collection Set: 0.6ms
[2021-04-19T11:21:27.084-0900][gc,phases   ] GC(10)   Merge Heap Roots: 0.1ms
[2021-04-19T11:21:27.084-0900][gc,phases   ] GC(10)   Evacuate Collection Set: 17.6ms
[2021-04-19T11:21:27.084-0900][gc,phases   ] GC(10)   Post Evacuate Collection Set: 0.9ms
[2021-04-19T11:21:27.084-0900][gc,phases   ] GC(10)   Other: 1.1ms
[2021-04-19T11:21:27.084-0900][gc,heap     ] GC(10) Eden regions: 99->0(46)
[2021-04-19T11:21:27.084-0900][gc,heap     ] GC(10) Survivor regions: 4->7(13)
[2021-04-19T11:21:27.084-0900][gc,heap     ] GC(10) Old regions: 15->15
[2021-04-19T11:21:27.084-0900][gc,heap     ] GC(10) Archive regions: 2->2
[2021-04-19T11:21:27.084-0900][gc,heap     ] GC(10) Humongous regions: 129->129
[2021-04-19T11:21:27.084-0900][gc,metaspace] GC(10) Metaspace: 41602K(42624K)->41602K(42624K) NonClass: 36605K(37376K)->36605K(37376K) Class: 4996K(5248K)->4996K(5248K)
[2021-04-19T11:21:27.084-0900][gc          ] GC(10) Pause Young (Normal) (G1 Evacuation Pause) 247M->151M(1024M) 20.318ms
[2021-04-19T11:21:27.084-0900][gc,cpu      ] GC(10) User=0.03s Sys=0.03s Real=0.02s
[2021-04-19T11:24:53.305-0900][gc,start    ] GC(11) Pause Young (Normal) (G1 Evacuation Pause)
[2021-04-19T11:24:53.307-0900][gc,task     ] GC(11) Using 8 workers of 8 for evacuation
[2021-04-19T11:24:53.333-0900][gc,mmu      ] GC(11) MMU target violated: 21.0ms (20.0ms/21.0ms)
[2021-04-19T11:24:53.333-0900][gc,phases   ] GC(11)   Pre Evacuate Collection Set: 2.3ms
[2021-04-19T11:24:53.333-0900][gc,phases   ] GC(11)   Merge Heap Roots: 0.4ms
[2021-04-19T11:24:53.333-0900][gc,phases   ] GC(11)   Evacuate Collection Set: 22.0ms
[2021-04-19T11:24:53.333-0900][gc,phases   ] GC(11)   Post Evacuate Collection Set: 1.0ms
[2021-04-19T11:24:53.333-0900][gc,phases   ] GC(11)   Other: 2.4ms
[2021-04-19T11:24:53.333-0900][gc,heap     ] GC(11) Eden regions: 46->0(80)
[2021-04-19T11:24:53.333-0900][gc,heap     ] GC(11) Survivor regions: 7->4(7)
[2021-04-19T11:24:53.333-0900][gc,heap     ] GC(11) Old regions: 15->22
[2021-04-19T11:24:53.333-0900][gc,heap     ] GC(11) Archive regions: 2->2
[2021-04-19T11:24:53.333-0900][gc,heap     ] GC(11) Humongous regions: 129->129
[2021-04-19T11:24:53.333-0900][gc,metaspace] GC(11) Metaspace: 41791K(42624K)->41791K(42624K) NonClass: 36773K(37376K)->36773K(37376K) Class: 5018K(5248K)->5018K(5248K)
[2021-04-19T11:24:53.333-0900][gc          ] GC(11) Pause Young (Normal) (G1 Evacuation Pause) 197M->154M(1024M) 28.204ms
[2021-04-19T11:24:53.333-0900][gc,cpu      ] GC(11) User=0.05s Sys=0.03s Real=0.03s
[2021-04-19T11:30:37.949-0900][gc,start    ] GC(12) Pause Young (Normal) (G1 Evacuation Pause)
[2021-04-19T11:30:37.950-0900][gc,task     ] GC(12) Using 8 workers of 8 for evacuation
[2021-04-19T11:30:37.978-0900][gc,mmu      ] GC(12) MMU target violated: 21.0ms (20.0ms/21.0ms)
[2021-04-19T11:30:37.978-0900][gc,phases   ] GC(12)   Pre Evacuate Collection Set: 0.8ms
[2021-04-19T11:30:37.978-0900][gc,phases   ] GC(12)   Merge Heap Roots: 0.2ms
[2021-04-19T11:30:37.978-0900][gc,phases   ] GC(12)   Evacuate Collection Set: 25.1ms
[2021-04-19T11:30:37.978-0900][gc,phases   ] GC(12)   Post Evacuate Collection Set: 1.7ms
[2021-04-19T11:30:37.978-0900][gc,phases   ] GC(12)   Other: 1.5ms
[2021-04-19T11:30:37.978-0900][gc,heap     ] GC(12) Eden regions: 80->0(42)
[2021-04-19T11:30:37.978-0900][gc,heap     ] GC(12) Survivor regions: 4->9(11)
[2021-04-19T11:30:37.978-0900][gc,heap     ] GC(12) Old regions: 22->22
[2021-04-19T11:30:37.978-0900][gc,heap     ] GC(12) Archive regions: 2->2
[2021-04-19T11:30:37.978-0900][gc,heap     ] GC(12) Humongous regions: 129->129
[2021-04-19T11:30:37.978-0900][gc,metaspace] GC(12) Metaspace: 41830K(42624K)->41830K(42624K) NonClass: 36812K(37376K)->36812K(37376K) Class: 5018K(5248K)->5018K(5248K)
[2021-04-19T11:30:37.978-0900][gc          ] GC(12) Pause Young (Normal) (G1 Evacuation Pause) 234M->159M(1024M) 29.461ms
[2021-04-19T11:30:37.978-0900][gc,cpu      ] GC(12) User=0.06s Sys=0.03s Real=0.03s
[2021-04-19T11:33:34.162-0900][gc,start    ] GC(13) Pause Young (Normal) (G1 Evacuation Pause)
[2021-04-19T11:33:34.164-0900][gc,task     ] GC(13) Using 8 workers of 8 for evacuation
[2021-04-19T11:33:34.186-0900][gc,mmu      ] GC(13) MMU target violated: 21.0ms (20.0ms/21.0ms)
[2021-04-19T11:33:34.186-0900][gc,phases   ] GC(13)   Pre Evacuate Collection Set: 0.6ms
[2021-04-19T11:33:34.186-0900][gc,phases   ] GC(13)   Merge Heap Roots: 0.1ms
[2021-04-19T11:33:34.186-0900][gc,phases   ] GC(13)   Evacuate Collection Set: 17.1ms
[2021-04-19T11:33:34.186-0900][gc,phases   ] GC(13)   Post Evacuate Collection Set: 3.2ms
[2021-04-19T11:33:34.186-0900][gc,phases   ] GC(13)   Other: 2.5ms
[2021-04-19T11:33:34.186-0900][gc,heap     ] GC(13) Eden regions: 42->0(79)
[2021-04-19T11:33:34.186-0900][gc,heap     ] GC(13) Survivor regions: 9->4(7)
[2021-04-19T11:33:34.186-0900][gc,heap     ] GC(13) Old regions: 22->28
[2021-04-19T11:33:34.186-0900][gc,heap     ] GC(13) Archive regions: 2->2
[2021-04-19T11:33:34.186-0900][gc,heap     ] GC(13) Humongous regions: 129->129
[2021-04-19T11:33:34.186-0900][gc,metaspace] GC(13) Metaspace: 41839K(42624K)->41839K(42624K) NonClass: 36821K(37376K)->36821K(37376K) Class: 5018K(5248K)->5018K(5248K)
[2021-04-19T11:33:34.186-0900][gc          ] GC(13) Pause Young (Normal) (G1 Evacuation Pause) 201M->160M(1024M) 23.712ms
[2021-04-19T11:33:34.186-0900][gc,cpu      ] GC(13) User=0.06s Sys=0.03s Real=0.02s
[2021-04-19T11:39:13.013-0900][gc,start    ] GC(14) Pause Young (Normal) (G1 Evacuation Pause)
[2021-04-19T11:39:13.014-0900][gc,task     ] GC(14) Using 8 workers of 8 for evacuation
[2021-04-19T11:39:13.037-0900][gc,mmu      ] GC(14) MMU target violated: 21.0ms (20.0ms/21.0ms)
[2021-04-19T11:39:13.037-0900][gc,phases   ] GC(14)   Pre Evacuate Collection Set: 1.7ms
[2021-04-19T11:39:13.037-0900][gc,phases   ] GC(14)   Merge Heap Roots: 0.3ms
[2021-04-19T11:39:13.037-0900][gc,phases   ] GC(14)   Evacuate Collection Set: 18.6ms
[2021-04-19T11:39:13.037-0900][gc,phases   ] GC(14)   Post Evacuate Collection Set: 1.3ms
[2021-04-19T11:39:13.037-0900][gc,phases   ] GC(14)   Other: 1.9ms
[2021-04-19T11:39:13.037-0900][gc,heap     ] GC(14) Eden regions: 79->0(44)
[2021-04-19T11:39:13.037-0900][gc,heap     ] GC(14) Survivor regions: 4->7(11)
[2021-04-19T11:39:13.037-0900][gc,heap     ] GC(14) Old regions: 28->28
[2021-04-19T11:39:13.037-0900][gc,heap     ] GC(14) Archive regions: 2->2
[2021-04-19T11:39:13.037-0900][gc,heap     ] GC(14) Humongous regions: 129->129
[2021-04-19T11:39:13.037-0900][gc,metaspace] GC(14) Metaspace: 41862K(42880K)->41862K(42880K) NonClass: 36844K(37632K)->36844K(37632K) Class: 5018K(5248K)->5018K(5248K)
[2021-04-19T11:39:13.037-0900][gc          ] GC(14) Pause Young (Normal) (G1 Evacuation Pause) 239M->163M(1024M) 24.059ms
[2021-04-19T11:39:13.037-0900][gc,cpu      ] GC(14) User=0.05s Sys=0.03s Real=0.02s
[2021-04-19T11:42:19.252-0900][gc,start    ] GC(15) Pause Young (Normal) (G1 Evacuation Pause)
[2021-04-19T11:42:19.253-0900][gc,task     ] GC(15) Using 8 workers of 8 for evacuation
[2021-04-19T11:42:19.279-0900][gc,mmu      ] GC(15) MMU target violated: 21.0ms (20.0ms/21.0ms)
[2021-04-19T11:42:19.280-0900][gc,phases   ] GC(15)   Pre Evacuate Collection Set: 1.5ms
[2021-04-19T11:42:19.280-0900][gc,phases   ] GC(15)   Merge Heap Roots: 0.4ms
[2021-04-19T11:42:19.280-0900][gc,phases   ] GC(15)   Evacuate Collection Set: 22.7ms
[2021-04-19T11:42:19.280-0900][gc,phases   ] GC(15)   Post Evacuate Collection Set: 1.4ms
[2021-04-19T11:42:19.280-0900][gc,phases   ] GC(15)   Other: 1.9ms
[2021-04-19T11:42:19.280-0900][gc,heap     ] GC(15) Eden regions: 44->0(56)
[2021-04-19T11:42:19.280-0900][gc,heap     ] GC(15) Survivor regions: 7->5(7)
[2021-04-19T11:42:19.280-0900][gc,heap     ] GC(15) Old regions: 28->34
[2021-04-19T11:42:19.280-0900][gc,heap     ] GC(15) Archive regions: 2->2
[2021-04-19T11:42:19.280-0900][gc,heap     ] GC(15) Humongous regions: 129->129
[2021-04-19T11:42:19.280-0900][gc,metaspace] GC(15) Metaspace: 41868K(42880K)->41868K(42880K) NonClass: 36849K(37632K)->36849K(37632K) Class: 5018K(5248K)->5018K(5248K)
[2021-04-19T11:42:19.280-0900][gc          ] GC(15) Pause Young (Normal) (G1 Evacuation Pause) 207M->167M(1024M) 27.866ms
[2021-04-19T11:42:19.280-0900][gc,cpu      ] GC(15) User=0.06s Sys=0.03s Real=0.03s
[2021-04-19T11:46:15.910-0900][gc,start    ] GC(16) Pause Young (Normal) (G1 Evacuation Pause)
[2021-04-19T11:46:15.912-0900][gc,task     ] GC(16) Using 8 workers of 8 for evacuation
[2021-04-19T11:46:15.935-0900][gc,mmu      ] GC(16) MMU target violated: 21.0ms (20.0ms/21.0ms)
[2021-04-19T11:46:15.936-0900][gc,phases   ] GC(16)   Pre Evacuate Collection Set: 1.4ms
[2021-04-19T11:46:15.936-0900][gc,phases   ] GC(16)   Merge Heap Roots: 0.3ms
[2021-04-19T11:46:15.936-0900][gc,phases   ] GC(16)   Evacuate Collection Set: 20.0ms
[2021-04-19T11:46:15.936-0900][gc,phases   ] GC(16)   Post Evacuate Collection Set: 1.6ms
[2021-04-19T11:46:15.936-0900][gc,phases   ] GC(16)   Other: 2.8ms
[2021-04-19T11:46:15.936-0900][gc,heap     ] GC(16) Eden regions: 56->0(44)
[2021-04-19T11:46:15.936-0900][gc,heap     ] GC(16) Survivor regions: 5->7(8)
[2021-04-19T11:46:15.936-0900][gc,heap     ] GC(16) Old regions: 34->34
[2021-04-19T11:46:15.936-0900][gc,heap     ] GC(16) Archive regions: 2->2
[2021-04-19T11:46:15.936-0900][gc,heap     ] GC(16) Humongous regions: 129->129
[2021-04-19T11:46:15.936-0900][gc,metaspace] GC(16) Metaspace: 41886K(42880K)->41886K(42880K) NonClass: 36868K(37632K)->36868K(37632K) Class: 5018K(5248K)->5018K(5248K)
[2021-04-19T11:46:15.936-0900][gc          ] GC(16) Pause Young (Normal) (G1 Evacuation Pause) 223M->170M(1024M) 26.201ms
[2021-04-19T11:46:15.936-0900][gc,cpu      ] GC(16) User=0.05s Sys=0.03s Real=0.02s
[2021-04-19T11:49:22.780-0900][gc,start    ] GC(17) Pause Young (Normal) (G1 Evacuation Pause)
[2021-04-19T11:49:22.781-0900][gc,task     ] GC(17) Using 8 workers of 8 for evacuation
[2021-04-19T11:49:22.812-0900][gc,mmu      ] GC(17) MMU target violated: 21.0ms (20.0ms/21.0ms)
[2021-04-19T11:49:22.812-0900][gc,phases   ] GC(17)   Pre Evacuate Collection Set: 0.6ms
[2021-04-19T11:49:22.812-0900][gc,phases   ] GC(17)   Merge Heap Roots: 0.2ms
[2021-04-19T11:49:22.812-0900][gc,phases   ] GC(17)   Evacuate Collection Set: 28.4ms
[2021-04-19T11:49:22.812-0900][gc,phases   ] GC(17)   Post Evacuate Collection Set: 1.7ms
[2021-04-19T11:49:22.813-0900][gc,phases   ] GC(17)   Other: 1.5ms
[2021-04-19T11:49:22.813-0900][gc,heap     ] GC(17) Eden regions: 44->0(46)
[2021-04-19T11:49:22.813-0900][gc,heap     ] GC(17) Survivor regions: 7->5(7)
[2021-04-19T11:49:22.813-0900][gc,heap     ] GC(17) Old regions: 34->39
[2021-04-19T11:49:22.813-0900][gc,heap     ] GC(17) Archive regions: 2->2
[2021-04-19T11:49:22.813-0900][gc,heap     ] GC(17) Humongous regions: 129->129
[2021-04-19T11:49:22.813-0900][gc,metaspace] GC(17) Metaspace: 41889K(42880K)->41889K(42880K) NonClass: 36871K(37632K)->36871K(37632K) Class: 5018K(5248K)->5018K(5248K)
[2021-04-19T11:49:22.813-0900][gc          ] GC(17) Pause Young (Normal) (G1 Evacuation Pause) 214M->173M(1024M) 32.593ms
[2021-04-19T11:49:22.813-0900][gc,cpu      ] GC(17) User=0.07s Sys=0.03s Real=0.03s
[2021-04-19T11:52:33.151-0900][gc,start    ] GC(18) Pause Young (Normal) (G1 Evacuation Pause)
[2021-04-19T11:52:33.151-0900][gc,task     ] GC(18) Using 8 workers of 8 for evacuation
[2021-04-19T11:52:33.163-0900][gc,phases   ] GC(18)   Pre Evacuate Collection Set: 0.8ms
[2021-04-19T11:52:33.163-0900][gc,phases   ] GC(18)   Merge Heap Roots: 0.1ms
[2021-04-19T11:52:33.163-0900][gc,phases   ] GC(18)   Evacuate Collection Set: 8.4ms
[2021-04-19T11:52:33.163-0900][gc,phases   ] GC(18)   Post Evacuate Collection Set: 2.0ms
[2021-04-19T11:52:33.163-0900][gc,phases   ] GC(18)   Other: 0.5ms
[2021-04-19T11:52:33.163-0900][gc,heap     ] GC(18) Eden regions: 46->0(86)
[2021-04-19T11:52:33.163-0900][gc,heap     ] GC(18) Survivor regions: 5->4(7)
[2021-04-19T11:52:33.163-0900][gc,heap     ] GC(18) Old regions: 39->42
[2021-04-19T11:52:33.163-0900][gc,heap     ] GC(18) Archive regions: 2->2
[2021-04-19T11:52:33.163-0900][gc,heap     ] GC(18) Humongous regions: 129->129
[2021-04-19T11:52:33.163-0900][gc,metaspace] GC(18) Metaspace: 41916K(42880K)->41916K(42880K) NonClass: 36892K(37632K)->36892K(37632K) Class: 5024K(5248K)->5024K(5248K)
[2021-04-19T11:52:33.163-0900][gc          ] GC(18) Pause Young (Normal) (G1 Evacuation Pause) 219M->174M(1024M) 12.114ms
[2021-04-19T11:52:33.163-0900][gc,cpu      ] GC(18) User=0.03s Sys=0.03s Real=0.01s
[2021-04-19T11:52:37.560-0900][gc,heap,exit] Heap
[2021-04-19T11:52:37.560-0900][gc,heap,exit]  garbage-first heap   total 1048576K, used 190225K [0x00000007c0000000, 0x0000000800000000)
[2021-04-19T11:52:37.560-0900][gc,heap,exit]   region size 1024K, 16 young (16384K), 4 survivors (4096K)
[2021-04-19T11:52:37.560-0900][gc,heap,exit]  Metaspace       used 42548K, capacity 43115K, committed 43520K, reserved 1087488K
[2021-04-19T11:52:37.560-0900][gc,heap,exit]   class space    used 5156K, capacity 5367K, committed 5376K, reserved 1048576K
