[2021-04-16T09:10:28.410-0900][gc] Using G1
[2021-04-16T09:10:28.415-0900][gc,init] Version: 15.0.2+7-27 (release)
[2021-04-16T09:10:28.415-0900][gc,init] CPUs: 8 total, 8 available
[2021-04-16T09:10:28.415-0900][gc,init] Memory: 8192M
[2021-04-16T09:10:28.415-0900][gc,init] Large Page Support: Disabled
[2021-04-16T09:10:28.415-0900][gc,init] NUMA Support: Disabled
[2021-04-16T09:10:28.415-0900][gc,init] Compressed Oops: Enabled (Zero based)
[2021-04-16T09:10:28.415-0900][gc,init] Heap Region Size: 1M
[2021-04-16T09:10:28.415-0900][gc,init] Heap Min Capacity: 1G
[2021-04-16T09:10:28.415-0900][gc,init] Heap Initial Capacity: 1G
[2021-04-16T09:10:28.415-0900][gc,init] Heap Max Capacity: 1G
[2021-04-16T09:10:28.415-0900][gc,init] Pre-touch: Disabled
[2021-04-16T09:10:28.415-0900][gc,init] Parallel Workers: 8
[2021-04-16T09:10:28.415-0900][gc,init] Concurrent Workers: 2
[2021-04-16T09:10:28.415-0900][gc,init] Concurrent Refinement Workers: 8
[2021-04-16T09:10:28.415-0900][gc,init] Periodic GC: Disabled
[2021-04-16T09:10:28.415-0900][gc,cds ] Mark closed archive regions in map: [0x00000007fff00000, 0x00000007fff78ff8]
[2021-04-16T09:10:28.415-0900][gc,cds ] Mark open archive regions in map: [0x00000007ffe00000, 0x00000007ffe50ff8]
[2021-04-16T09:10:28.415-0900][gc,metaspace] CDS archive(s) mapped at: [0x0000000800000000-0x0000000800b2d000-0x0000000800b2d000), size 11718656, SharedBaseAddress: 0x0000000800000000, ArchiveRelocationMode: 0.
[2021-04-16T09:10:28.415-0900][gc,metaspace] Compressed class space mapped at: 0x0000000800b30000-0x0000000840b30000, size: 1073741824
[2021-04-16T09:10:28.415-0900][gc,metaspace] Narrow klass base: 0x0000000800000000, Narrow klass shift: 3, Narrow klass range: 0x100000000
[2021-04-16T09:10:30.675-0900][gc,start    ] GC(0) Pause Young (Normal) (G1 Evacuation Pause)
[2021-04-16T09:10:30.692-0900][gc,task     ] GC(0) Using 8 workers of 8 for evacuation
[2021-04-16T09:10:30.708-0900][gc,phases   ] GC(0)   Pre Evacuate Collection Set: 0.2ms
[2021-04-16T09:10:30.721-0900][gc,phases   ] GC(0)   Merge Heap Roots: 0.1ms
[2021-04-16T09:10:30.721-0900][gc,phases   ] GC(0)   Evacuate Collection Set: 15.6ms
[2021-04-16T09:10:30.721-0900][gc,phases   ] GC(0)   Post Evacuate Collection Set: 0.4ms
[2021-04-16T09:10:30.721-0900][gc,phases   ] GC(0)   Other: 16.5ms
[2021-04-16T09:10:30.721-0900][gc,heap     ] GC(0) Eden regions: 51->0(44)
[2021-04-16T09:10:30.721-0900][gc,heap     ] GC(0) Survivor regions: 0->7(7)
[2021-04-16T09:10:30.721-0900][gc,heap     ] GC(0) Old regions: 0->0
[2021-04-16T09:10:30.721-0900][gc,heap     ] GC(0) Archive regions: 2->2
[2021-04-16T09:10:30.721-0900][gc,heap     ] GC(0) Humongous regions: 0->0
[2021-04-16T09:10:30.721-0900][gc,metaspace] GC(0) Metaspace: 19481K(20096K)->19481K(20096K) NonClass: 16928K(17408K)->16928K(17408K) Class: 2553K(2688K)->2553K(2688K)
[2021-04-16T09:10:30.721-0900][gc          ] GC(0) Pause Young (Normal) (G1 Evacuation Pause) 51M->7M(1024M) 46.072ms
[2021-04-16T09:10:30.721-0900][gc,cpu      ] GC(0) User=0.03s Sys=0.01s Real=0.05s
[2021-04-16T09:10:30.860-0900][gc,start    ] GC(1) Pause Young (Concurrent Start) (Metadata GC Threshold)
[2021-04-16T09:10:30.860-0900][gc,task     ] GC(1) Using 8 workers of 8 for evacuation
[2021-04-16T09:10:30.867-0900][gc,phases   ] GC(1)   Pre Evacuate Collection Set: 0.2ms
[2021-04-16T09:10:30.867-0900][gc,phases   ] GC(1)   Merge Heap Roots: 0.0ms
[2021-04-16T09:10:30.867-0900][gc,phases   ] GC(1)   Evacuate Collection Set: 7.1ms
[2021-04-16T09:10:30.867-0900][gc,phases   ] GC(1)   Post Evacuate Collection Set: 0.2ms
[2021-04-16T09:10:30.867-0900][gc,phases   ] GC(1)   Other: 0.4ms
[2021-04-16T09:10:30.867-0900][gc,heap     ] GC(1) Eden regions: 6->0(50)
[2021-04-16T09:10:30.867-0900][gc,heap     ] GC(1) Survivor regions: 7->1(7)
[2021-04-16T09:10:30.867-0900][gc,heap     ] GC(1) Old regions: 0->7
[2021-04-16T09:10:30.867-0900][gc,heap     ] GC(1) Archive regions: 2->2
[2021-04-16T09:10:30.867-0900][gc,heap     ] GC(1) Humongous regions: 0->0
[2021-04-16T09:10:30.867-0900][gc,metaspace] GC(1) Metaspace: 20759K(21248K)->20759K(21248K) NonClass: 18031K(18432K)->18031K(18432K) Class: 2728K(2816K)->2728K(2816K)
[2021-04-16T09:10:30.867-0900][gc          ] GC(1) Pause Young (Concurrent Start) (Metadata GC Threshold) 13M->8M(1024M) 7.956ms
[2021-04-16T09:10:30.868-0900][gc,cpu      ] GC(1) User=0.02s Sys=0.01s Real=0.00s
[2021-04-16T09:10:30.870-0900][gc          ] GC(2) Concurrent Cycle
[2021-04-16T09:10:30.870-0900][gc,marking  ] GC(2) Concurrent Clear Claimed Marks
[2021-04-16T09:10:30.870-0900][gc,marking  ] GC(2) Concurrent Clear Claimed Marks 0.338ms
[2021-04-16T09:10:30.870-0900][gc,marking  ] GC(2) Concurrent Scan Root Regions
[2021-04-16T09:10:30.874-0900][gc,marking  ] GC(2) Concurrent Scan Root Regions 4.155ms
[2021-04-16T09:10:30.875-0900][gc,marking  ] GC(2) Concurrent Mark (2.472s)
[2021-04-16T09:10:30.875-0900][gc,marking  ] GC(2) Concurrent Mark From Roots
[2021-04-16T09:10:30.875-0900][gc,task     ] GC(2) Using 2 workers of 2 for marking
[2021-04-16T09:10:30.875-0900][gc,marking  ] GC(2) Concurrent Mark From Roots 0.633ms
[2021-04-16T09:10:30.875-0900][gc,marking  ] GC(2) Concurrent Preclean
[2021-04-16T09:10:30.875-0900][gc,marking  ] GC(2) Concurrent Preclean 0.025ms
[2021-04-16T09:10:30.875-0900][gc,marking  ] GC(2) Concurrent Mark (2.472s, 2.473s) 0.680ms
[2021-04-16T09:10:30.876-0900][gc,start    ] GC(2) Pause Remark
[2021-04-16T09:10:30.881-0900][gc          ] GC(2) Pause Remark 8M->8M(1024M) 5.371ms
[2021-04-16T09:10:30.881-0900][gc,cpu      ] GC(2) User=0.01s Sys=0.00s Real=0.01s
[2021-04-16T09:10:30.881-0900][gc,marking  ] GC(2) Concurrent Rebuild Remembered Sets
[2021-04-16T09:10:30.883-0900][gc,marking  ] GC(2) Concurrent Rebuild Remembered Sets 1.550ms
[2021-04-16T09:10:30.886-0900][gc,start    ] GC(2) Pause Cleanup
[2021-04-16T09:10:30.886-0900][gc          ] GC(2) Pause Cleanup 8M->8M(1024M) 0.093ms
[2021-04-16T09:10:30.886-0900][gc,cpu      ] GC(2) User=0.00s Sys=0.00s Real=0.00s
[2021-04-16T09:10:30.886-0900][gc,marking  ] GC(2) Concurrent Cleanup for Next Mark
[2021-04-16T09:10:30.889-0900][gc,marking  ] GC(2) Concurrent Cleanup for Next Mark 3.676ms
[2021-04-16T09:10:30.890-0900][gc          ] GC(2) Concurrent Cycle 19.631ms
[2021-04-16T09:10:32.195-0900][gc,start    ] GC(3) Pause Young (Normal) (G1 Evacuation Pause)
[2021-04-16T09:10:32.195-0900][gc,task     ] GC(3) Using 8 workers of 8 for evacuation
[2021-04-16T09:10:32.199-0900][gc,phases   ] GC(3)   Pre Evacuate Collection Set: 0.1ms
[2021-04-16T09:10:32.199-0900][gc,phases   ] GC(3)   Merge Heap Roots: 0.1ms
[2021-04-16T09:10:32.199-0900][gc,phases   ] GC(3)   Evacuate Collection Set: 2.5ms
[2021-04-16T09:10:32.199-0900][gc,phases   ] GC(3)   Post Evacuate Collection Set: 0.4ms
[2021-04-16T09:10:32.199-0900][gc,phases   ] GC(3)   Other: 0.1ms
[2021-04-16T09:10:32.199-0900][gc,heap     ] GC(3) Eden regions: 50->0(46)
[2021-04-16T09:10:32.199-0900][gc,heap     ] GC(3) Survivor regions: 1->5(7)
[2021-04-16T09:10:32.199-0900][gc,heap     ] GC(3) Old regions: 7->7
[2021-04-16T09:10:32.199-0900][gc,heap     ] GC(3) Archive regions: 2->2
[2021-04-16T09:10:32.199-0900][gc,heap     ] GC(3) Humongous regions: 129->129
[2021-04-16T09:10:32.199-0900][gc,metaspace] GC(3) Metaspace: 32585K(33408K)->32585K(33408K) NonClass: 28770K(29440K)->28770K(29440K) Class: 3815K(3968K)->3815K(3968K)
[2021-04-16T09:10:32.199-0900][gc          ] GC(3) Pause Young (Normal) (G1 Evacuation Pause) 187M->141M(1024M) 3.246ms
[2021-04-16T09:10:32.199-0900][gc,cpu      ] GC(3) User=0.02s Sys=0.00s Real=0.00s
[2021-04-16T09:11:00.072-0900][gc,start    ] GC(4) Pause Young (Concurrent Start) (Metadata GC Threshold)
[2021-04-16T09:11:00.072-0900][gc,task     ] GC(4) Using 8 workers of 8 for evacuation
[2021-04-16T09:11:00.081-0900][gc,phases   ] GC(4)   Pre Evacuate Collection Set: 0.2ms
[2021-04-16T09:11:00.081-0900][gc,phases   ] GC(4)   Merge Heap Roots: 0.0ms
[2021-04-16T09:11:00.081-0900][gc,phases   ] GC(4)   Evacuate Collection Set: 8.1ms
[2021-04-16T09:11:00.081-0900][gc,phases   ] GC(4)   Post Evacuate Collection Set: 0.3ms
[2021-04-16T09:11:00.081-0900][gc,phases   ] GC(4)   Other: 0.4ms
[2021-04-16T09:11:00.081-0900][gc,heap     ] GC(4) Eden regions: 12->0(50)
[2021-04-16T09:11:00.081-0900][gc,heap     ] GC(4) Survivor regions: 5->1(7)
[2021-04-16T09:11:00.081-0900][gc,heap     ] GC(4) Old regions: 7->12
[2021-04-16T09:11:00.081-0900][gc,heap     ] GC(4) Archive regions: 2->2
[2021-04-16T09:11:00.081-0900][gc,heap     ] GC(4) Humongous regions: 129->129
[2021-04-16T09:11:00.081-0900][gc,metaspace] GC(4) Metaspace: 34963K(35840K)->34963K(35840K) NonClass: 30782K(31488K)->30782K(31488K) Class: 4180K(4352K)->4180K(4352K)
[2021-04-16T09:11:00.081-0900][gc          ] GC(4) Pause Young (Concurrent Start) (Metadata GC Threshold) 153M->142M(1024M) 9.145ms
[2021-04-16T09:11:00.081-0900][gc,cpu      ] GC(4) User=0.02s Sys=0.01s Real=0.01s
[2021-04-16T09:11:00.081-0900][gc          ] GC(5) Concurrent Cycle
[2021-04-16T09:11:00.081-0900][gc,marking  ] GC(5) Concurrent Clear Claimed Marks
[2021-04-16T09:11:00.081-0900][gc,marking  ] GC(5) Concurrent Clear Claimed Marks 0.022ms
[2021-04-16T09:11:00.081-0900][gc,marking  ] GC(5) Concurrent Scan Root Regions
[2021-04-16T09:11:00.083-0900][gc,marking  ] GC(5) Concurrent Scan Root Regions 1.758ms
[2021-04-16T09:11:00.083-0900][gc,marking  ] GC(5) Concurrent Mark (31.682s)
[2021-04-16T09:11:00.083-0900][gc,marking  ] GC(5) Concurrent Mark From Roots
[2021-04-16T09:11:00.083-0900][gc,task     ] GC(5) Using 2 workers of 2 for marking
[2021-04-16T09:11:00.087-0900][gc,marking  ] GC(5) Concurrent Mark From Roots 4.224ms
[2021-04-16T09:11:00.087-0900][gc,marking  ] GC(5) Concurrent Preclean
[2021-04-16T09:11:00.087-0900][gc,marking  ] GC(5) Concurrent Preclean 0.055ms
[2021-04-16T09:11:00.087-0900][gc,marking  ] GC(5) Concurrent Mark (31.682s, 31.686s) 4.314ms
[2021-04-16T09:11:00.088-0900][gc,start    ] GC(5) Pause Remark
[2021-04-16T09:11:00.099-0900][gc          ] GC(5) Pause Remark 142M->142M(1024M) 11.833ms
[2021-04-16T09:11:00.099-0900][gc,cpu      ] GC(5) User=0.01s Sys=0.01s Real=0.01s
[2021-04-16T09:11:00.100-0900][gc,marking  ] GC(5) Concurrent Rebuild Remembered Sets
[2021-04-16T09:11:00.103-0900][gc,marking  ] GC(5) Concurrent Rebuild Remembered Sets 3.432ms
[2021-04-16T09:11:00.104-0900][gc,start    ] GC(5) Pause Cleanup
[2021-04-16T09:11:00.104-0900][gc          ] GC(5) Pause Cleanup 142M->142M(1024M) 0.143ms
[2021-04-16T09:11:00.104-0900][gc,cpu      ] GC(5) User=0.00s Sys=0.00s Real=0.00s
[2021-04-16T09:11:00.104-0900][gc,marking  ] GC(5) Concurrent Cleanup for Next Mark
[2021-04-16T09:11:00.112-0900][gc,marking  ] GC(5) Concurrent Cleanup for Next Mark 7.411ms
[2021-04-16T09:11:00.112-0900][gc          ] GC(5) Concurrent Cycle 30.904ms
[2021-04-16T09:11:08.935-0900][gc,start    ] GC(6) Pause Young (Normal) (G1 Evacuation Pause)
[2021-04-16T09:11:08.936-0900][gc,task     ] GC(6) Using 8 workers of 8 for evacuation
[2021-04-16T09:11:08.952-0900][gc,phases   ] GC(6)   Pre Evacuate Collection Set: 0.2ms
[2021-04-16T09:11:08.952-0900][gc,phases   ] GC(6)   Merge Heap Roots: 0.1ms
[2021-04-16T09:11:08.952-0900][gc,phases   ] GC(6)   Evacuate Collection Set: 13.3ms
[2021-04-16T09:11:08.952-0900][gc,phases   ] GC(6)   Post Evacuate Collection Set: 1.7ms
[2021-04-16T09:11:08.952-0900][gc,phases   ] GC(6)   Other: 1.5ms
[2021-04-16T09:11:08.952-0900][gc,heap     ] GC(6) Eden regions: 50->0(47)
[2021-04-16T09:11:08.952-0900][gc,heap     ] GC(6) Survivor regions: 1->4(7)
[2021-04-16T09:11:08.952-0900][gc,heap     ] GC(6) Old regions: 12->12
[2021-04-16T09:11:08.952-0900][gc,heap     ] GC(6) Archive regions: 2->2
[2021-04-16T09:11:08.952-0900][gc,heap     ] GC(6) Humongous regions: 129->129
[2021-04-16T09:11:08.952-0900][gc,metaspace] GC(6) Metaspace: 40083K(40960K)->40083K(40960K) NonClass: 35230K(35840K)->35230K(35840K) Class: 4853K(5120K)->4853K(5120K)
[2021-04-16T09:11:08.952-0900][gc          ] GC(6) Pause Young (Normal) (G1 Evacuation Pause) 192M->145M(1024M) 17.123ms
[2021-04-16T09:11:08.952-0900][gc,cpu      ] GC(6) User=0.03s Sys=0.00s Real=0.02s
[2021-04-16T09:14:42.674-0900][gc,start    ] GC(7) Pause Young (Normal) (G1 Evacuation Pause)
[2021-04-16T09:14:42.675-0900][gc,task     ] GC(7) Using 8 workers of 8 for evacuation
[2021-04-16T09:14:42.709-0900][gc,mmu      ] GC(7) MMU target violated: 21.0ms (20.0ms/21.0ms)
[2021-04-16T09:14:42.709-0900][gc,phases   ] GC(7)   Pre Evacuate Collection Set: 1.2ms
[2021-04-16T09:14:42.709-0900][gc,phases   ] GC(7)   Merge Heap Roots: 0.1ms
[2021-04-16T09:14:42.709-0900][gc,phases   ] GC(7)   Evacuate Collection Set: 31.5ms
[2021-04-16T09:14:42.709-0900][gc,phases   ] GC(7)   Post Evacuate Collection Set: 1.0ms
[2021-04-16T09:14:42.709-0900][gc,phases   ] GC(7)   Other: 1.1ms
[2021-04-16T09:14:42.709-0900][gc,heap     ] GC(7) Eden regions: 47->0(45)
[2021-04-16T09:14:42.709-0900][gc,heap     ] GC(7) Survivor regions: 4->6(7)
[2021-04-16T09:14:42.709-0900][gc,heap     ] GC(7) Old regions: 12->13
[2021-04-16T09:14:42.709-0900][gc,heap     ] GC(7) Archive regions: 2->2
[2021-04-16T09:14:42.709-0900][gc,heap     ] GC(7) Humongous regions: 129->129
[2021-04-16T09:14:42.709-0900][gc,metaspace] GC(7) Metaspace: 40791K(41728K)->40791K(41728K) NonClass: 35936K(36608K)->35936K(36608K) Class: 4855K(5120K)->4855K(5120K)
[2021-04-16T09:14:42.709-0900][gc          ] GC(7) Pause Young (Normal) (G1 Evacuation Pause) 192M->147M(1024M) 34.989ms
[2021-04-16T09:14:42.709-0900][gc,cpu      ] GC(7) User=0.05s Sys=0.03s Real=0.03s
[2021-04-16T09:18:21.667-0900][gc,start    ] GC(8) Pause Young (Normal) (G1 Evacuation Pause)
[2021-04-16T09:18:21.669-0900][gc,task     ] GC(8) Using 8 workers of 8 for evacuation
[2021-04-16T09:18:21.694-0900][gc,mmu      ] GC(8) MMU target violated: 21.0ms (20.0ms/21.0ms)
[2021-04-16T09:18:21.694-0900][gc,phases   ] GC(8)   Pre Evacuate Collection Set: 0.6ms
[2021-04-16T09:18:21.694-0900][gc,phases   ] GC(8)   Merge Heap Roots: 0.2ms
[2021-04-16T09:18:21.694-0900][gc,phases   ] GC(8)   Evacuate Collection Set: 23.5ms
[2021-04-16T09:18:21.694-0900][gc,phases   ] GC(8)   Post Evacuate Collection Set: 0.7ms
[2021-04-16T09:18:21.694-0900][gc,phases   ] GC(8)   Other: 2.3ms
[2021-04-16T09:18:21.694-0900][gc,heap     ] GC(8) Eden regions: 45->0(47)
[2021-04-16T09:18:21.694-0900][gc,heap     ] GC(8) Survivor regions: 6->4(7)
[2021-04-16T09:18:21.694-0900][gc,heap     ] GC(8) Old regions: 13->16
[2021-04-16T09:18:21.694-0900][gc,heap     ] GC(8) Archive regions: 2->2
[2021-04-16T09:18:21.694-0900][gc,heap     ] GC(8) Humongous regions: 129->129
[2021-04-16T09:18:21.694-0900][gc,metaspace] GC(8) Metaspace: 40849K(41728K)->40849K(41728K) NonClass: 35989K(36608K)->35989K(36608K) Class: 4860K(5120K)->4860K(5120K)
[2021-04-16T09:18:21.694-0900][gc          ] GC(8) Pause Young (Normal) (G1 Evacuation Pause) 192M->148M(1024M) 27.334ms
[2021-04-16T09:18:21.694-0900][gc,cpu      ] GC(8) User=0.06s Sys=0.02s Real=0.03s
[2021-04-16T09:22:16.717-0900][gc,start    ] GC(9) Pause Young (Normal) (G1 Evacuation Pause)
[2021-04-16T09:22:16.719-0900][gc,task     ] GC(9) Using 8 workers of 8 for evacuation
[2021-04-16T09:22:16.745-0900][gc,mmu      ] GC(9) MMU target violated: 21.0ms (20.0ms/21.0ms)
[2021-04-16T09:22:16.745-0900][gc,phases   ] GC(9)   Pre Evacuate Collection Set: 1.8ms
[2021-04-16T09:22:16.745-0900][gc,phases   ] GC(9)   Merge Heap Roots: 0.3ms
[2021-04-16T09:22:16.745-0900][gc,phases   ] GC(9)   Evacuate Collection Set: 22.1ms
[2021-04-16T09:22:16.745-0900][gc,phases   ] GC(9)   Post Evacuate Collection Set: 1.3ms
[2021-04-16T09:22:16.745-0900][gc,phases   ] GC(9)   Other: 2.6ms
[2021-04-16T09:22:16.745-0900][gc,heap     ] GC(9) Eden regions: 47->0(46)
[2021-04-16T09:22:16.745-0900][gc,heap     ] GC(9) Survivor regions: 4->5(7)
[2021-04-16T09:22:16.745-0900][gc,heap     ] GC(9) Old regions: 16->16
[2021-04-16T09:22:16.745-0900][gc,heap     ] GC(9) Archive regions: 2->2
[2021-04-16T09:22:16.745-0900][gc,heap     ] GC(9) Humongous regions: 129->129
[2021-04-16T09:22:16.745-0900][gc,metaspace] GC(9) Metaspace: 40911K(41728K)->40911K(41728K) NonClass: 36043K(36608K)->36043K(36608K) Class: 4868K(5120K)->4868K(5120K)
[2021-04-16T09:22:16.745-0900][gc          ] GC(9) Pause Young (Normal) (G1 Evacuation Pause) 195M->149M(1024M) 28.193ms
[2021-04-16T09:22:16.745-0900][gc,cpu      ] GC(9) User=0.04s Sys=0.05s Real=0.03s
[2021-04-16T09:26:14.306-0900][gc,start    ] GC(10) Pause Young (Normal) (G1 Evacuation Pause)
[2021-04-16T09:26:14.307-0900][gc,task     ] GC(10) Using 8 workers of 8 for evacuation
[2021-04-16T09:26:14.323-0900][gc,phases   ] GC(10)   Pre Evacuate Collection Set: 0.8ms
[2021-04-16T09:26:14.323-0900][gc,phases   ] GC(10)   Merge Heap Roots: 0.2ms
[2021-04-16T09:26:14.323-0900][gc,phases   ] GC(10)   Evacuate Collection Set: 13.9ms
[2021-04-16T09:26:14.323-0900][gc,phases   ] GC(10)   Post Evacuate Collection Set: 0.5ms
[2021-04-16T09:26:14.323-0900][gc,phases   ] GC(10)   Other: 2.0ms
[2021-04-16T09:26:14.323-0900][gc,heap     ] GC(10) Eden regions: 46->0(56)
[2021-04-16T09:26:14.323-0900][gc,heap     ] GC(10) Survivor regions: 5->3(7)
[2021-04-16T09:26:14.323-0900][gc,heap     ] GC(10) Old regions: 16->16
[2021-04-16T09:26:14.323-0900][gc,heap     ] GC(10) Archive regions: 2->2
[2021-04-16T09:26:14.323-0900][gc,heap     ] GC(10) Humongous regions: 129->129
[2021-04-16T09:26:14.323-0900][gc,metaspace] GC(10) Metaspace: 40979K(41984K)->40979K(41984K) NonClass: 36110K(36864K)->36110K(36864K) Class: 4868K(5120K)->4868K(5120K)
[2021-04-16T09:26:14.323-0900][gc          ] GC(10) Pause Young (Normal) (G1 Evacuation Pause) 195M->148M(1024M) 17.511ms
[2021-04-16T09:26:14.323-0900][gc,cpu      ] GC(10) User=0.04s Sys=0.01s Real=0.02s
[2021-04-16T09:31:08.589-0900][gc,start    ] GC(11) Pause Young (Normal) (G1 Evacuation Pause)
[2021-04-16T09:31:08.590-0900][gc,task     ] GC(11) Using 8 workers of 8 for evacuation
[2021-04-16T09:31:08.611-0900][gc,phases   ] GC(11)   Pre Evacuate Collection Set: 0.9ms
[2021-04-16T09:31:08.611-0900][gc,phases   ] GC(11)   Merge Heap Roots: 0.1ms
[2021-04-16T09:31:08.611-0900][gc,phases   ] GC(11)   Evacuate Collection Set: 18.1ms
[2021-04-16T09:31:08.611-0900][gc,phases   ] GC(11)   Post Evacuate Collection Set: 0.9ms
[2021-04-16T09:31:08.611-0900][gc,phases   ] GC(11)   Other: 2.3ms
[2021-04-16T09:31:08.611-0900][gc,heap     ] GC(11) Eden regions: 56->0(47)
[2021-04-16T09:31:08.611-0900][gc,heap     ] GC(11) Survivor regions: 3->5(8)
[2021-04-16T09:31:08.611-0900][gc,heap     ] GC(11) Old regions: 16->16
[2021-04-16T09:31:08.611-0900][gc,heap     ] GC(11) Archive regions: 2->2
[2021-04-16T09:31:08.611-0900][gc,heap     ] GC(11) Humongous regions: 129->129
[2021-04-16T09:31:08.611-0900][gc,metaspace] GC(11) Metaspace: 41015K(41984K)->41015K(41984K) NonClass: 36146K(36864K)->36146K(36864K) Class: 4869K(5120K)->4869K(5120K)
[2021-04-16T09:31:08.611-0900][gc          ] GC(11) Pause Young (Normal) (G1 Evacuation Pause) 204M->149M(1024M) 22.420ms
[2021-04-16T09:31:08.611-0900][gc,cpu      ] GC(11) User=0.03s Sys=0.02s Real=0.03s
[2021-04-16T09:35:18.727-0900][gc,start    ] GC(12) Pause Young (Normal) (G1 Evacuation Pause)
[2021-04-16T09:35:18.729-0900][gc,task     ] GC(12) Using 8 workers of 8 for evacuation
[2021-04-16T09:35:18.755-0900][gc,mmu      ] GC(12) MMU target violated: 21.0ms (20.0ms/21.0ms)
[2021-04-16T09:35:18.755-0900][gc,phases   ] GC(12)   Pre Evacuate Collection Set: 1.5ms
[2021-04-16T09:35:18.755-0900][gc,phases   ] GC(12)   Merge Heap Roots: 0.3ms
[2021-04-16T09:35:18.755-0900][gc,phases   ] GC(12)   Evacuate Collection Set: 22.4ms
[2021-04-16T09:35:18.755-0900][gc,phases   ] GC(12)   Post Evacuate Collection Set: 1.0ms
[2021-04-16T09:35:18.755-0900][gc,phases   ] GC(12)   Other: 2.5ms
[2021-04-16T09:35:18.755-0900][gc,heap     ] GC(12) Eden regions: 47->0(44)
[2021-04-16T09:35:18.755-0900][gc,heap     ] GC(12) Survivor regions: 5->7(7)
[2021-04-16T09:35:18.755-0900][gc,heap     ] GC(12) Old regions: 16->17
[2021-04-16T09:35:18.755-0900][gc,heap     ] GC(12) Archive regions: 2->2
[2021-04-16T09:35:18.755-0900][gc,heap     ] GC(12) Humongous regions: 129->129
[2021-04-16T09:35:18.755-0900][gc,metaspace] GC(12) Metaspace: 41049K(41984K)->41049K(41984K) NonClass: 36180K(36864K)->36180K(36864K) Class: 4869K(5120K)->4869K(5120K)
[2021-04-16T09:35:18.755-0900][gc          ] GC(12) Pause Young (Normal) (G1 Evacuation Pause) 196M->153M(1024M) 27.706ms
[2021-04-16T09:35:18.755-0900][gc,cpu      ] GC(12) User=0.05s Sys=0.03s Real=0.03s
[2021-04-16T09:39:10.887-0900][gc,start    ] GC(13) Pause Young (Normal) (G1 Evacuation Pause)
[2021-04-16T09:39:10.887-0900][gc,task     ] GC(13) Using 8 workers of 8 for evacuation
[2021-04-16T09:39:10.909-0900][gc,mmu      ] GC(13) MMU target violated: 21.0ms (20.0ms/21.0ms)
[2021-04-16T09:39:10.909-0900][gc,phases   ] GC(13)   Pre Evacuate Collection Set: 1.2ms
[2021-04-16T09:39:10.909-0900][gc,phases   ] GC(13)   Merge Heap Roots: 0.3ms
[2021-04-16T09:39:10.909-0900][gc,phases   ] GC(13)   Evacuate Collection Set: 17.9ms
[2021-04-16T09:39:10.909-0900][gc,phases   ] GC(13)   Post Evacuate Collection Set: 1.8ms
[2021-04-16T09:39:10.909-0900][gc,phases   ] GC(13)   Other: 0.9ms
[2021-04-16T09:39:10.909-0900][gc,heap     ] GC(13) Eden regions: 44->0(65)
[2021-04-16T09:39:10.909-0900][gc,heap     ] GC(13) Survivor regions: 7->3(7)
[2021-04-16T09:39:10.909-0900][gc,heap     ] GC(13) Old regions: 17->22
[2021-04-16T09:39:10.909-0900][gc,heap     ] GC(13) Archive regions: 2->2
[2021-04-16T09:39:10.909-0900][gc,heap     ] GC(13) Humongous regions: 129->129
[2021-04-16T09:39:10.909-0900][gc,metaspace] GC(13) Metaspace: 41063K(41984K)->41063K(41984K) NonClass: 36194K(36864K)->36194K(36864K) Class: 4869K(5120K)->4869K(5120K)
[2021-04-16T09:39:10.909-0900][gc          ] GC(13) Pause Young (Normal) (G1 Evacuation Pause) 197M->154M(1024M) 22.209ms
[2021-04-16T09:39:10.909-0900][gc,cpu      ] GC(13) User=0.05s Sys=0.03s Real=0.02s
[2021-04-16T09:44:48.936-0900][gc,start    ] GC(14) Pause Young (Normal) (G1 Evacuation Pause)
[2021-04-16T09:44:48.936-0900][gc,task     ] GC(14) Using 8 workers of 8 for evacuation
[2021-04-16T09:44:48.960-0900][gc,mmu      ] GC(14) MMU target violated: 21.0ms (20.0ms/21.0ms)
[2021-04-16T09:44:48.960-0900][gc,phases   ] GC(14)   Pre Evacuate Collection Set: 1.5ms
[2021-04-16T09:44:48.960-0900][gc,phases   ] GC(14)   Merge Heap Roots: 0.2ms
[2021-04-16T09:44:48.960-0900][gc,phases   ] GC(14)   Evacuate Collection Set: 20.4ms
[2021-04-16T09:44:48.960-0900][gc,phases   ] GC(14)   Post Evacuate Collection Set: 1.3ms
[2021-04-16T09:44:48.960-0900][gc,phases   ] GC(14)   Other: 1.4ms
[2021-04-16T09:44:48.961-0900][gc,heap     ] GC(14) Eden regions: 64->0(45)
[2021-04-16T09:44:48.961-0900][gc,heap     ] GC(14) Survivor regions: 3->6(9)
[2021-04-16T09:44:48.961-0900][gc,heap     ] GC(14) Old regions: 22->22
[2021-04-16T09:44:48.961-0900][gc,heap     ] GC(14) Archive regions: 2->2
[2021-04-16T09:44:48.961-0900][gc,heap     ] GC(14) Humongous regions: 129->129
[2021-04-16T09:44:48.961-0900][gc,metaspace] GC(14) Metaspace: 41082K(41984K)->41082K(41984K) NonClass: 36213K(36864K)->36213K(36864K) Class: 4869K(5120K)->4869K(5120K)
[2021-04-16T09:44:48.961-0900][gc          ] GC(14) Pause Young (Normal) (G1 Evacuation Pause) 218M->156M(1024M) 24.998ms
[2021-04-16T09:44:48.961-0900][gc,cpu      ] GC(14) User=0.04s Sys=0.02s Real=0.03s
[2021-04-16T09:48:45.847-0900][gc,start    ] GC(15) Pause Young (Normal) (G1 Evacuation Pause)
[2021-04-16T09:48:45.848-0900][gc,task     ] GC(15) Using 8 workers of 8 for evacuation
[2021-04-16T09:48:45.879-0900][gc,mmu      ] GC(15) MMU target violated: 21.0ms (20.0ms/21.0ms)
[2021-04-16T09:48:45.879-0900][gc,phases   ] GC(15)   Pre Evacuate Collection Set: 0.4ms
[2021-04-16T09:48:45.879-0900][gc,phases   ] GC(15)   Merge Heap Roots: 0.1ms
[2021-04-16T09:48:45.879-0900][gc,phases   ] GC(15)   Evacuate Collection Set: 29.3ms
[2021-04-16T09:48:45.879-0900][gc,phases   ] GC(15)   Post Evacuate Collection Set: 0.7ms
[2021-04-16T09:48:45.879-0900][gc,phases   ] GC(15)   Other: 1.5ms
[2021-04-16T09:48:45.879-0900][gc,heap     ] GC(15) Eden regions: 45->0(44)
[2021-04-16T09:48:45.879-0900][gc,heap     ] GC(15) Survivor regions: 6->7(7)
[2021-04-16T09:48:45.879-0900][gc,heap     ] GC(15) Old regions: 22->24
[2021-04-16T09:48:45.879-0900][gc,heap     ] GC(15) Archive regions: 2->2
[2021-04-16T09:48:45.879-0900][gc,heap     ] GC(15) Humongous regions: 129->129
[2021-04-16T09:48:45.879-0900][gc,metaspace] GC(15) Metaspace: 41097K(41984K)->41097K(41984K) NonClass: 36228K(36864K)->36228K(36864K) Class: 4869K(5120K)->4869K(5120K)
[2021-04-16T09:48:45.879-0900][gc          ] GC(15) Pause Young (Normal) (G1 Evacuation Pause) 201M->160M(1024M) 32.231ms
[2021-04-16T09:48:45.879-0900][gc,cpu      ] GC(15) User=0.06s Sys=0.02s Real=0.03s
[2021-04-16T09:52:36.098-0900][gc,start    ] GC(16) Pause Young (Normal) (G1 Evacuation Pause)
[2021-04-16T09:52:36.099-0900][gc,task     ] GC(16) Using 8 workers of 8 for evacuation
[2021-04-16T09:52:36.128-0900][gc,mmu      ] GC(16) MMU target violated: 21.0ms (20.0ms/21.0ms)
[2021-04-16T09:52:36.128-0900][gc,phases   ] GC(16)   Pre Evacuate Collection Set: 1.3ms
[2021-04-16T09:52:36.128-0900][gc,phases   ] GC(16)   Merge Heap Roots: 0.2ms
[2021-04-16T09:52:36.128-0900][gc,phases   ] GC(16)   Evacuate Collection Set: 23.7ms
[2021-04-16T09:52:36.128-0900][gc,phases   ] GC(16)   Post Evacuate Collection Set: 3.7ms
[2021-04-16T09:52:36.128-0900][gc,phases   ] GC(16)   Other: 1.2ms
[2021-04-16T09:52:36.128-0900][gc,heap     ] GC(16) Eden regions: 44->0(44)
[2021-04-16T09:52:36.128-0900][gc,heap     ] GC(16) Survivor regions: 7->7(7)
[2021-04-16T09:52:36.128-0900][gc,heap     ] GC(16) Old regions: 24->28
[2021-04-16T09:52:36.128-0900][gc,heap     ] GC(16) Archive regions: 2->2
[2021-04-16T09:52:36.128-0900][gc,heap     ] GC(16) Humongous regions: 129->129
[2021-04-16T09:52:36.128-0900][gc,metaspace] GC(16) Metaspace: 41125K(41984K)->41125K(41984K) NonClass: 36255K(36864K)->36255K(36864K) Class: 4869K(5120K)->4869K(5120K)
[2021-04-16T09:52:36.129-0900][gc          ] GC(16) Pause Young (Normal) (G1 Evacuation Pause) 204M->163M(1024M) 30.571ms
[2021-04-16T09:52:36.129-0900][gc,cpu      ] GC(16) User=0.05s Sys=0.03s Real=0.03s
[2021-04-16T09:56:26.157-0900][gc,start    ] GC(17) Pause Young (Normal) (G1 Evacuation Pause)
[2021-04-16T09:56:26.159-0900][gc,task     ] GC(17) Using 8 workers of 8 for evacuation
[2021-04-16T09:56:26.173-0900][gc,phases   ] GC(17)   Pre Evacuate Collection Set: 0.7ms
[2021-04-16T09:56:26.173-0900][gc,phases   ] GC(17)   Merge Heap Roots: 0.1ms
[2021-04-16T09:56:26.173-0900][gc,phases   ] GC(17)   Evacuate Collection Set: 11.8ms
[2021-04-16T09:56:26.173-0900][gc,phases   ] GC(17)   Post Evacuate Collection Set: 0.5ms
[2021-04-16T09:56:26.173-0900][gc,phases   ] GC(17)   Other: 2.2ms
[2021-04-16T09:56:26.173-0900][gc,heap     ] GC(17) Eden regions: 44->0(67)
[2021-04-16T09:56:26.173-0900][gc,heap     ] GC(17) Survivor regions: 7->4(7)
[2021-04-16T09:56:26.173-0900][gc,heap     ] GC(17) Old regions: 28->32
[2021-04-16T09:56:26.173-0900][gc,heap     ] GC(17) Archive regions: 2->2
[2021-04-16T09:56:26.173-0900][gc,heap     ] GC(17) Humongous regions: 129->129
[2021-04-16T09:56:26.173-0900][gc,metaspace] GC(17) Metaspace: 41134K(41984K)->41134K(41984K) NonClass: 36264K(36864K)->36264K(36864K) Class: 4869K(5120K)->4869K(5120K)
[2021-04-16T09:56:26.173-0900][gc          ] GC(17) Pause Young (Normal) (G1 Evacuation Pause) 207M->164M(1024M) 15.350ms
[2021-04-16T09:56:26.173-0900][gc,cpu      ] GC(17) User=0.03s Sys=0.01s Real=0.02s
[2021-04-16T10:02:17.563-0900][gc,start    ] GC(18) Pause Young (Normal) (G1 Evacuation Pause)
[2021-04-16T10:02:17.564-0900][gc,task     ] GC(18) Using 8 workers of 8 for evacuation
[2021-04-16T10:02:17.583-0900][gc,phases   ] GC(18)   Pre Evacuate Collection Set: 0.7ms
[2021-04-16T10:02:17.583-0900][gc,phases   ] GC(18)   Merge Heap Roots: 0.2ms
[2021-04-16T10:02:17.583-0900][gc,phases   ] GC(18)   Evacuate Collection Set: 17.8ms
[2021-04-16T10:02:17.583-0900][gc,phases   ] GC(18)   Post Evacuate Collection Set: 0.8ms
[2021-04-16T10:02:17.583-0900][gc,phases   ] GC(18)   Other: 1.1ms
[2021-04-16T10:02:17.583-0900][gc,heap     ] GC(18) Eden regions: 67->0(44)
[2021-04-16T10:02:17.583-0900][gc,heap     ] GC(18) Survivor regions: 4->7(9)
[2021-04-16T10:02:17.583-0900][gc,heap     ] GC(18) Old regions: 32->32
[2021-04-16T10:02:17.583-0900][gc,heap     ] GC(18) Archive regions: 2->2
[2021-04-16T10:02:17.583-0900][gc,heap     ] GC(18) Humongous regions: 129->129
[2021-04-16T10:02:17.583-0900][gc,metaspace] GC(18) Metaspace: 41141K(41984K)->41141K(41984K) NonClass: 36272K(36864K)->36272K(36864K) Class: 4869K(5120K)->4869K(5120K)
[2021-04-16T10:02:17.583-0900][gc          ] GC(18) Pause Young (Normal) (G1 Evacuation Pause) 231M->167M(1024M) 20.814ms
[2021-04-16T10:02:17.583-0900][gc,cpu      ] GC(18) User=0.04s Sys=0.02s Real=0.02s
[2021-04-16T10:06:07.856-0900][gc,start    ] GC(19) Pause Young (Normal) (G1 Evacuation Pause)
[2021-04-16T10:06:07.857-0900][gc,task     ] GC(19) Using 8 workers of 8 for evacuation
[2021-04-16T10:06:07.879-0900][gc,mmu      ] GC(19) MMU target violated: 21.0ms (20.0ms/21.0ms)
[2021-04-16T10:06:07.879-0900][gc,phases   ] GC(19)   Pre Evacuate Collection Set: 0.9ms
[2021-04-16T10:06:07.879-0900][gc,phases   ] GC(19)   Merge Heap Roots: 0.2ms
[2021-04-16T10:06:07.879-0900][gc,phases   ] GC(19)   Evacuate Collection Set: 19.7ms
[2021-04-16T10:06:07.879-0900][gc,phases   ] GC(19)   Post Evacuate Collection Set: 1.3ms
[2021-04-16T10:06:07.879-0900][gc,phases   ] GC(19)   Other: 1.5ms
[2021-04-16T10:06:07.879-0900][gc,heap     ] GC(19) Eden regions: 44->0(57)
[2021-04-16T10:06:07.879-0900][gc,heap     ] GC(19) Survivor regions: 7->5(7)
[2021-04-16T10:06:07.879-0900][gc,heap     ] GC(19) Old regions: 32->37
[2021-04-16T10:06:07.879-0900][gc,heap     ] GC(19) Archive regions: 2->2
[2021-04-16T10:06:07.879-0900][gc,heap     ] GC(19) Humongous regions: 129->129
[2021-04-16T10:06:07.879-0900][gc,metaspace] GC(19) Metaspace: 41150K(41984K)->41150K(41984K) NonClass: 36281K(36864K)->36281K(36864K) Class: 4869K(5120K)->4869K(5120K)
[2021-04-16T10:06:07.879-0900][gc          ] GC(19) Pause Young (Normal) (G1 Evacuation Pause) 211M->170M(1024M) 23.564ms
[2021-04-16T10:06:07.879-0900][gc,cpu      ] GC(19) User=0.04s Sys=0.03s Real=0.02s
[2021-04-16T10:10:41.937-0900][gc,start    ] GC(20) Pause Young (Normal) (G1 Evacuation Pause)
[2021-04-16T10:10:41.937-0900][gc,task     ] GC(20) Using 8 workers of 8 for evacuation
[2021-04-16T10:10:41.956-0900][gc,phases   ] GC(20)   Pre Evacuate Collection Set: 0.5ms
[2021-04-16T10:10:41.956-0900][gc,phases   ] GC(20)   Merge Heap Roots: 0.2ms
[2021-04-16T10:10:41.956-0900][gc,phases   ] GC(20)   Evacuate Collection Set: 17.0ms
[2021-04-16T10:10:41.956-0900][gc,phases   ] GC(20)   Post Evacuate Collection Set: 0.6ms
[2021-04-16T10:10:41.956-0900][gc,phases   ] GC(20)   Other: 1.3ms
[2021-04-16T10:10:41.956-0900][gc,heap     ] GC(20) Eden regions: 55->0(43)
[2021-04-16T10:10:41.956-0900][gc,heap     ] GC(20) Survivor regions: 5->8(8)
[2021-04-16T10:10:41.956-0900][gc,heap     ] GC(20) Old regions: 37->37
[2021-04-16T10:10:41.956-0900][gc,heap     ] GC(20) Archive regions: 2->2
[2021-04-16T10:10:41.956-0900][gc,heap     ] GC(20) Humongous regions: 129->129
[2021-04-16T10:10:41.956-0900][gc,metaspace] GC(20) Metaspace: 41200K(41984K)->41200K(41984K) NonClass: 36320K(36864K)->36320K(36864K) Class: 4879K(5120K)->4879K(5120K)
[2021-04-16T10:10:41.956-0900][gc          ] GC(20) Pause Young (Normal) (G1 Evacuation Pause) 225M->174M(1024M) 19.757ms
[2021-04-16T10:10:41.956-0900][gc,cpu      ] GC(20) User=0.05s Sys=0.02s Real=0.02s
[2021-04-16T10:14:15.086-0900][gc,start    ] GC(21) Pause Young (Normal) (G1 Evacuation Pause)
[2021-04-16T10:14:15.087-0900][gc,task     ] GC(21) Using 8 workers of 8 for evacuation
[2021-04-16T10:14:15.104-0900][gc,phases   ] GC(21)   Pre Evacuate Collection Set: 1.5ms
[2021-04-16T10:14:15.104-0900][gc,phases   ] GC(21)   Merge Heap Roots: 0.3ms
[2021-04-16T10:14:15.104-0900][gc,phases   ] GC(21)   Evacuate Collection Set: 13.8ms
[2021-04-16T10:14:15.104-0900][gc,phases   ] GC(21)   Post Evacuate Collection Set: 0.8ms
[2021-04-16T10:14:15.104-0900][gc,phases   ] GC(21)   Other: 2.0ms
[2021-04-16T10:14:15.104-0900][gc,heap     ] GC(21) Eden regions: 43->0(111)
[2021-04-16T10:14:15.104-0900][gc,heap     ] GC(21) Survivor regions: 8->4(7)
[2021-04-16T10:14:15.104-0900][gc,heap     ] GC(21) Old regions: 37->43
[2021-04-16T10:14:15.104-0900][gc,heap     ] GC(21) Archive regions: 2->2
[2021-04-16T10:14:15.104-0900][gc,heap     ] GC(21) Humongous regions: 129->129
[2021-04-16T10:14:15.104-0900][gc,metaspace] GC(21) Metaspace: 41210K(41984K)->41210K(41984K) NonClass: 36331K(36864K)->36331K(36864K) Class: 4879K(5120K)->4879K(5120K)
[2021-04-16T10:14:15.104-0900][gc          ] GC(21) Pause Young (Normal) (G1 Evacuation Pause) 217M->175M(1024M) 18.489ms
[2021-04-16T10:14:15.104-0900][gc,cpu      ] GC(21) User=0.06s Sys=0.02s Real=0.02s
[2021-04-16T10:23:46.436-0900][gc,start    ] GC(22) Pause Young (Normal) (G1 Evacuation Pause)
[2021-04-16T10:23:46.437-0900][gc,task     ] GC(22) Using 8 workers of 8 for evacuation
[2021-04-16T10:23:46.465-0900][gc,mmu      ] GC(22) MMU target violated: 21.0ms (20.0ms/21.0ms)
[2021-04-16T10:23:46.465-0900][gc,phases   ] GC(22)   Pre Evacuate Collection Set: 1.3ms
[2021-04-16T10:23:46.465-0900][gc,phases   ] GC(22)   Merge Heap Roots: 0.2ms
[2021-04-16T10:23:46.465-0900][gc,phases   ] GC(22)   Evacuate Collection Set: 23.7ms
[2021-04-16T10:23:46.465-0900][gc,phases   ] GC(22)   Post Evacuate Collection Set: 1.6ms
[2021-04-16T10:23:46.465-0900][gc,phases   ] GC(22)   Other: 2.2ms
[2021-04-16T10:23:46.465-0900][gc,heap     ] GC(22) Eden regions: 111->0(42)
[2021-04-16T10:23:46.465-0900][gc,heap     ] GC(22) Survivor regions: 4->9(15)
[2021-04-16T10:23:46.465-0900][gc,heap     ] GC(22) Old regions: 43->43
[2021-04-16T10:23:46.465-0900][gc,heap     ] GC(22) Archive regions: 2->2
[2021-04-16T10:23:46.465-0900][gc,heap     ] GC(22) Humongous regions: 129->129
[2021-04-16T10:23:46.465-0900][gc,metaspace] GC(22) Metaspace: 41246K(41984K)->41246K(41984K) NonClass: 36367K(36864K)->36367K(36864K) Class: 4879K(5120K)->4879K(5120K)
[2021-04-16T10:23:46.465-0900][gc          ] GC(22) Pause Young (Normal) (G1 Evacuation Pause) 286M->180M(1024M) 29.152ms
[2021-04-16T10:23:46.465-0900][gc,cpu      ] GC(22) User=0.07s Sys=0.05s Real=0.03s
[2021-04-16T10:27:20.788-0900][gc,start    ] GC(23) Pause Young (Normal) (G1 Evacuation Pause)
[2021-04-16T10:27:20.790-0900][gc,task     ] GC(23) Using 8 workers of 8 for evacuation
[2021-04-16T10:27:20.817-0900][gc,mmu      ] GC(23) MMU target violated: 21.0ms (20.0ms/21.0ms)
[2021-04-16T10:27:20.817-0900][gc,phases   ] GC(23)   Pre Evacuate Collection Set: 1.7ms
[2021-04-16T10:27:20.817-0900][gc,phases   ] GC(23)   Merge Heap Roots: 0.3ms
[2021-04-16T10:27:20.817-0900][gc,phases   ] GC(23)   Evacuate Collection Set: 22.0ms
[2021-04-16T10:27:20.817-0900][gc,phases   ] GC(23)   Post Evacuate Collection Set: 2.8ms
[2021-04-16T10:27:20.817-0900][gc,phases   ] GC(23)   Other: 2.1ms
[2021-04-16T10:27:20.817-0900][gc,heap     ] GC(23) Eden regions: 42->0(71)
[2021-04-16T10:27:20.817-0900][gc,heap     ] GC(23) Survivor regions: 9->4(7)
[2021-04-16T10:27:20.817-0900][gc,heap     ] GC(23) Old regions: 43->49
[2021-04-16T10:27:20.817-0900][gc,heap     ] GC(23) Archive regions: 2->2
[2021-04-16T10:27:20.817-0900][gc,heap     ] GC(23) Humongous regions: 129->129
[2021-04-16T10:27:20.817-0900][gc,metaspace] GC(23) Metaspace: 41253K(41984K)->41253K(41984K) NonClass: 36373K(36864K)->36373K(36864K) Class: 4879K(5120K)->4879K(5120K)
[2021-04-16T10:27:20.817-0900][gc          ] GC(23) Pause Young (Normal) (G1 Evacuation Pause) 222M->181M(1024M) 28.950ms
[2021-04-16T10:27:20.817-0900][gc,cpu      ] GC(23) User=0.05s Sys=0.04s Real=0.03s
[2021-04-16T10:33:26.808-0900][gc,start    ] GC(24) Pause Young (Normal) (G1 Evacuation Pause)
[2021-04-16T10:33:26.809-0900][gc,task     ] GC(24) Using 8 workers of 8 for evacuation
[2021-04-16T10:33:26.824-0900][gc,phases   ] GC(24)   Pre Evacuate Collection Set: 0.4ms
[2021-04-16T10:33:26.824-0900][gc,phases   ] GC(24)   Merge Heap Roots: 0.1ms
[2021-04-16T10:33:26.824-0900][gc,phases   ] GC(24)   Evacuate Collection Set: 13.3ms
[2021-04-16T10:33:26.824-0900][gc,phases   ] GC(24)   Post Evacuate Collection Set: 0.6ms
[2021-04-16T10:33:26.824-0900][gc,phases   ] GC(24)   Other: 1.8ms
[2021-04-16T10:33:26.824-0900][gc,heap     ] GC(24) Eden regions: 71->0(50)
[2021-04-16T10:33:26.824-0900][gc,heap     ] GC(24) Survivor regions: 4->7(10)
[2021-04-16T10:33:26.824-0900][gc,heap     ] GC(24) Old regions: 49->49
[2021-04-16T10:33:26.824-0900][gc,heap     ] GC(24) Archive regions: 2->2
[2021-04-16T10:33:26.824-0900][gc,heap     ] GC(24) Humongous regions: 129->129
[2021-04-16T10:33:26.824-0900][gc,metaspace] GC(24) Metaspace: 41255K(41984K)->41255K(41984K) NonClass: 36375K(36864K)->36375K(36864K) Class: 4879K(5120K)->4879K(5120K)
[2021-04-16T10:33:26.824-0900][gc          ] GC(24) Pause Young (Normal) (G1 Evacuation Pause) 252M->184M(1024M) 16.480ms
[2021-04-16T10:33:26.824-0900][gc,cpu      ] GC(24) User=0.06s Sys=0.02s Real=0.02s
[2021-04-16T10:37:42.640-0900][gc,start    ] GC(25) Pause Young (Normal) (G1 Evacuation Pause)
[2021-04-16T10:37:42.642-0900][gc,task     ] GC(25) Using 8 workers of 8 for evacuation
[2021-04-16T10:37:42.657-0900][gc,phases   ] GC(25)   Pre Evacuate Collection Set: 0.4ms
[2021-04-16T10:37:42.657-0900][gc,phases   ] GC(25)   Merge Heap Roots: 0.2ms
[2021-04-16T10:37:42.657-0900][gc,phases   ] GC(25)   Evacuate Collection Set: 14.0ms
[2021-04-16T10:37:42.657-0900][gc,phases   ] GC(25)   Post Evacuate Collection Set: 0.4ms
[2021-04-16T10:37:42.657-0900][gc,phases   ] GC(25)   Other: 2.1ms
[2021-04-16T10:37:42.657-0900][gc,heap     ] GC(25) Eden regions: 50->0(81)
[2021-04-16T10:37:42.657-0900][gc,heap     ] GC(25) Survivor regions: 7->6(8)
[2021-04-16T10:37:42.657-0900][gc,heap     ] GC(25) Old regions: 49->54
[2021-04-16T10:37:42.657-0900][gc,heap     ] GC(25) Archive regions: 2->2
[2021-04-16T10:37:42.657-0900][gc,heap     ] GC(25) Humongous regions: 129->129
[2021-04-16T10:37:42.657-0900][gc,metaspace] GC(25) Metaspace: 41255K(41984K)->41255K(41984K) NonClass: 36376K(36864K)->36376K(36864K) Class: 4879K(5120K)->4879K(5120K)
[2021-04-16T10:37:42.657-0900][gc          ] GC(25) Pause Young (Normal) (G1 Evacuation Pause) 234M->188M(1024M) 17.203ms
[2021-04-16T10:37:42.657-0900][gc,cpu      ] GC(25) User=0.07s Sys=0.01s Real=0.01s
[2021-04-16T10:44:39.752-0900][gc,start    ] GC(26) Pause Young (Normal) (G1 Evacuation Pause)
[2021-04-16T10:44:39.752-0900][gc,task     ] GC(26) Using 8 workers of 8 for evacuation
[2021-04-16T10:44:39.774-0900][gc,mmu      ] GC(26) MMU target violated: 21.0ms (20.0ms/21.0ms)
[2021-04-16T10:44:39.774-0900][gc,phases   ] GC(26)   Pre Evacuate Collection Set: 1.0ms
[2021-04-16T10:44:39.774-0900][gc,phases   ] GC(26)   Merge Heap Roots: 0.2ms
[2021-04-16T10:44:39.774-0900][gc,phases   ] GC(26)   Evacuate Collection Set: 19.4ms
[2021-04-16T10:44:39.774-0900][gc,phases   ] GC(26)   Post Evacuate Collection Set: 1.3ms
[2021-04-16T10:44:39.774-0900][gc,phases   ] GC(26)   Other: 0.8ms
[2021-04-16T10:44:39.774-0900][gc,heap     ] GC(26) Eden regions: 81->0(45)
[2021-04-16T10:44:39.774-0900][gc,heap     ] GC(26) Survivor regions: 6->8(11)
[2021-04-16T10:44:39.774-0900][gc,heap     ] GC(26) Old regions: 54->54
[2021-04-16T10:44:39.774-0900][gc,heap     ] GC(26) Archive regions: 2->2
[2021-04-16T10:44:39.774-0900][gc,heap     ] GC(26) Humongous regions: 129->129
[2021-04-16T10:44:39.774-0900][gc,metaspace] GC(26) Metaspace: 41283K(42240K)->41283K(42240K) NonClass: 36403K(37120K)->36403K(37120K) Class: 4879K(5120K)->4879K(5120K)
[2021-04-16T10:44:39.774-0900][gc          ] GC(26) Pause Young (Normal) (G1 Evacuation Pause) 269M->191M(1024M) 22.860ms
[2021-04-16T10:44:39.774-0900][gc,cpu      ] GC(26) User=0.05s Sys=0.03s Real=0.02s
[2021-04-16T10:48:29.832-0900][gc,start    ] GC(27) Pause Young (Normal) (G1 Evacuation Pause)
[2021-04-16T10:48:29.832-0900][gc,task     ] GC(27) Using 8 workers of 8 for evacuation
[2021-04-16T10:48:29.853-0900][gc,mmu      ] GC(27) MMU target violated: 20.3ms (20.0ms/21.0ms)
[2021-04-16T10:48:29.853-0900][gc,phases   ] GC(27)   Pre Evacuate Collection Set: 0.5ms
[2021-04-16T10:48:29.853-0900][gc,phases   ] GC(27)   Merge Heap Roots: 0.2ms
[2021-04-16T10:48:29.853-0900][gc,phases   ] GC(27)   Evacuate Collection Set: 18.4ms
[2021-04-16T10:48:29.853-0900][gc,phases   ] GC(27)   Post Evacuate Collection Set: 1.4ms
[2021-04-16T10:48:29.853-0900][gc,phases   ] GC(27)   Other: 1.1ms
[2021-04-16T10:48:29.853-0900][gc,heap     ] GC(27) Eden regions: 45->0(96)
[2021-04-16T10:48:29.853-0900][gc,heap     ] GC(27) Survivor regions: 8->5(7)
[2021-04-16T10:48:29.853-0900][gc,heap     ] GC(27) Old regions: 54->60
[2021-04-16T10:48:29.853-0900][gc,heap     ] GC(27) Archive regions: 2->2
[2021-04-16T10:48:29.853-0900][gc,heap     ] GC(27) Humongous regions: 129->129
[2021-04-16T10:48:29.853-0900][gc,metaspace] GC(27) Metaspace: 41296K(42240K)->41296K(42240K) NonClass: 36416K(37120K)->36416K(37120K) Class: 4879K(5120K)->4879K(5120K)
[2021-04-16T10:48:29.853-0900][gc          ] GC(27) Pause Young (Normal) (G1 Evacuation Pause) 236M->194M(1024M) 21.569ms
[2021-04-16T10:48:29.853-0900][gc,cpu      ] GC(27) User=0.06s Sys=0.01s Real=0.02s
[2021-04-16T10:56:41.607-0900][gc,start    ] GC(28) Pause Young (Normal) (G1 Evacuation Pause)
[2021-04-16T10:56:41.608-0900][gc,task     ] GC(28) Using 8 workers of 8 for evacuation
[2021-04-16T10:56:41.637-0900][gc,mmu      ] GC(28) MMU target violated: 21.0ms (20.0ms/21.0ms)
[2021-04-16T10:56:41.637-0900][gc,phases   ] GC(28)   Pre Evacuate Collection Set: 1.6ms
[2021-04-16T10:56:41.637-0900][gc,phases   ] GC(28)   Merge Heap Roots: 0.3ms
[2021-04-16T10:56:41.637-0900][gc,phases   ] GC(28)   Evacuate Collection Set: 25.8ms
[2021-04-16T10:56:41.637-0900][gc,phases   ] GC(28)   Post Evacuate Collection Set: 1.2ms
[2021-04-16T10:56:41.637-0900][gc,phases   ] GC(28)   Other: 1.3ms
[2021-04-16T10:56:41.637-0900][gc,heap     ] GC(28) Eden regions: 96->0(42)
[2021-04-16T10:56:41.637-0900][gc,heap     ] GC(28) Survivor regions: 5->9(13)
[2021-04-16T10:56:41.637-0900][gc,heap     ] GC(28) Old regions: 60->60
[2021-04-16T10:56:41.637-0900][gc,heap     ] GC(28) Archive regions: 2->2
[2021-04-16T10:56:41.637-0900][gc,heap     ] GC(28) Humongous regions: 129->129
[2021-04-16T10:56:41.637-0900][gc,metaspace] GC(28) Metaspace: 41299K(42240K)->41299K(42240K) NonClass: 36420K(37120K)->36420K(37120K) Class: 4879K(5120K)->4879K(5120K)
[2021-04-16T10:56:41.637-0900][gc          ] GC(28) Pause Young (Normal) (G1 Evacuation Pause) 290M->198M(1024M) 30.401ms
[2021-04-16T10:56:41.637-0900][gc,cpu      ] GC(28) User=0.06s Sys=0.04s Real=0.03s
[2021-04-16T11:00:16.553-0900][gc,start    ] GC(29) Pause Young (Normal) (G1 Evacuation Pause)
[2021-04-16T11:00:16.554-0900][gc,task     ] GC(29) Using 8 workers of 8 for evacuation
[2021-04-16T11:00:16.572-0900][gc,phases   ] GC(29)   Pre Evacuate Collection Set: 0.3ms
[2021-04-16T11:00:16.572-0900][gc,phases   ] GC(29)   Merge Heap Roots: 0.1ms
[2021-04-16T11:00:16.572-0900][gc,phases   ] GC(29)   Evacuate Collection Set: 16.1ms
[2021-04-16T11:00:16.572-0900][gc,phases   ] GC(29)   Post Evacuate Collection Set: 1.0ms
[2021-04-16T11:00:16.572-0900][gc,phases   ] GC(29)   Other: 1.2ms
[2021-04-16T11:00:16.572-0900][gc,heap     ] GC(29) Eden regions: 42->0(81)
[2021-04-16T11:00:16.572-0900][gc,heap     ] GC(29) Survivor regions: 9->5(7)
[2021-04-16T11:00:16.572-0900][gc,heap     ] GC(29) Old regions: 60->67
[2021-04-16T11:00:16.572-0900][gc,heap     ] GC(29) Archive regions: 2->2
[2021-04-16T11:00:16.572-0900][gc,heap     ] GC(29) Humongous regions: 129->129
[2021-04-16T11:00:16.572-0900][gc,metaspace] GC(29) Metaspace: 41299K(42240K)->41299K(42240K) NonClass: 36420K(37120K)->36420K(37120K) Class: 4879K(5120K)->4879K(5120K)
[2021-04-16T11:00:16.572-0900][gc          ] GC(29) Pause Young (Normal) (G1 Evacuation Pause) 240M->201M(1024M) 18.909ms
[2021-04-16T11:00:16.572-0900][gc,cpu      ] GC(29) User=0.06s Sys=0.01s Real=0.02s
[2021-04-16T11:07:12.943-0900][gc,start    ] GC(30) Pause Young (Normal) (G1 Evacuation Pause)
[2021-04-16T11:07:12.943-0900][gc,task     ] GC(30) Using 8 workers of 8 for evacuation
[2021-04-16T11:07:12.972-0900][gc,mmu      ] GC(30) MMU target violated: 21.0ms (20.0ms/21.0ms)
[2021-04-16T11:07:12.973-0900][gc,phases   ] GC(30)   Pre Evacuate Collection Set: 1.6ms
[2021-04-16T11:07:12.973-0900][gc,phases   ] GC(30)   Merge Heap Roots: 0.7ms
[2021-04-16T11:07:12.973-0900][gc,phases   ] GC(30)   Evacuate Collection Set: 21.2ms
[2021-04-16T11:07:12.973-0900][gc,phases   ] GC(30)   Post Evacuate Collection Set: 3.9ms
[2021-04-16T11:07:12.973-0900][gc,phases   ] GC(30)   Other: 5.3ms
[2021-04-16T11:07:12.973-0900][gc,heap     ] GC(30) Eden regions: 81->0(43)
[2021-04-16T11:07:12.973-0900][gc,heap     ] GC(30) Survivor regions: 5->8(11)
[2021-04-16T11:07:12.973-0900][gc,heap     ] GC(30) Old regions: 67->67
[2021-04-16T11:07:12.973-0900][gc,heap     ] GC(30) Archive regions: 2->2
[2021-04-16T11:07:12.973-0900][gc,heap     ] GC(30) Humongous regions: 129->129
[2021-04-16T11:07:12.973-0900][gc,metaspace] GC(30) Metaspace: 41300K(42240K)->41300K(42240K) NonClass: 36421K(37120K)->36421K(37120K) Class: 4879K(5120K)->4879K(5120K)
[2021-04-16T11:07:12.974-0900][gc          ] GC(30) Pause Young (Normal) (G1 Evacuation Pause) 282M->203M(1024M) 31.970ms
[2021-04-16T11:07:12.974-0900][gc,cpu      ] GC(30) User=0.06s Sys=0.06s Real=0.03s
[2021-04-16T11:10:39.399-0900][gc,start    ] GC(31) Pause Young (Normal) (G1 Evacuation Pause)
[2021-04-16T11:10:39.400-0900][gc,task     ] GC(31) Using 8 workers of 8 for evacuation
[2021-04-16T11:10:39.440-0900][gc,mmu      ] GC(31) MMU target violated: 21.0ms (20.0ms/21.0ms)
[2021-04-16T11:10:39.440-0900][gc,phases   ] GC(31)   Pre Evacuate Collection Set: 0.8ms
[2021-04-16T11:10:39.440-0900][gc,phases   ] GC(31)   Merge Heap Roots: 0.4ms
[2021-04-16T11:10:39.440-0900][gc,phases   ] GC(31)   Evacuate Collection Set: 37.3ms
[2021-04-16T11:10:39.440-0900][gc,phases   ] GC(31)   Post Evacuate Collection Set: 1.7ms
[2021-04-16T11:10:39.440-0900][gc,phases   ] GC(31)   Other: 1.2ms
[2021-04-16T11:10:39.440-0900][gc,heap     ] GC(31) Eden regions: 43->0(45)
[2021-04-16T11:10:39.440-0900][gc,heap     ] GC(31) Survivor regions: 8->6(7)
[2021-04-16T11:10:39.440-0900][gc,heap     ] GC(31) Old regions: 67->72
[2021-04-16T11:10:39.440-0900][gc,heap     ] GC(31) Archive regions: 2->2
[2021-04-16T11:10:39.440-0900][gc,heap     ] GC(31) Humongous regions: 129->129
[2021-04-16T11:10:39.440-0900][gc,metaspace] GC(31) Metaspace: 41302K(42240K)->41302K(42240K) NonClass: 36423K(37120K)->36423K(37120K) Class: 4879K(5120K)->4879K(5120K)
[2021-04-16T11:10:39.440-0900][gc          ] GC(31) Pause Young (Normal) (G1 Evacuation Pause) 246M->207M(1024M) 41.620ms
[2021-04-16T11:10:39.440-0900][gc,cpu      ] GC(31) User=0.07s Sys=0.05s Real=0.05s
[2021-04-16T11:14:29.119-0900][gc,start    ] GC(32) Pause Young (Normal) (G1 Evacuation Pause)
[2021-04-16T11:14:29.119-0900][gc,task     ] GC(32) Using 8 workers of 8 for evacuation
[2021-04-16T11:14:29.140-0900][gc,mmu      ] GC(32) MMU target violated: 20.6ms (20.0ms/21.0ms)
[2021-04-16T11:14:29.140-0900][gc,phases   ] GC(32)   Pre Evacuate Collection Set: 1.1ms
[2021-04-16T11:14:29.140-0900][gc,phases   ] GC(32)   Merge Heap Roots: 0.5ms
[2021-04-16T11:14:29.140-0900][gc,phases   ] GC(32)   Evacuate Collection Set: 16.9ms
[2021-04-16T11:14:29.140-0900][gc,phases   ] GC(32)   Post Evacuate Collection Set: 2.1ms
[2021-04-16T11:14:29.140-0900][gc,phases   ] GC(32)   Other: 1.3ms
[2021-04-16T11:14:29.141-0900][gc,heap     ] GC(32) Eden regions: 45->0(47)
[2021-04-16T11:14:29.141-0900][gc,heap     ] GC(32) Survivor regions: 6->4(7)
[2021-04-16T11:14:29.141-0900][gc,heap     ] GC(32) Old regions: 72->76
[2021-04-16T11:14:29.141-0900][gc,heap     ] GC(32) Archive regions: 2->2
[2021-04-16T11:14:29.141-0900][gc,heap     ] GC(32) Humongous regions: 129->129
[2021-04-16T11:14:29.141-0900][gc,metaspace] GC(32) Metaspace: 41304K(42240K)->41304K(42240K) NonClass: 36425K(37120K)->36425K(37120K) Class: 4879K(5120K)->4879K(5120K)
[2021-04-16T11:14:29.141-0900][gc          ] GC(32) Pause Young (Normal) (G1 Evacuation Pause) 252M->208M(1024M) 22.051ms
[2021-04-16T11:14:29.141-0900][gc,cpu      ] GC(32) User=0.04s Sys=0.03s Real=0.03s
[2021-04-16T11:18:28.703-0900][gc,start    ] GC(33) Pause Young (Normal) (G1 Evacuation Pause)
[2021-04-16T11:18:28.704-0900][gc,task     ] GC(33) Using 8 workers of 8 for evacuation
[2021-04-16T11:18:28.721-0900][gc,phases   ] GC(33)   Pre Evacuate Collection Set: 1.1ms
[2021-04-16T11:18:28.721-0900][gc,phases   ] GC(33)   Merge Heap Roots: 0.2ms
[2021-04-16T11:18:28.721-0900][gc,phases   ] GC(33)   Evacuate Collection Set: 13.6ms
[2021-04-16T11:18:28.721-0900][gc,phases   ] GC(33)   Post Evacuate Collection Set: 1.5ms
[2021-04-16T11:18:28.721-0900][gc,phases   ] GC(33)   Other: 1.0ms
[2021-04-16T11:18:28.721-0900][gc,heap     ] GC(33) Eden regions: 47->0(52)
[2021-04-16T11:18:28.721-0900][gc,heap     ] GC(33) Survivor regions: 4->5(7)
[2021-04-16T11:18:28.721-0900][gc,heap     ] GC(33) Old regions: 76->76
[2021-04-16T11:18:28.721-0900][gc,heap     ] GC(33) Archive regions: 2->2
[2021-04-16T11:18:28.721-0900][gc,heap     ] GC(33) Humongous regions: 129->129
[2021-04-16T11:18:28.721-0900][gc,metaspace] GC(33) Metaspace: 41329K(42240K)->41329K(42240K) NonClass: 36449K(37120K)->36449K(37120K) Class: 4879K(5120K)->4879K(5120K)
[2021-04-16T11:18:28.721-0900][gc          ] GC(33) Pause Young (Normal) (G1 Evacuation Pause) 255M->209M(1024M) 17.774ms
[2021-04-16T11:18:28.721-0900][gc,cpu      ] GC(33) User=0.04s Sys=0.02s Real=0.02s
[2021-04-16T11:22:55.002-0900][gc,start    ] GC(34) Pause Young (Normal) (G1 Evacuation Pause)
[2021-04-16T11:22:55.004-0900][gc,task     ] GC(34) Using 8 workers of 8 for evacuation
[2021-04-16T11:22:55.021-0900][gc,phases   ] GC(34)   Pre Evacuate Collection Set: 0.7ms
[2021-04-16T11:22:55.021-0900][gc,phases   ] GC(34)   Merge Heap Roots: 0.2ms
[2021-04-16T11:22:55.021-0900][gc,phases   ] GC(34)   Evacuate Collection Set: 15.3ms
[2021-04-16T11:22:55.021-0900][gc,phases   ] GC(34)   Post Evacuate Collection Set: 1.1ms
[2021-04-16T11:22:55.021-0900][gc,phases   ] GC(34)   Other: 1.7ms
[2021-04-16T11:22:55.021-0900][gc,heap     ] GC(34) Eden regions: 52->0(66)
[2021-04-16T11:22:55.021-0900][gc,heap     ] GC(34) Survivor regions: 5->5(8)
[2021-04-16T11:22:55.021-0900][gc,heap     ] GC(34) Old regions: 76->77
[2021-04-16T11:22:55.021-0900][gc,heap     ] GC(34) Archive regions: 2->2
[2021-04-16T11:22:55.021-0900][gc,heap     ] GC(34) Humongous regions: 129->129
[2021-04-16T11:22:55.022-0900][gc,metaspace] GC(34) Metaspace: 41331K(42240K)->41331K(42240K) NonClass: 36451K(37120K)->36451K(37120K) Class: 4879K(5120K)->4879K(5120K)
[2021-04-16T11:22:55.022-0900][gc          ] GC(34) Pause Young (Normal) (G1 Evacuation Pause) 261M->211M(1024M) 19.328ms
[2021-04-16T11:22:55.022-0900][gc,cpu      ] GC(34) User=0.04s Sys=0.02s Real=0.02s
[2021-04-16T11:28:17.163-0900][gc,start    ] GC(35) Pause Young (Normal) (G1 Evacuation Pause)
[2021-04-16T11:28:17.163-0900][gc,task     ] GC(35) Using 8 workers of 8 for evacuation
[2021-04-16T11:28:17.199-0900][gc,mmu      ] GC(35) MMU target violated: 21.0ms (20.0ms/21.0ms)
[2021-04-16T11:28:17.199-0900][gc,phases   ] GC(35)   Pre Evacuate Collection Set: 1.2ms
[2021-04-16T11:28:17.199-0900][gc,phases   ] GC(35)   Merge Heap Roots: 0.2ms
[2021-04-16T11:28:17.199-0900][gc,phases   ] GC(35)   Evacuate Collection Set: 31.6ms
[2021-04-16T11:28:17.199-0900][gc,phases   ] GC(35)   Post Evacuate Collection Set: 2.2ms
[2021-04-16T11:28:17.199-0900][gc,phases   ] GC(35)   Other: 1.1ms
[2021-04-16T11:28:17.199-0900][gc,heap     ] GC(35) Eden regions: 63->0(43)
[2021-04-16T11:28:17.199-0900][gc,heap     ] GC(35) Survivor regions: 5->8(9)
[2021-04-16T11:28:17.199-0900][gc,heap     ] GC(35) Old regions: 77->79
[2021-04-16T11:28:17.199-0900][gc,heap     ] GC(35) Archive regions: 2->2
[2021-04-16T11:28:17.199-0900][gc,heap     ] GC(35) Humongous regions: 129->129
[2021-04-16T11:28:17.199-0900][gc,metaspace] GC(35) Metaspace: 41333K(42240K)->41333K(42240K) NonClass: 36454K(37120K)->36454K(37120K) Class: 4879K(5120K)->4879K(5120K)
[2021-04-16T11:28:17.199-0900][gc          ] GC(35) Pause Young (Normal) (G1 Evacuation Pause) 274M->216M(1024M) 36.492ms
[2021-04-16T11:28:17.199-0900][gc,cpu      ] GC(35) User=0.06s Sys=0.03s Real=0.03s
[2021-04-16T11:31:57.606-0900][gc,start    ] GC(36) Pause Young (Normal) (G1 Evacuation Pause)
[2021-04-16T11:31:57.606-0900][gc,task     ] GC(36) Using 8 workers of 8 for evacuation
[2021-04-16T11:31:57.628-0900][gc,mmu      ] GC(36) MMU target violated: 21.0ms (20.0ms/21.0ms)
[2021-04-16T11:31:57.628-0900][gc,phases   ] GC(36)   Pre Evacuate Collection Set: 0.4ms
[2021-04-16T11:31:57.628-0900][gc,phases   ] GC(36)   Merge Heap Roots: 0.2ms
[2021-04-16T11:31:57.628-0900][gc,phases   ] GC(36)   Evacuate Collection Set: 17.6ms
[2021-04-16T11:31:57.628-0900][gc,phases   ] GC(36)   Post Evacuate Collection Set: 2.8ms
[2021-04-16T11:31:57.628-0900][gc,phases   ] GC(36)   Other: 1.3ms
[2021-04-16T11:31:57.628-0900][gc,heap     ] GC(36) Eden regions: 43->0(73)
[2021-04-16T11:31:57.628-0900][gc,heap     ] GC(36) Survivor regions: 8->4(7)
[2021-04-16T11:31:57.628-0900][gc,heap     ] GC(36) Old regions: 79->85
[2021-04-16T11:31:57.628-0900][gc,heap     ] GC(36) Archive regions: 2->2
[2021-04-16T11:31:57.628-0900][gc,heap     ] GC(36) Humongous regions: 129->129
[2021-04-16T11:31:57.628-0900][gc,metaspace] GC(36) Metaspace: 41336K(42240K)->41336K(42240K) NonClass: 36456K(37120K)->36456K(37120K) Class: 4879K(5120K)->4879K(5120K)
[2021-04-16T11:31:57.628-0900][gc          ] GC(36) Pause Young (Normal) (G1 Evacuation Pause) 259M->217M(1024M) 22.415ms
[2021-04-16T11:31:57.628-0900][gc,cpu      ] GC(36) User=0.06s Sys=0.01s Real=0.02s
[2021-04-16T11:38:12.742-0900][gc,start    ] GC(37) Pause Young (Normal) (G1 Evacuation Pause)
[2021-04-16T11:38:12.744-0900][gc,task     ] GC(37) Using 8 workers of 8 for evacuation
[2021-04-16T11:38:12.761-0900][gc,phases   ] GC(37)   Pre Evacuate Collection Set: 1.4ms
[2021-04-16T11:38:12.761-0900][gc,phases   ] GC(37)   Merge Heap Roots: 0.2ms
[2021-04-16T11:38:12.761-0900][gc,phases   ] GC(37)   Evacuate Collection Set: 12.8ms
[2021-04-16T11:38:12.761-0900][gc,phases   ] GC(37)   Post Evacuate Collection Set: 2.3ms
[2021-04-16T11:38:12.761-0900][gc,phases   ] GC(37)   Other: 2.3ms
[2021-04-16T11:38:12.761-0900][gc,heap     ] GC(37) Eden regions: 73->0(44)
[2021-04-16T11:38:12.761-0900][gc,heap     ] GC(37) Survivor regions: 4->7(10)
[2021-04-16T11:38:12.761-0900][gc,heap     ] GC(37) Old regions: 85->85
[2021-04-16T11:38:12.761-0900][gc,heap     ] GC(37) Archive regions: 2->2
[2021-04-16T11:38:12.761-0900][gc,heap     ] GC(37) Humongous regions: 129->129
[2021-04-16T11:38:12.761-0900][gc,metaspace] GC(37) Metaspace: 41339K(42240K)->41339K(42240K) NonClass: 36459K(37120K)->36459K(37120K) Class: 4879K(5120K)->4879K(5120K)
[2021-04-16T11:38:12.761-0900][gc          ] GC(37) Pause Young (Normal) (G1 Evacuation Pause) 290M->220M(1024M) 19.105ms
[2021-04-16T11:38:12.761-0900][gc,cpu      ] GC(37) User=0.05s Sys=0.04s Real=0.02s
[2021-04-16T11:41:56.743-0900][gc,start    ] GC(38) Pause Young (Normal) (G1 Evacuation Pause)
[2021-04-16T11:41:56.744-0900][gc,task     ] GC(38) Using 8 workers of 8 for evacuation
[2021-04-16T11:41:56.779-0900][gc,mmu      ] GC(38) MMU target violated: 21.0ms (20.0ms/21.0ms)
[2021-04-16T11:41:56.779-0900][gc,phases   ] GC(38)   Pre Evacuate Collection Set: 1.7ms
[2021-04-16T11:41:56.779-0900][gc,phases   ] GC(38)   Merge Heap Roots: 0.5ms
[2021-04-16T11:41:56.779-0900][gc,phases   ] GC(38)   Evacuate Collection Set: 29.1ms
[2021-04-16T11:41:56.779-0900][gc,phases   ] GC(38)   Post Evacuate Collection Set: 2.4ms
[2021-04-16T11:41:56.779-0900][gc,phases   ] GC(38)   Other: 2.3ms
[2021-04-16T11:41:56.779-0900][gc,heap     ] GC(38) Eden regions: 44->0(46)
[2021-04-16T11:41:56.779-0900][gc,heap     ] GC(38) Survivor regions: 7->5(7)
[2021-04-16T11:41:56.779-0900][gc,heap     ] GC(38) Old regions: 85->90
[2021-04-16T11:41:56.779-0900][gc,heap     ] GC(38) Archive regions: 2->2
[2021-04-16T11:41:56.779-0900][gc,heap     ] GC(38) Humongous regions: 129->129
[2021-04-16T11:41:56.779-0900][gc,metaspace] GC(38) Metaspace: 41351K(42240K)->41351K(42240K) NonClass: 36472K(37120K)->36472K(37120K) Class: 4879K(5120K)->4879K(5120K)
[2021-04-16T11:41:56.779-0900][gc          ] GC(38) Pause Young (Normal) (G1 Evacuation Pause) 264M->223M(1024M) 36.142ms
[2021-04-16T11:41:56.779-0900][gc,cpu      ] GC(38) User=0.06s Sys=0.04s Real=0.03s
[2021-04-16T11:45:52.244-0900][gc,start    ] GC(39) Pause Young (Normal) (G1 Evacuation Pause)
[2021-04-16T11:45:52.245-0900][gc,task     ] GC(39) Using 8 workers of 8 for evacuation
[2021-04-16T11:45:52.264-0900][gc,phases   ] GC(39)   Pre Evacuate Collection Set: 1.6ms
[2021-04-16T11:45:52.264-0900][gc,phases   ] GC(39)   Merge Heap Roots: 0.5ms
[2021-04-16T11:45:52.264-0900][gc,phases   ] GC(39)   Evacuate Collection Set: 15.2ms
[2021-04-16T11:45:52.264-0900][gc,phases   ] GC(39)   Post Evacuate Collection Set: 1.9ms
[2021-04-16T11:45:52.264-0900][gc,phases   ] GC(39)   Other: 1.4ms
[2021-04-16T11:45:52.264-0900][gc,heap     ] GC(39) Eden regions: 46->0(77)
[2021-04-16T11:45:52.264-0900][gc,heap     ] GC(39) Survivor regions: 5->4(7)
[2021-04-16T11:45:52.264-0900][gc,heap     ] GC(39) Old regions: 90->92
[2021-04-16T11:45:52.264-0900][gc,heap     ] GC(39) Archive regions: 2->2
[2021-04-16T11:45:52.264-0900][gc,heap     ] GC(39) Humongous regions: 129->129
[2021-04-16T11:45:52.264-0900][gc,metaspace] GC(39) Metaspace: 41353K(42240K)->41353K(42240K) NonClass: 36473K(37120K)->36473K(37120K) Class: 4879K(5120K)->4879K(5120K)
[2021-04-16T11:45:52.264-0900][gc          ] GC(39) Pause Young (Normal) (G1 Evacuation Pause) 269M->224M(1024M) 20.705ms
[2021-04-16T11:45:52.265-0900][gc,cpu      ] GC(39) User=0.05s Sys=0.02s Real=0.02s
[2021-04-16T11:49:30.084-0900][gc,heap,exit] Heap
[2021-04-16T11:49:30.085-0900][gc,heap,exit]  garbage-first heap   total 1048576K, used 282584K [0x00000007c0000000, 0x0000000800000000)
[2021-04-16T11:49:30.085-0900][gc,heap,exit]   region size 1024K, 57 young (58368K), 4 survivors (4096K)
[2021-04-16T11:49:30.085-0900][gc,heap,exit]  Metaspace       used 42064K, capacity 42619K, committed 42880K, reserved 1087488K
[2021-04-16T11:49:30.085-0900][gc,heap,exit]   class space    used 5024K, capacity 5222K, committed 5248K, reserved 1048576K
