[2021-04-15T17:48:45.184-0900][gc] Using G1
[2021-04-15T17:48:45.189-0900][gc,init] Version: 15.0.2+7-27 (release)
[2021-04-15T17:48:45.189-0900][gc,init] CPUs: 8 total, 8 available
[2021-04-15T17:48:45.189-0900][gc,init] Memory: 8192M
[2021-04-15T17:48:45.189-0900][gc,init] Large Page Support: Disabled
[2021-04-15T17:48:45.189-0900][gc,init] NUMA Support: Disabled
[2021-04-15T17:48:45.189-0900][gc,init] Compressed Oops: Enabled (Zero based)
[2021-04-15T17:48:45.189-0900][gc,init] Heap Region Size: 1M
[2021-04-15T17:48:45.189-0900][gc,init] Heap Min Capacity: 1G
[2021-04-15T17:48:45.189-0900][gc,init] Heap Initial Capacity: 1G
[2021-04-15T17:48:45.189-0900][gc,init] Heap Max Capacity: 1G
[2021-04-15T17:48:45.189-0900][gc,init] Pre-touch: Disabled
[2021-04-15T17:48:45.189-0900][gc,init] Parallel Workers: 8
[2021-04-15T17:48:45.189-0900][gc,init] Concurrent Workers: 2
[2021-04-15T17:48:45.189-0900][gc,init] Concurrent Refinement Workers: 8
[2021-04-15T17:48:45.189-0900][gc,init] Periodic GC: Disabled
[2021-04-15T17:48:45.189-0900][gc,cds ] Mark closed archive regions in map: [0x00000007fff00000, 0x00000007fff78ff8]
[2021-04-15T17:48:45.189-0900][gc,cds ] Mark open archive regions in map: [0x00000007ffe00000, 0x00000007ffe50ff8]
[2021-04-15T17:48:45.189-0900][gc,metaspace] CDS archive(s) mapped at: [0x0000000800000000-0x0000000800b2d000-0x0000000800b2d000), size 11718656, SharedBaseAddress: 0x0000000800000000, ArchiveRelocationMode: 0.
[2021-04-15T17:48:45.189-0900][gc,metaspace] Compressed class space mapped at: 0x0000000800b30000-0x0000000840b30000, size: 1073741824
[2021-04-15T17:48:45.189-0900][gc,metaspace] Narrow klass base: 0x0000000800000000, Narrow klass shift: 3, Narrow klass range: 0x100000000
[2021-04-15T17:48:46.826-0900][gc,start    ] GC(0) Pause Young (Normal) (G1 Evacuation Pause)
[2021-04-15T17:48:46.842-0900][gc,task     ] GC(0) Using 8 workers of 8 for evacuation
[2021-04-15T17:48:46.854-0900][gc,phases   ] GC(0)   Pre Evacuate Collection Set: 0.1ms
[2021-04-15T17:48:46.860-0900][gc,phases   ] GC(0)   Merge Heap Roots: 0.1ms
[2021-04-15T17:48:46.860-0900][gc,phases   ] GC(0)   Evacuate Collection Set: 10.7ms
[2021-04-15T17:48:46.860-0900][gc,phases   ] GC(0)   Post Evacuate Collection Set: 0.3ms
[2021-04-15T17:48:46.860-0900][gc,phases   ] GC(0)   Other: 16.6ms
[2021-04-15T17:48:46.860-0900][gc,heap     ] GC(0) Eden regions: 51->0(44)
[2021-04-15T17:48:46.860-0900][gc,heap     ] GC(0) Survivor regions: 0->7(7)
[2021-04-15T17:48:46.860-0900][gc,heap     ] GC(0) Old regions: 0->0
[2021-04-15T17:48:46.860-0900][gc,heap     ] GC(0) Archive regions: 2->2
[2021-04-15T17:48:46.860-0900][gc,heap     ] GC(0) Humongous regions: 0->0
[2021-04-15T17:48:46.860-0900][gc,metaspace] GC(0) Metaspace: 19806K(20608K)->19806K(20608K) NonClass: 17184K(17920K)->17184K(17920K) Class: 2621K(2688K)->2621K(2688K)
[2021-04-15T17:48:46.860-0900][gc          ] GC(0) Pause Young (Normal) (G1 Evacuation Pause) 51M->7M(1024M) 34.308ms
[2021-04-15T17:48:46.860-0900][gc,cpu      ] GC(0) User=0.02s Sys=0.01s Real=0.04s
[2021-04-15T17:48:46.981-0900][gc,start    ] GC(1) Pause Young (Concurrent Start) (Metadata GC Threshold)
[2021-04-15T17:48:46.981-0900][gc,task     ] GC(1) Using 8 workers of 8 for evacuation
[2021-04-15T17:48:46.988-0900][gc,phases   ] GC(1)   Pre Evacuate Collection Set: 0.1ms
[2021-04-15T17:48:46.988-0900][gc,phases   ] GC(1)   Merge Heap Roots: 0.0ms
[2021-04-15T17:48:46.988-0900][gc,phases   ] GC(1)   Evacuate Collection Set: 6.9ms
[2021-04-15T17:48:46.988-0900][gc,phases   ] GC(1)   Post Evacuate Collection Set: 0.2ms
[2021-04-15T17:48:46.988-0900][gc,phases   ] GC(1)   Other: 0.2ms
[2021-04-15T17:48:46.988-0900][gc,heap     ] GC(1) Eden regions: 4->0(50)
[2021-04-15T17:48:46.988-0900][gc,heap     ] GC(1) Survivor regions: 7->1(7)
[2021-04-15T17:48:46.988-0900][gc,heap     ] GC(1) Old regions: 0->7
[2021-04-15T17:48:46.988-0900][gc,heap     ] GC(1) Archive regions: 2->2
[2021-04-15T17:48:46.988-0900][gc,heap     ] GC(1) Humongous regions: 0->0
[2021-04-15T17:48:46.988-0900][gc,metaspace] GC(1) Metaspace: 20541K(21248K)->20541K(21248K) NonClass: 17807K(18432K)->17807K(18432K) Class: 2733K(2816K)->2733K(2816K)
[2021-04-15T17:48:46.988-0900][gc          ] GC(1) Pause Young (Concurrent Start) (Metadata GC Threshold) 11M->8M(1024M) 7.427ms
[2021-04-15T17:48:46.988-0900][gc,cpu      ] GC(1) User=0.02s Sys=0.01s Real=0.00s
[2021-04-15T17:48:46.988-0900][gc          ] GC(2) Concurrent Cycle
[2021-04-15T17:48:46.989-0900][gc,marking  ] GC(2) Concurrent Clear Claimed Marks
[2021-04-15T17:48:46.989-0900][gc,marking  ] GC(2) Concurrent Clear Claimed Marks 0.015ms
[2021-04-15T17:48:46.989-0900][gc,marking  ] GC(2) Concurrent Scan Root Regions
[2021-04-15T17:48:46.991-0900][gc,marking  ] GC(2) Concurrent Scan Root Regions 2.397ms
[2021-04-15T17:48:46.991-0900][gc,marking  ] GC(2) Concurrent Mark (1.814s)
[2021-04-15T17:48:46.991-0900][gc,marking  ] GC(2) Concurrent Mark From Roots
[2021-04-15T17:48:46.991-0900][gc,task     ] GC(2) Using 2 workers of 2 for marking
[2021-04-15T17:48:46.994-0900][gc,marking  ] GC(2) Concurrent Mark From Roots 2.636ms
[2021-04-15T17:48:46.995-0900][gc,marking  ] GC(2) Concurrent Preclean
[2021-04-15T17:48:46.995-0900][gc,marking  ] GC(2) Concurrent Preclean 0.456ms
[2021-04-15T17:48:46.995-0900][gc,marking  ] GC(2) Concurrent Mark (1.814s, 1.819s) 4.264ms
[2021-04-15T17:48:46.996-0900][gc,start    ] GC(2) Pause Remark
[2021-04-15T17:48:47.000-0900][gc          ] GC(2) Pause Remark 8M->8M(1024M) 4.737ms
[2021-04-15T17:48:47.000-0900][gc,cpu      ] GC(2) User=0.01s Sys=0.00s Real=0.01s
[2021-04-15T17:48:47.001-0900][gc,marking  ] GC(2) Concurrent Rebuild Remembered Sets
[2021-04-15T17:48:47.005-0900][gc,marking  ] GC(2) Concurrent Rebuild Remembered Sets 3.736ms
[2021-04-15T17:48:47.006-0900][gc,start    ] GC(2) Pause Cleanup
[2021-04-15T17:48:47.006-0900][gc          ] GC(2) Pause Cleanup 8M->8M(1024M) 0.080ms
[2021-04-15T17:48:47.006-0900][gc,cpu      ] GC(2) User=0.00s Sys=0.00s Real=0.00s
[2021-04-15T17:48:47.006-0900][gc,marking  ] GC(2) Concurrent Cleanup for Next Mark
[2021-04-15T17:48:47.009-0900][gc,marking  ] GC(2) Concurrent Cleanup for Next Mark 3.143ms
[2021-04-15T17:48:47.009-0900][gc          ] GC(2) Concurrent Cycle 20.394ms
[2021-04-15T17:48:48.405-0900][gc,start    ] GC(3) Pause Young (Normal) (G1 Evacuation Pause)
[2021-04-15T17:48:48.405-0900][gc,task     ] GC(3) Using 8 workers of 8 for evacuation
[2021-04-15T17:48:48.409-0900][gc,phases   ] GC(3)   Pre Evacuate Collection Set: 0.1ms
[2021-04-15T17:48:48.409-0900][gc,phases   ] GC(3)   Merge Heap Roots: 0.0ms
[2021-04-15T17:48:48.409-0900][gc,phases   ] GC(3)   Evacuate Collection Set: 2.6ms
[2021-04-15T17:48:48.409-0900][gc,phases   ] GC(3)   Post Evacuate Collection Set: 0.4ms
[2021-04-15T17:48:48.409-0900][gc,phases   ] GC(3)   Other: 0.1ms
[2021-04-15T17:48:48.409-0900][gc,heap     ] GC(3) Eden regions: 50->0(46)
[2021-04-15T17:48:48.409-0900][gc,heap     ] GC(3) Survivor regions: 1->5(7)
[2021-04-15T17:48:48.409-0900][gc,heap     ] GC(3) Old regions: 7->7
[2021-04-15T17:48:48.409-0900][gc,heap     ] GC(3) Archive regions: 2->2
[2021-04-15T17:48:48.409-0900][gc,heap     ] GC(3) Humongous regions: 129->129
[2021-04-15T17:48:48.409-0900][gc,metaspace] GC(3) Metaspace: 30066K(30976K)->30066K(30976K) NonClass: 26429K(27136K)->26429K(27136K) Class: 3637K(3840K)->3637K(3840K)
[2021-04-15T17:48:48.409-0900][gc          ] GC(3) Pause Young (Normal) (G1 Evacuation Pause) 187M->140M(1024M) 3.274ms
[2021-04-15T17:48:48.409-0900][gc,cpu      ] GC(3) User=0.01s Sys=0.01s Real=0.00s
[2021-04-15T17:48:48.873-0900][gc,start    ] GC(4) Pause Young (Concurrent Start) (Metadata GC Threshold)
[2021-04-15T17:48:48.873-0900][gc,task     ] GC(4) Using 8 workers of 8 for evacuation
[2021-04-15T17:48:48.878-0900][gc,phases   ] GC(4)   Pre Evacuate Collection Set: 0.2ms
[2021-04-15T17:48:48.878-0900][gc,phases   ] GC(4)   Merge Heap Roots: 0.1ms
[2021-04-15T17:48:48.878-0900][gc,phases   ] GC(4)   Evacuate Collection Set: 3.9ms
[2021-04-15T17:48:48.878-0900][gc,phases   ] GC(4)   Post Evacuate Collection Set: 0.2ms
[2021-04-15T17:48:48.878-0900][gc,phases   ] GC(4)   Other: 0.2ms
[2021-04-15T17:48:48.878-0900][gc,heap     ] GC(4) Eden regions: 18->0(49)
[2021-04-15T17:48:48.878-0900][gc,heap     ] GC(4) Survivor regions: 5->2(7)
[2021-04-15T17:48:48.878-0900][gc,heap     ] GC(4) Old regions: 7->11
[2021-04-15T17:48:48.878-0900][gc,heap     ] GC(4) Archive regions: 2->2
[2021-04-15T17:48:48.878-0900][gc,heap     ] GC(4) Humongous regions: 129->129
[2021-04-15T17:48:48.878-0900][gc,metaspace] GC(4) Metaspace: 34548K(35584K)->34548K(35584K) NonClass: 30543K(31488K)->30543K(31488K) Class: 4005K(4096K)->4005K(4096K)
[2021-04-15T17:48:48.878-0900][gc          ] GC(4) Pause Young (Concurrent Start) (Metadata GC Threshold) 158M->142M(1024M) 4.618ms
[2021-04-15T17:48:48.878-0900][gc,cpu      ] GC(4) User=0.01s Sys=0.00s Real=0.00s
[2021-04-15T17:48:48.878-0900][gc          ] GC(5) Concurrent Cycle
[2021-04-15T17:48:48.878-0900][gc,marking  ] GC(5) Concurrent Clear Claimed Marks
[2021-04-15T17:48:48.878-0900][gc,marking  ] GC(5) Concurrent Clear Claimed Marks 0.019ms
[2021-04-15T17:48:48.878-0900][gc,marking  ] GC(5) Concurrent Scan Root Regions
[2021-04-15T17:48:48.879-0900][gc,marking  ] GC(5) Concurrent Scan Root Regions 1.603ms
[2021-04-15T17:48:48.879-0900][gc,marking  ] GC(5) Concurrent Mark (3.703s)
[2021-04-15T17:48:48.880-0900][gc,marking  ] GC(5) Concurrent Mark From Roots
[2021-04-15T17:48:48.880-0900][gc,task     ] GC(5) Using 2 workers of 2 for marking
[2021-04-15T17:48:48.890-0900][gc,marking  ] GC(5) Concurrent Mark From Roots 10.693ms
[2021-04-15T17:48:48.890-0900][gc,marking  ] GC(5) Concurrent Preclean
[2021-04-15T17:48:48.890-0900][gc,marking  ] GC(5) Concurrent Preclean 0.042ms
[2021-04-15T17:48:48.890-0900][gc,marking  ] GC(5) Concurrent Mark (3.703s, 3.714s) 10.783ms
[2021-04-15T17:48:48.891-0900][gc,start    ] GC(5) Pause Remark
[2021-04-15T17:48:48.902-0900][gc          ] GC(5) Pause Remark 143M->143M(1024M) 11.134ms
[2021-04-15T17:48:48.902-0900][gc,cpu      ] GC(5) User=0.01s Sys=0.01s Real=0.01s
[2021-04-15T17:48:48.902-0900][gc,marking  ] GC(5) Concurrent Rebuild Remembered Sets
[2021-04-15T17:48:48.910-0900][gc,marking  ] GC(5) Concurrent Rebuild Remembered Sets 7.535ms
[2021-04-15T17:48:48.910-0900][gc,start    ] GC(5) Pause Cleanup
[2021-04-15T17:48:48.910-0900][gc          ] GC(5) Pause Cleanup 143M->143M(1024M) 0.109ms
[2021-04-15T17:48:48.910-0900][gc,cpu      ] GC(5) User=0.00s Sys=0.00s Real=0.00s
[2021-04-15T17:48:48.910-0900][gc,marking  ] GC(5) Concurrent Cleanup for Next Mark
[2021-04-15T17:48:48.917-0900][gc,marking  ] GC(5) Concurrent Cleanup for Next Mark 7.062ms
[2021-04-15T17:48:48.917-0900][gc          ] GC(5) Concurrent Cycle 39.559ms
[2021-04-15T17:49:20.150-0900][gc,start    ] GC(6) Pause Young (Normal) (G1 Evacuation Pause)
[2021-04-15T17:49:20.150-0900][gc,task     ] GC(6) Using 8 workers of 8 for evacuation
[2021-04-15T17:49:20.157-0900][gc,phases   ] GC(6)   Pre Evacuate Collection Set: 0.2ms
[2021-04-15T17:49:20.157-0900][gc,phases   ] GC(6)   Merge Heap Roots: 0.1ms
[2021-04-15T17:49:20.157-0900][gc,phases   ] GC(6)   Evacuate Collection Set: 6.2ms
[2021-04-15T17:49:20.157-0900][gc,phases   ] GC(6)   Post Evacuate Collection Set: 0.9ms
[2021-04-15T17:49:20.158-0900][gc,phases   ] GC(6)   Other: 0.4ms
[2021-04-15T17:49:20.158-0900][gc,heap     ] GC(6) Eden regions: 49->0(47)
[2021-04-15T17:49:20.158-0900][gc,heap     ] GC(6) Survivor regions: 2->4(7)
[2021-04-15T17:49:20.158-0900][gc,heap     ] GC(6) Old regions: 11->11
[2021-04-15T17:49:20.158-0900][gc,heap     ] GC(6) Archive regions: 2->2
[2021-04-15T17:49:20.158-0900][gc,heap     ] GC(6) Humongous regions: 201->129
[2021-04-15T17:49:20.158-0900][gc,metaspace] GC(6) Metaspace: 40806K(41856K)->40806K(41856K) NonClass: 35819K(36608K)->35819K(36608K) Class: 4987K(5248K)->4987K(5248K)
[2021-04-15T17:49:20.158-0900][gc          ] GC(6) Pause Young (Normal) (G1 Evacuation Pause) 263M->144M(1024M) 7.885ms
[2021-04-15T17:49:20.158-0900][gc,cpu      ] GC(6) User=0.03s Sys=0.01s Real=0.00s
[2021-04-15T17:49:20.184-0900][gc,heap,exit] Heap
[2021-04-15T17:49:20.184-0900][gc,heap,exit]  garbage-first heap   total 1048576K, used 148838K [0x00000007c0000000, 0x0000000800000000)
[2021-04-15T17:49:20.184-0900][gc,heap,exit]   region size 1024K, 6 young (6144K), 4 survivors (4096K)
[2021-04-15T17:49:20.184-0900][gc,heap,exit]  Metaspace       used 40834K, capacity 41385K, committed 41856K, reserved 1085440K
[2021-04-15T17:49:20.184-0900][gc,heap,exit]   class space    used 4994K, capacity 5179K, committed 5248K, reserved 1048576K
