[2021-04-15T19:55:48.449-0900][gc] Using G1
[2021-04-15T19:55:48.451-0900][gc,init] Version: 15.0.2+7-27 (release)
[2021-04-15T19:55:48.451-0900][gc,init] CPUs: 8 total, 8 available
[2021-04-15T19:55:48.451-0900][gc,init] Memory: 8192M
[2021-04-15T19:55:48.451-0900][gc,init] Large Page Support: Disabled
[2021-04-15T19:55:48.451-0900][gc,init] NUMA Support: Disabled
[2021-04-15T19:55:48.451-0900][gc,init] Compressed Oops: Enabled (Zero based)
[2021-04-15T19:55:48.451-0900][gc,init] Heap Region Size: 1M
[2021-04-15T19:55:48.451-0900][gc,init] Heap Min Capacity: 512M
[2021-04-15T19:55:48.451-0900][gc,init] Heap Initial Capacity: 512M
[2021-04-15T19:55:48.451-0900][gc,init] Heap Max Capacity: 512M
[2021-04-15T19:55:48.451-0900][gc,init] Pre-touch: Disabled
[2021-04-15T19:55:48.451-0900][gc,init] Parallel Workers: 8
[2021-04-15T19:55:48.451-0900][gc,init] Concurrent Workers: 2
[2021-04-15T19:55:48.451-0900][gc,init] Concurrent Refinement Workers: 8
[2021-04-15T19:55:48.451-0900][gc,init] Periodic GC: Disabled
[2021-04-15T19:55:48.452-0900][gc,cds ] Mark closed archive regions in map: [0x00000007fff00000, 0x00000007fff78ff8]
[2021-04-15T19:55:48.452-0900][gc,cds ] Mark open archive regions in map: [0x00000007ffe00000, 0x00000007ffe50ff8]
[2021-04-15T19:55:48.452-0900][gc,metaspace] CDS archive(s) mapped at: [0x0000000800000000-0x0000000800b2d000-0x0000000800b2d000), size 11718656, SharedBaseAddress: 0x0000000800000000, ArchiveRelocationMode: 0.
[2021-04-15T19:55:48.452-0900][gc,metaspace] Compressed class space mapped at: 0x0000000800b30000-0x0000000840b30000, size: 1073741824
[2021-04-15T19:55:48.452-0900][gc,metaspace] Narrow klass base: 0x0000000800000000, Narrow klass shift: 3, Narrow klass range: 0x100000000
[2021-04-15T20:39:53.270-0900][gc,heap,exit] Heap
[2021-04-15T20:39:53.270-0900][gc,heap,exit]  garbage-first heap   total 524288K, used 20264K [0x00000007e0000000, 0x0000000800000000)
[2021-04-15T20:39:53.270-0900][gc,heap,exit]   region size 1024K, 20 young (20480K), 0 survivors (0K)
[2021-04-15T20:39:53.270-0900][gc,heap,exit]  Metaspace       used 7104K, capacity 7341K, committed 7552K, reserved 1056768K
[2021-04-15T20:39:53.270-0900][gc,heap,exit]   class space    used 801K, capacity 862K, committed 896K, reserved 1048576K
