[2021-04-19T13:18:01.925-0900][gc] Using G1
[2021-04-19T13:18:01.928-0900][gc,init] Version: 15.0.2+7-27 (release)
[2021-04-19T13:18:01.928-0900][gc,init] CPUs: 8 total, 8 available
[2021-04-19T13:18:01.928-0900][gc,init] Memory: 8192M
[2021-04-19T13:18:01.928-0900][gc,init] Large Page Support: Disabled
[2021-04-19T13:18:01.928-0900][gc,init] NUMA Support: Disabled
[2021-04-19T13:18:01.928-0900][gc,init] Compressed Oops: Enabled (Zero based)
[2021-04-19T13:18:01.928-0900][gc,init] Heap Region Size: 1M
[2021-04-19T13:18:01.928-0900][gc,init] Heap Min Capacity: 512M
[2021-04-19T13:18:01.928-0900][gc,init] Heap Initial Capacity: 512M
[2021-04-19T13:18:01.928-0900][gc,init] Heap Max Capacity: 512M
[2021-04-19T13:18:01.928-0900][gc,init] Pre-touch: Disabled
[2021-04-19T13:18:01.928-0900][gc,init] Parallel Workers: 8
[2021-04-19T13:18:01.928-0900][gc,init] Concurrent Workers: 2
[2021-04-19T13:18:01.928-0900][gc,init] Concurrent Refinement Workers: 8
[2021-04-19T13:18:01.928-0900][gc,init] Periodic GC: Disabled
[2021-04-19T13:18:01.928-0900][gc,cds ] Mark closed archive regions in map: [0x00000007fff00000, 0x00000007fff78ff8]
[2021-04-19T13:18:01.928-0900][gc,cds ] Mark open archive regions in map: [0x00000007ffe00000, 0x00000007ffe50ff8]
[2021-04-19T13:18:01.928-0900][gc,metaspace] CDS archive(s) mapped at: [0x0000000800000000-0x0000000800b2d000-0x0000000800b2d000), size 11718656, SharedBaseAddress: 0x0000000800000000, ArchiveRelocationMode: 0.
[2021-04-19T13:18:01.928-0900][gc,metaspace] Compressed class space mapped at: 0x0000000800b30000-0x0000000840b30000, size: 1073741824
[2021-04-19T13:18:01.928-0900][gc,metaspace] Narrow klass base: 0x0000000800000000, Narrow klass shift: 3, Narrow klass range: 0x100000000
[2021-04-19T13:18:10.414-0900][gc,start    ] GC(0) Pause Young (Normal) (G1 Evacuation Pause)
[2021-04-19T13:18:10.415-0900][gc,task     ] GC(0) Using 8 workers of 8 for evacuation
[2021-04-19T13:18:10.428-0900][gc,phases   ] GC(0)   Pre Evacuate Collection Set: 0.2ms
[2021-04-19T13:18:10.428-0900][gc,phases   ] GC(0)   Merge Heap Roots: 0.3ms
[2021-04-19T13:18:10.428-0900][gc,phases   ] GC(0)   Evacuate Collection Set: 11.5ms
[2021-04-19T13:18:10.428-0900][gc,phases   ] GC(0)   Post Evacuate Collection Set: 0.5ms
[2021-04-19T13:18:10.428-0900][gc,phases   ] GC(0)   Other: 1.2ms
[2021-04-19T13:18:10.428-0900][gc,heap     ] GC(0) Eden regions: 25->0(21)
[2021-04-19T13:18:10.428-0900][gc,heap     ] GC(0) Survivor regions: 0->4(4)
[2021-04-19T13:18:10.428-0900][gc,heap     ] GC(0) Old regions: 0->2
[2021-04-19T13:18:10.428-0900][gc,heap     ] GC(0) Archive regions: 2->2
[2021-04-19T13:18:10.428-0900][gc,heap     ] GC(0) Humongous regions: 0->0
[2021-04-19T13:18:10.428-0900][gc,metaspace] GC(0) Metaspace: 7533K(7808K)->7533K(7808K) NonClass: 6689K(6912K)->6689K(6912K) Class: 844K(896K)->844K(896K)
[2021-04-19T13:18:10.428-0900][gc          ] GC(0) Pause Young (Normal) (G1 Evacuation Pause) 25M->6M(512M) 13.800ms
[2021-04-19T13:18:10.428-0900][gc,cpu      ] GC(0) User=0.03s Sys=0.01s Real=0.01s
[2021-04-19T16:40:09.734-0900][gc,heap,exit] Heap
[2021-04-19T16:40:09.735-0900][gc,heap,exit]  garbage-first heap   total 524288K, used 17786K [0x00000007e0000000, 0x0000000800000000)
[2021-04-19T16:40:09.735-0900][gc,heap,exit]   region size 1024K, 16 young (16384K), 4 survivors (4096K)
[2021-04-19T16:40:09.735-0900][gc,heap,exit]  Metaspace       used 8108K, capacity 8333K, committed 8576K, reserved 1056768K
[2021-04-19T16:40:09.735-0900][gc,heap,exit]   class space    used 859K, capacity 894K, committed 896K, reserved 1048576K
